*** Using Compiler 'V6.24', folder: 'F:\Keil_v5\ARM\ARMCLANG\Bin'
Build target 'ROBOCUP'
assembling startup_stm32g474xx.s...
compiling stm32g4xx_ll_adc.c...
compiling dma.c...
compiling fdcan.c...
compiling usart.c...
compiling tim.c...
compiling spi.c...
compiling main.c...
compiling stm32g4xx_hal_exti.c...
compiling stm32g4xx_hal.c...
compiling stm32g4xx_hal_msp.c...
compiling stm32g4xx_hal_gpio.c...
compiling adc.c...
compiling gpio.c...
compiling stm32g4xx_hal_flash.c...
compiling stm32g4xx_hal_flash_ramfunc.c...
compiling stm32g4xx_it.c...
compiling foc_control.c...
compiling stm32g4xx_hal_rcc.c...
compiling stm32g4xx_hal_flash_ex.c...
compiling stm32g4xx_hal_rcc_ex.c...
compiling stm32g4xx_hal_adc_ex.c...
compiling stm32g4xx_hal_dma.c...
compiling stm32g4xx_hal_adc.c...
compiling stm32g4xx_hal_dma_ex.c...
compiling stm32g4xx_hal_pwr.c...
compiling stm32g4xx_hal_spi_ex.c...
compiling system_stm32g4xx.c...
compiling stm32g4xx_hal_pwr_ex.c...
compiling stm32g4xx_hal_cortex.c...
compiling stm32g4xx_hal_uart_ex.c...
compiling stm32g4xx_hal_fdcan.c...
compiling stm32g4xx_hal_tim_ex.c...
compiling stm32g4xx_hal_spi.c...
compiling stm32g4xx_hal_uart.c...
compiling stm32g4xx_hal_tim.c...
linking...
Program Size: Code=25098 RO-data=586 RW-data=16 ZI-data=2888  
FromELF: creating hex file...
"ROBOCUP\ROBOCUP.axf" - 0 Error(s), 0 Warning(s).
Build Time Elapsed:  00:00:03
