Component: ARM Compiler 5.05 update 1 (build 106) Tool: armlink [4d0efa]

==============================================================================

Section Cross References

    startup_stm32g474xx.o(STACK) refers (Special) to heapauxi.o(.text) for __use_two_region_memory
    startup_stm32g474xx.o(HEAP) refers (Special) to heapauxi.o(.text) for __use_two_region_memory
    startup_stm32g474xx.o(RESET) refers (Special) to heapauxi.o(.text) for __use_two_region_memory
    startup_stm32g474xx.o(RESET) refers to startup_stm32g474xx.o(STACK) for __initial_sp
    startup_stm32g474xx.o(RESET) refers to startup_stm32g474xx.o(.text) for Reset_Handler
    startup_stm32g474xx.o(RESET) refers to stm32g4xx_it_debug0.o(.text) for NMI_Handler
    startup_stm32g474xx.o(.text) refers (Special) to heapauxi.o(.text) for __use_two_region_memory
    startup_stm32g474xx.o(.text) refers to system_stm32g4xx.o(i.SystemInit) for SystemInit
    startup_stm32g474xx.o(.text) refers to __main.o(!!!main) for __main
    startup_stm32g474xx.o(.text) refers to startup_stm32g474xx.o(HEAP) for Heap_Mem
    startup_stm32g474xx.o(.text) refers to startup_stm32g474xx.o(STACK) for Stack_Mem
    main_debug0.o(.text) refers to rt_memclr_w.o(.text) for __aeabi_memclr4
    main_debug0.o(.text) refers to stm32g4xx_hal_pwr_ex.o(i.HAL_PWREx_ControlVoltageScaling) for HAL_PWREx_ControlVoltageScaling
    main_debug0.o(.text) refers to stm32g4xx_hal_rcc.o(i.HAL_RCC_OscConfig) for HAL_RCC_OscConfig
    main_debug0.o(.text) refers to stm32g4xx_hal_rcc.o(i.HAL_RCC_ClockConfig) for HAL_RCC_ClockConfig
    main_debug0.o(.text) refers to stm32g4xx_hal.o(i.HAL_Init) for HAL_Init
    main_debug0.o(.text) refers to gpio_debug0.o(.text) for MX_GPIO_Init
    main_debug0.o(.text) refers to dma.o(i.MX_DMA_Init) for MX_DMA_Init
    main_debug0.o(.text) refers to adc_debug0.o(.text) for MX_ADC1_Init
    main_debug0.o(.text) refers to fdcan.o(i.MX_FDCAN1_Init) for MX_FDCAN1_Init
    main_debug0.o(.text) refers to spi_debug0.o(.text) for MX_SPI1_Init
    main_debug0.o(.text) refers to tim_debug0.o(.text) for MX_TIM1_Init
    main_debug0.o(.text) refers to usart.o(i.MX_USART1_UART_Init) for MX_USART1_UART_Init
    main_debug0.o(.text) refers to foc_can.o(i.FOC_Can_Init) for FOC_Can_Init
    main_debug0.o(.text) refers to foc_control_debug0.o(.text) for FOC_Init
    main_debug0.o(.text) refers to stm32g4xx_hal.o(i.HAL_GetTick) for HAL_GetTick
    main_debug0.o(.text) refers to foc_can.o(i.FOC_Can_SendTelemetry) for FOC_Can_SendTelemetry
    main_debug0.o(.text) refers to foc_spi2_link.o(i.FOC_Spi2_Exchange) for FOC_Spi2_Exchange
    main_debug0.o(.text) refers to stm32g4xx_hal.o(i.HAL_Delay) for HAL_Delay
    foc_control_debug0.o(.text) refers to stm32g4xx_hal_gpio.o(i.HAL_GPIO_WritePin) for HAL_GPIO_WritePin
    foc_control_debug0.o(.text) refers to stm32g4xx_hal_spi.o(i.HAL_SPI_TransmitReceive) for HAL_SPI_TransmitReceive
    foc_control_debug0.o(.text) refers to stm32g4xx_hal_spi.o(i.HAL_SPI_TransmitReceive_DMA) for HAL_SPI_TransmitReceive_DMA
    foc_control_debug0.o(.text) refers to stm32g4xx_hal.o(i.HAL_GetTick) for HAL_GetTick
    foc_control_debug0.o(.text) refers to stm32g4xx_hal_tim.o(i.HAL_TIM_PWM_Start) for HAL_TIM_PWM_Start
    foc_control_debug0.o(.text) refers to main_debug0.o(.text) for Error_Handler
    foc_control_debug0.o(.text) refers to stm32g4xx_hal_adc_ex.o(i.HAL_ADCEx_Calibration_Start) for HAL_ADCEx_Calibration_Start
    foc_control_debug0.o(.text) refers to stm32g4xx_hal_adc_ex.o(i.HAL_ADCEx_InjectedStart_IT) for HAL_ADCEx_InjectedStart_IT
    foc_control_debug0.o(.text) refers to stm32g4xx_hal_tim.o(i.HAL_TIM_Base_Start_IT) for HAL_TIM_Base_Start_IT
    foc_control_debug0.o(.text) refers to foc_control_debug0.o(.data) for .data
    foc_control_debug0.o(.text) refers to spi_debug0.o(.bss) for hspi3
    foc_control_debug0.o(.text) refers to tim_debug0.o(.bss) for htim1
    foc_control_debug0.o(.text) refers to adc_debug0.o(.bss) for hadc1
    foc_control_debug0.o(.text) refers to cosf.o(i.__hardfp_cosf) for __hardfp_cosf
    foc_control_debug0.o(.text) refers to sinf.o(i.__hardfp_sinf) for __hardfp_sinf
    foc_control_debug0.o(.text) refers to stm32g4xx_hal.o(i.HAL_Delay) for HAL_Delay
    foc_can.o(i.FOC_Can_Init) refers to rt_memclr_w.o(.text) for __aeabi_memclr4
    foc_can.o(i.FOC_Can_Init) refers to stm32g4xx_hal_fdcan.o(i.HAL_FDCAN_ConfigFilter) for HAL_FDCAN_ConfigFilter
    foc_can.o(i.FOC_Can_Init) refers to stm32g4xx_hal_fdcan.o(i.HAL_FDCAN_ConfigGlobalFilter) for HAL_FDCAN_ConfigGlobalFilter
    foc_can.o(i.FOC_Can_Init) refers to stm32g4xx_hal_fdcan.o(i.HAL_FDCAN_ActivateNotification) for HAL_FDCAN_ActivateNotification
    foc_can.o(i.FOC_Can_Init) refers to stm32g4xx_hal_fdcan.o(i.HAL_FDCAN_Start) for HAL_FDCAN_Start
    foc_can.o(i.FOC_Can_Init) refers to fdcan.o(.bss) for hfdcan1
    foc_can.o(i.FOC_Can_SendTelemetry) refers to rt_memclr_w.o(.text) for __aeabi_memclr4
[...]
    i.TIM_ITRx_SetConfig                     0x08006214   Section        0  stm32g4xx_hal_tim.o(i.TIM_ITRx_SetConfig)
    TIM_ITRx_SetConfig                       0x08006215   Thumb Code    16  stm32g4xx_hal_tim.o(i.TIM_ITRx_SetConfig)
    i.TIM_OC1_SetConfig                      0x08006228   Section        0  stm32g4xx_hal_tim.o(i.TIM_OC1_SetConfig)
    TIM_OC1_SetConfig                        0x08006229   Thumb Code   152  stm32g4xx_hal_tim.o(i.TIM_OC1_SetConfig)
    i.TIM_OC2_SetConfig                      0x080062dc   Section        0  stm32g4xx_hal_tim.o(i.TIM_OC2_SetConfig)
    i.TIM_OC3_SetConfig                      0x08006384   Section        0  stm32g4xx_hal_tim.o(i.TIM_OC3_SetConfig)
    TIM_OC3_SetConfig                        0x08006385   Thumb Code   138  stm32g4xx_hal_tim.o(i.TIM_OC3_SetConfig)
    i.TIM_OC4_SetConfig                      0x0800642c   Section        0  stm32g4xx_hal_tim.o(i.TIM_OC4_SetConfig)
    TIM_OC4_SetConfig                        0x0800642d   Thumb Code   140  stm32g4xx_hal_tim.o(i.TIM_OC4_SetConfig)
    i.TIM_OC5_SetConfig                      0x080064d4   Section        0  stm32g4xx_hal_tim.o(i.TIM_OC5_SetConfig)
    TIM_OC5_SetConfig                        0x080064d5   Thumb Code    92  stm32g4xx_hal_tim.o(i.TIM_OC5_SetConfig)
    i.TIM_OC6_SetConfig                      0x0800654c   Section        0  stm32g4xx_hal_tim.o(i.TIM_OC6_SetConfig)
    TIM_OC6_SetConfig                        0x0800654d   Thumb Code    94  stm32g4xx_hal_tim.o(i.TIM_OC6_SetConfig)
    i.TIM_TI1_ConfigInputStage               0x080065c8   Section        0  stm32g4xx_hal_tim.o(i.TIM_TI1_ConfigInputStage)
    TIM_TI1_ConfigInputStage                 0x080065c9   Thumb Code    78  stm32g4xx_hal_tim.o(i.TIM_TI1_ConfigInputStage)
    i.TIM_TI2_ConfigInputStage               0x08006630   Section        0  stm32g4xx_hal_tim.o(i.TIM_TI2_ConfigInputStage)
    TIM_TI2_ConfigInputStage                 0x08006631   Thumb Code    62  stm32g4xx_hal_tim.o(i.TIM_TI2_ConfigInputStage)
    i.UARTEx_SetNbDataToProcess              0x0800667c   Section        0  stm32g4xx_hal_uart_ex.o(i.UARTEx_SetNbDataToProcess)
    UARTEx_SetNbDataToProcess                0x0800667d   Thumb Code    62  stm32g4xx_hal_uart_ex.o(i.UARTEx_SetNbDataToProcess)
    i.UART_AdvFeatureConfig                  0x080066c0   Section        0  stm32g4xx_hal_uart.o(i.UART_AdvFeatureConfig)
    i.UART_CheckIdleState                    0x08006788   Section        0  stm32g4xx_hal_uart.o(i.UART_CheckIdleState)
    i.UART_DMAAbortOnError                   0x08006834   Section        0  stm32g4xx_hal_uart.o(i.UART_DMAAbortOnError)
    UART_DMAAbortOnError                     0x08006835   Thumb Code    10  stm32g4xx_hal_uart.o(i.UART_DMAAbortOnError)
    i.UART_EndRxTransfer                     0x08006840   Section        0  stm32g4xx_hal_uart.o(i.UART_EndRxTransfer)
    UART_EndRxTransfer                       0x08006841   Thumb Code    78  stm32g4xx_hal_uart.o(i.UART_EndRxTransfer)
    i.UART_SetConfig                         0x08006894   Section        0  stm32g4xx_hal_uart.o(i.UART_SetConfig)
    i.UART_WaitOnFlagUntilTimeout            0x08006b2c   Section        0  stm32g4xx_hal_uart.o(i.UART_WaitOnFlagUntilTimeout)
    i.__ARM_fpclassifyf                      0x08006bc0   Section        0  fpclassifyf.o(i.__ARM_fpclassifyf)
    i.__NVIC_SetPriority                     0x08006be6   Section        0  stm32g4xx_hal_cortex.o(i.__NVIC_SetPriority)
    __NVIC_SetPriority                       0x08006be7   Thumb Code    32  stm32g4xx_hal_cortex.o(i.__NVIC_SetPriority)
    i.__hardfp_cosf                          0x08006c08   Section        0  cosf.o(i.__hardfp_cosf)
    i.__hardfp_fmodf                         0x08006d58   Section        0  fmodf.o(i.__hardfp_fmodf)
    i.__hardfp_sinf                          0x08006e08   Section        0  sinf.o(i.__hardfp_sinf)
    i.__mathlib_flt_infnan                   0x08006f98   Section        0  funder.o(i.__mathlib_flt_infnan)
    i.__mathlib_flt_invalid                  0x08006fa0   Section        0  funder.o(i.__mathlib_flt_invalid)
    i.__mathlib_flt_underflow                0x08006fb0   Section        0  funder.o(i.__mathlib_flt_underflow)
    i.__mathlib_rredf2                       0x08006fc0   Section        0  rredf.o(i.__mathlib_rredf2)
    i.float_to_i16                           0x08007114   Section        0  foc_spi2_link.o(i.float_to_i16)
    float_to_i16                             0x08007115   Thumb Code    46  foc_spi2_link.o(i.float_to_i16)
    i.foc_can_write_i16                      0x0800714c   Section        0  foc_can.o(i.foc_can_write_i16)
    foc_can_write_i16                        0x0800714d   Thumb Code     8  foc_can.o(i.foc_can_write_i16)
    i.frame_crc                              0x08007154   Section        0  foc_spi2_link.o(i.frame_crc)
    frame_crc                                0x08007155   Thumb Code    22  foc_spi2_link.o(i.frame_crc)
    i.prepare_telemetry_frame                0x0800716c   Section        0  foc_spi2_link.o(i.prepare_telemetry_frame)
    prepare_telemetry_frame                  0x0800716d   Thumb Code   128  foc_spi2_link.o(i.prepare_telemetry_frame)
    x$fpl$fnaninf                            0x08007200   Section      140  fnaninf.o(x$fpl$fnaninf)
    $v0                                      0x08007200   Number         0  fnaninf.o(x$fpl$fnaninf)
    x$fpl$fpinit                             0x0800728c   Section       10  fpinit.o(x$fpl$fpinit)
    $v0                                      0x0800728c   Number         0  fpinit.o(x$fpl$fpinit)
    x$fpl$frem                               0x08007298   Section      244  frem_clz.o(x$fpl$frem)
    $v0                                      0x08007298   Number         0  frem_clz.o(x$fpl$frem)
    .constdata                               0x0800738c   Section       16  stm32g4xx_hal_fdcan.o(.constdata)
    x$fpl$usenofp                            0x0800738c   Section        0  usenofp.o(x$fpl$usenofp)
    DLCtoBytes                               0x0800738c   Data          16  stm32g4xx_hal_fdcan.o(.constdata)
    .constdata                               0x0800739c   Section       24  stm32g4xx_hal_uart.o(.constdata)
    .constdata                               0x080073b4   Section       16  stm32g4xx_hal_uart_ex.o(.constdata)
    numerator                                0x080073b4   Data           8  stm32g4xx_hal_uart_ex.o(.constdata)
    denominator                              0x080073bc   Data           8  stm32g4xx_hal_uart_ex.o(.constdata)
    .constdata                               0x080073c4   Section       16  system_stm32g4xx.o(.constdata)
    .constdata                               0x080073d4   Section        8  system_stm32g4xx.o(.constdata)
    .constdata                               0x080073dc   Section       32  rredf.o(.constdata)
    twooverpi                                0x080073dc   Data          32  rredf.o(.constdata)
    .data                                    0x20000000   Section      172  foc_control_debug0.o(.data)
    enc_high                                 0x20000000   Data           1  foc_control_debug0.o(.data)
    enc_read_low                             0x20000001   Data           1  foc_control_debug0.o(.data)
    enc_initialized                          0x20000002   Data           1  foc_control_debug0.o(.data)
    enc_tx                                   0x20000003   Data           2  foc_control_debug0.o(.data)
    enc_rx                                   0x20000005   Data           2  foc_control_debug0.o(.data)
    enc_raw                                  0x20000008   Data           2  foc_control_debug0.o(.data)
    enc_status                               0x2000000c   Data           4  foc_control_debug0.o(.data)
    last                                     0x20000010   Data           4  foc_control_debug0.o(.data)
    have_last                                0x20000014   Data           4  foc_control_debug0.o(.data)
    angle                                    0x20000018   Data           4  foc_control_debug0.o(.data)
    angle_multi                              0x2000001c   Data           4  foc_control_debug0.o(.data)
    speed                                    0x20000020   Data           4  foc_control_debug0.o(.data)
    iq                                       0x20000024   Data           4  foc_control_debug0.o(.data)
    id                                       0x20000028   Data           4  foc_control_debug0.o(.data)
    iq_ref                                   0x2000002c   Data           4  foc_control_debug0.o(.data)
    enc_last_valid_ms                        0x20000030   Data           4  foc_control_debug0.o(.data)
    foc_started_ms                           0x20000034   Data           4  foc_control_debug0.o(.data)
    enc_prev                                 0x20000038   Data           4  foc_control_debug0.o(.data)
    enc_turns                                0x2000003c   Data           4  foc_control_debug0.o(.data)
    alignment_theta                          0x20000040   Data           4  foc_control_debug0.o(.data)
    offset_samples                           0x20000044   Data           4  foc_control_debug0.o(.data)
    offset_u                                 0x20000048   Data           4  foc_control_debug0.o(.data)
    offset_v                                 0x2000004c   Data           4  foc_control_debug0.o(.data)
    startup_phase_ms                         0x20000050   Data           4  foc_control_debug0.o(.data)
    alignment_start_angle                    0x20000054   Data           4  foc_control_debug0.o(.data)
    pi_q                                     0x20000058   Data          16  foc_control_debug0.o(.data)
    pi_d                                     0x20000068   Data          16  foc_control_debug0.o(.data)
    .data                                    0x200000ac   Section        8  foc_spi2_link.o(.data)
    sequence                                 0x200000ac   Data           2  foc_spi2_link.o(.data)
    rx_count                                 0x200000b0   Data           4  foc_spi2_link.o(.data)
    .data                                    0x200000b4   Section        4  adc_debug0.o(.data)
    HAL_RCC_ADC12_CLK_ENABLED                0x200000b4   Data           4  adc_debug0.o(.data)
    .data                                    0x200000b8   Section       12  stm32g4xx_hal.o(.data)
    .data                                    0x200000c4   Section        4  system_stm32g4xx.o(.data)
    .bss                                     0x200000c8   Section       32  foc_spi2_link.o(.bss)
    tx_frame                                 0x200000c8   Data          16  foc_spi2_link.o(.bss)
    rx_frame                                 0x200000d8   Data          16  foc_spi2_link.o(.bss)
    .bss                                     0x200000e8   Section      216  adc_debug0.o(.bss)
    .bss                                     0x200001c0   Section      100  fdcan.o(.bss)
    .bss                                     0x20000224   Section      492  spi_debug0.o(.bss)
    .bss                                     0x20000410   Section      152  tim_debug0.o(.bss)
    .bss                                     0x200004a8   Section      244  usart.o(.bss)
    .bss                                     0x2000059c   Section       96  libspace.o(.bss)
    HEAP                                     0x20000600   Section      512  startup_stm32g474xx.o(HEAP)
    Heap_Mem                                 0x20000600   Data         512  startup_stm32g474xx.o(HEAP)
    STACK                                    0x20000800   Section     1024  startup_stm32g474xx.o(STACK)
    Stack_Mem                                0x20000800   Data        1024  startup_stm32g474xx.o(STACK)
    __initial_sp                             0x20000c00   Data           0  startup_stm32g474xx.o(STACK)

    Global Symbols

    Symbol Name                              Value     Ov Type        Size  Object(Section)

    BuildAttributes$$THM_ISAv4$E$P$D$K$B$S$7EM$VFPi3$EXTD16$VFPS$VFMA$PE$A:L22UL41UL21$X:L11$S22US41US21$IEEE1$IW$USESV6$~STKCKD$USESV7$~SHL$OTIME$ROPI$IEEEX$EBA8$UX$STANDARDLIB$REQ8$PRES8$EABIv2 0x00000000   Number         0  anon$$obj.o ABSOLUTE
    __ARM_use_no_argv                        0x00000000   Number         0  main_debug0.o ABSOLUTE
    __ARM_exceptions_init                     - Undefined Weak Reference
    __alloca_initialize                       - Undefined Weak Reference
    __arm_preinit_                            - Undefined Weak Reference
    __cpp_initialize__aeabi_                  - Undefined Weak Reference
    __cxa_finalize                            - Undefined Weak Reference
    __rt_locale                               - Undefined Weak Reference
    __sigvec_lookup                           - Undefined Weak Reference
    _atexit_init                              - Undefined Weak Reference
    _call_atexit_fns                          - Undefined Weak Reference
    _clock_init                               - Undefined Weak Reference
    _fp_trap_init                             - Undefined Weak Reference
    _fp_trap_shutdown                         - Undefined Weak Reference
    _get_lc_collate                           - Undefined Weak Reference
    _get_lc_ctype                             - Undefined Weak Reference
    _get_lc_monetary                          - Undefined Weak Reference
    _get_lc_numeric                           - Undefined Weak Reference
    _get_lc_time                              - Undefined Weak Reference
    _getenv_init                              - Undefined Weak Reference
    _handle_redirection                       - Undefined Weak Reference
    _init_alloc                               - Undefined Weak Reference
    _init_user_alloc                          - Undefined Weak Reference
    _initio                                   - Undefined Weak Reference
    _rand_init                                - Undefined Weak Reference
    _signal_finish                            - Undefined Weak Reference
    _signal_init                              - Undefined Weak Reference
    _terminate_alloc                          - Undefined Weak Reference
    _terminate_user_alloc                     - Undefined Weak Reference
    _terminateio                              - Undefined Weak Reference
    __Vectors_Size                           0x000001d8   Number         0  startup_stm32g474xx.o ABSOLUTE
    __Vectors                                0x08000000   Data           4  startup_stm32g474xx.o(RESET)
    __Vectors_End                            0x080001d8   Data           0  startup_stm32g474xx.o(RESET)
    __main                                   0x080001d9   Thumb Code     8  __main.o(!!!main)
    __scatterload                            0x080001e1   Thumb Code     0  __scatter.o(!!!scatter)
    __scatterload_rt2                        0x080001e1   Thumb Code    44  __scatter.o(!!!scatter)
    __scatterload_rt2_thumb_only             0x080001e1   Thumb Code     0  __scatter.o(!!!scatter)
    __scatterload_null                       0x080001ef   Thumb Code     0  __scatter.o(!!!scatter)
    __scatterload_copy                       0x08000215   Thumb Code    26  __scatter_copy.o(!!handler_copy)
    __scatterload_zeroinit                   0x08000231   Thumb Code    28  __scatter_zi.o(!!handler_zi)
    __rt_lib_init                            0x0800024d   Thumb Code     0  libinit.o(.ARM.Collect$$libinit$$00000000)
    __rt_lib_init_fp_1                       0x0800024f   Thumb Code     0  libinit2.o(.ARM.Collect$$libinit$$00000001)
    __rt_lib_init_alloca_1                   0x08000253   Thumb Code     0  libinit2.o(.ARM.Collect$$libinit$$0000002E)
    __rt_lib_init_argv_1                     0x08000253   Thumb Code     0  libinit2.o(.ARM.Collect$$libinit$$0000002C)
    __rt_lib_init_atexit_1                   0x08000253   Thumb Code     0  libinit2.o(.ARM.Collect$$libinit$$0000001B)
    __rt_lib_init_clock_1                    0x08000253   Thumb Code     0  libinit2.o(.ARM.Collect$$libinit$$00000021)
    __rt_lib_init_cpp_1                      0x08000253   Thumb Code     0  libinit2.o(.ARM.Collect$$libinit$$00000032)
    __rt_lib_init_exceptions_1               0x08000253   Thumb Code     0  libinit2.o(.ARM.Collect$$libinit$$00000030)
    __rt_lib_init_fp_trap_1                  0x08000253   Thumb Code     0  libinit2.o(.ARM.Collect$$libinit$$0000001F)
    __rt_lib_init_getenv_1                   0x08000253   Thumb Code     0  libinit2.o(.ARM.Collect$$libinit$$00000023)
    __rt_lib_init_heap_1                     0x08000253   Thumb Code     0  libinit2.o(.ARM.Collect$$libinit$$0000000A)
    __rt_lib_init_lc_collate_1               0x08000253   Thumb Code     0  libinit2.o(.ARM.Collect$$libinit$$00000011)
    __rt_lib_init_lc_ctype_1                 0x08000253   Thumb Code     0  libinit2.o(.ARM.Collect$$libinit$$00000013)
    __rt_lib_init_lc_monetary_1              0x08000253   Thumb Code     0  libinit2.o(.ARM.Collect$$libinit$$00000015)
    __rt_lib_init_lc_numeric_1               0x08000253   Thumb Code     0  libinit2.o(.ARM.Collect$$libinit$$00000017)
    __rt_lib_init_lc_time_1                  0x08000253   Thumb Code     0  libinit2.o(.ARM.Collect$$libinit$$00000019)
    __rt_lib_init_preinit_1                  0x08000253   Thumb Code     0  libinit2.o(.ARM.Collect$$libinit$$00000004)
    __rt_lib_init_rand_1                     0x08000253   Thumb Code     0  libinit2.o(.ARM.Collect$$libinit$$0000000E)
    __rt_lib_init_return                     0x08000253   Thumb Code     0  libinit2.o(.ARM.Collect$$libinit$$00000033)
    __rt_lib_init_signal_1                   0x08000253   Thumb Code     0  libinit2.o(.ARM.Collect$$libinit$$0000001D)
    __rt_lib_init_stdio_1                    0x08000253   Thumb Code     0  libinit2.o(.ARM.Collect$$libinit$$00000025)
    __rt_lib_init_user_alloc_1               0x08000253   Thumb Code     0  libinit2.o(.ARM.Collect$$libinit$$0000000C)
    __rt_lib_shutdown                        0x08000255   Thumb Code     0  libshutdown.o(.ARM.Collect$$libshutdown$$00000000)
    __rt_lib_shutdown_fp_trap_1              0x08000257   Thumb Code     0  libshutdown2.o(.ARM.Collect$$libshutdown$$00000006)
    __rt_lib_shutdown_heap_1                 0x08000257   Thumb Code     0  libshutdown2.o(.ARM.Collect$$libshutdown$$0000000E)
    __rt_lib_shutdown_return                 0x08000257   Thumb Code     0  libshutdown2.o(.ARM.Collect$$libshutdown$$0000000F)
    __rt_lib_shutdown_signal_1               0x08000257   Thumb Code     0  libshutdown2.o(.ARM.Collect$$libshutdown$$00000009)
    __rt_lib_shutdown_stdio_1                0x08000257   Thumb Code     0  libshutdown2.o(.ARM.Collect$$libshutdown$$00000003)
    __rt_lib_shutdown_user_alloc_1           0x08000257   Thumb Code     0  libshutdown2.o(.ARM.Collect$$libshutdown$$0000000B)
    __rt_entry                               0x08000259   Thumb Code     0  __rtentry.o(.ARM.Collect$$rtentry$$00000000)
    __rt_entry_presh_1                       0x08000259   Thumb Code     0  __rtentry2.o(.ARM.Collect$$rtentry$$00000002)
    __rt_entry_sh                            0x08000259   Thumb Code     0  __rtentry4.o(.ARM.Collect$$rtentry$$00000004)
    __rt_entry_li                            0x0800025f   Thumb Code     0  __rtentry2.o(.ARM.Collect$$rtentry$$0000000A)
    __rt_entry_postsh_1                      0x0800025f   Thumb Code     0  __rtentry2.o(.ARM.Collect$$rtentry$$00000009)
    __rt_entry_main                          0x08000263   Thumb Code     0  __rtentry2.o(.ARM.Collect$$rtentry$$0000000D)
    __rt_entry_postli_1                      0x08000263   Thumb Code     0  __rtentry2.o(.ARM.Collect$$rtentry$$0000000C)
    __rt_exit                                0x0800026b   Thumb Code     0  rtexit.o(.ARM.Collect$$rtexit$$00000000)
    __rt_exit_ls                             0x0800026d   Thumb Code     0  rtexit2.o(.ARM.Collect$$rtexit$$00000003)
    __rt_exit_prels_1                        0x0800026d   Thumb Code     0  rtexit2.o(.ARM.Collect$$rtexit$$00000002)
    __rt_exit_exit                           0x08000271   Thumb Code     0  rtexit2.o(.ARM.Collect$$rtexit$$00000004)
    Reset_Handler                            0x08000279   Thumb Code     8  startup_stm32g474xx.o(.text)
    ADC3_IRQHandler                          0x08000293   Thumb Code     0  startup_stm32g474xx.o(.text)
    ADC4_IRQHandler                          0x08000293   Thumb Code     0  startup_stm32g474xx.o(.text)
    ADC5_IRQHandler                          0x08000293   Thumb Code     0  startup_stm32g474xx.o(.text)
    COMP1_2_3_IRQHandler                     0x08000293   Thumb Code     0  startup_stm32g474xx.o(.text)
    COMP4_5_6_IRQHandler                     0x08000293   Thumb Code     0  startup_stm32g474xx.o(.text)
    COMP7_IRQHandler                         0x08000293   Thumb Code     0  startup_stm32g474xx.o(.text)
    CORDIC_IRQHandler                        0x08000293   Thumb Code     0  startup_stm32g474xx.o(.text)
    CRS_IRQHandler                           0x08000293   Thumb Code     0  startup_stm32g474xx.o(.text)
    DMA1_Channel4_IRQHandler                 0x08000293   Thumb Code     0  startup_stm32g474xx.o(.text)
    DMA1_Channel5_IRQHandler                 0x08000293   Thumb Code     0  startup_stm32g474xx.o(.text)
    DMA1_Channel6_IRQHandler                 0x08000293   Thumb Code     0  startup_stm32g474xx.o(.text)
    DMA1_Channel7_IRQHandler                 0x08000293   Thumb Code     0  startup_stm32g474xx.o(.text)
    DMA1_Channel8_IRQHandler                 0x08000293   Thumb Code     0  startup_stm32g474xx.o(.text)
    DMA2_Channel1_IRQHandler                 0x08000293   Thumb Code     0  startup_stm32g474xx.o(.text)
    DMA2_Channel2_IRQHandler                 0x08000293   Thumb Code     0  startup_stm32g474xx.o(.text)
    DMA2_Channel3_IRQHandler                 0x08000293   Thumb Code     0  startup_stm32g474xx.o(.text)
    DMA2_Channel4_IRQHandler                 0x08000293   Thumb Code     0  startup_stm32g474xx.o(.text)
    DMA2_Channel5_IRQHandler                 0x08000293   Thumb Code     0  startup_stm32g474xx.o(.text)
    DMA2_Channel6_IRQHandler                 0x08000293   Thumb Code     0  startup_stm32g474xx.o(.text)
    DMA2_Channel7_IRQHandler                 0x08000293   Thumb Code     0  startup_stm32g474xx.o(.text)
    DMA2_Channel8_IRQHandler                 0x08000293   Thumb Code     0  startup_stm32g474xx.o(.text)
    DMAMUX_OVR_IRQHandler                    0x08000293   Thumb Code     0  startup_stm32g474xx.o(.text)
    EXTI0_IRQHandler                         0x08000293   Thumb Code     0  startup_stm32g474xx.o(.text)
    EXTI15_10_IRQHandler                     0x08000293   Thumb Code     0  startup_stm32g474xx.o(.text)
    EXTI1_IRQHandler                         0x08000293   Thumb Code     0  startup_stm32g474xx.o(.text)
    EXTI2_IRQHandler                         0x08000293   Thumb Code     0  startup_stm32g474xx.o(.text)
    EXTI3_IRQHandler                         0x08000293   Thumb Code     0  startup_stm32g474xx.o(.text)
    EXTI4_IRQHandler                         0x08000293   Thumb Code     0  startup_stm32g474xx.o(.text)
    EXTI9_5_IRQHandler                       0x08000293   Thumb Code     0  startup_stm32g474xx.o(.text)
    FDCAN2_IT0_IRQHandler                    0x08000293   Thumb Code     0  startup_stm32g474xx.o(.text)
    FDCAN2_IT1_IRQHandler                    0x08000293   Thumb Code     0  startup_stm32g474xx.o(.text)
    FDCAN3_IT0_IRQHandler                    0x08000293   Thumb Code     0  startup_stm32g474xx.o(.text)
    FDCAN3_IT1_IRQHandler                    0x08000293   Thumb Code     0  startup_stm32g474xx.o(.text)
    FLASH_IRQHandler                         0x08000293   Thumb Code     0  startup_stm32g474xx.o(.text)
    FMAC_IRQHandler                          0x08000293   Thumb Code     0  startup_stm32g474xx.o(.text)
    FMC_IRQHandler                           0x08000293   Thumb Code     0  startup_stm32g474xx.o(.text)
    FPU_IRQHandler                           0x08000293   Thumb Code     0  startup_stm32g474xx.o(.text)
    HRTIM1_FLT_IRQHandler                    0x08000293   Thumb Code     0  startup_stm32g474xx.o(.text)
    HRTIM1_Master_IRQHandler                 0x08000293   Thumb Code     0  startup_stm32g474xx.o(.text)
    HRTIM1_TIMA_IRQHandler                   0x08000293   Thumb Code     0  startup_stm32g474xx.o(.text)
    HRTIM1_TIMB_IRQHandler                   0x08000293   Thumb Code     0  startup_stm32g474xx.o(.text)
    HRTIM1_TIMC_IRQHandler                   0x08000293   Thumb Code     0  startup_stm32g474xx.o(.text)
    HRTIM1_TIMD_IRQHandler                   0x08000293   Thumb Code     0  startup_stm32g474xx.o(.text)
    HRTIM1_TIME_IRQHandler                   0x08000293   Thumb Code     0  startup_stm32g474xx.o(.text)
    HRTIM1_TIMF_IRQHandler                   0x08000293   Thumb Code     0  startup_stm32g474xx.o(.text)
    I2C1_ER_IRQHandler                       0x08000293   Thumb Code     0  startup_stm32g474xx.o(.text)
    I2C1_EV_IRQHandler                       0x08000293   Thumb Code     0  startup_stm32g474xx.o(.text)
    I2C2_ER_IRQHandler                       0x08000293   Thumb Code     0  startup_stm32g474xx.o(.text)
    I2C2_EV_IRQHandler                       0x08000293   Thumb Code     0  startup_stm32g474xx.o(.text)
    I2C3_ER_IRQHandler                       0x08000293   Thumb Code     0  startup_stm32g474xx.o(.text)
    I2C3_EV_IRQHandler                       0x08000293   Thumb Code     0  startup_stm32g474xx.o(.text)
    I2C4_ER_IRQHandler                       0x08000293   Thumb Code     0  startup_stm32g474xx.o(.text)
    I2C4_EV_IRQHandler                       0x08000293   Thumb Code     0  startup_stm32g474xx.o(.text)
    LPTIM1_IRQHandler                        0x08000293   Thumb Code     0  startup_stm32g474xx.o(.text)
    LPUART1_IRQHandler                       0x08000293   Thumb Code     0  startup_stm32g474xx.o(.text)
    PVD_PVM_IRQHandler                       0x08000293   Thumb Code     0  startup_stm32g474xx.o(.text)
    QUADSPI_IRQHandler                       0x08000293   Thumb Code     0  startup_stm32g474xx.o(.text)
    RCC_IRQHandler                           0x08000293   Thumb Code     0  startup_stm32g474xx.o(.text)
    RNG_IRQHandler                           0x08000293   Thumb Code     0  startup_stm32g474xx.o(.text)
    RTC_Alarm_IRQHandler                     0x08000293   Thumb Code     0  startup_stm32g474xx.o(.text)
    RTC_TAMP_LSECSS_IRQHandler               0x08000293   Thumb Code     0  startup_stm32g474xx.o(.text)
    RTC_WKUP_IRQHandler                      0x08000293   Thumb Code     0  startup_stm32g474xx.o(.text)
    SAI1_IRQHandler                          0x08000293   Thumb Code     0  startup_stm32g474xx.o(.text)
    SPI2_IRQHandler                          0x08000293   Thumb Code     0  startup_stm32g474xx.o(.text)
    SPI3_IRQHandler                          0x08000293   Thumb Code     0  startup_stm32g474xx.o(.text)
    SPI4_IRQHandler                          0x08000293   Thumb Code     0  startup_stm32g474xx.o(.text)
    TIM1_CC_IRQHandler                       0x08000293   Thumb Code     0  startup_stm32g474xx.o(.text)
    TIM1_TRG_COM_TIM17_IRQHandler            0x08000293   Thumb Code     0  startup_stm32g474xx.o(.text)
    TIM1_UP_TIM16_IRQHandler                 0x08000293   Thumb Code     0  startup_stm32g474xx.o(.text)
    TIM20_BRK_IRQHandler                     0x08000293   Thumb Code     0  startup_stm32g474xx.o(.text)
    TIM20_CC_IRQHandler                      0x08000293   Thumb Code     0  startup_stm32g474xx.o(.text)
    TIM20_TRG_COM_IRQHandler                 0x08000293   Thumb Code     0  startup_stm32g474xx.o(.text)
    TIM20_UP_IRQHandler                      0x08000293   Thumb Code     0  startup_stm32g474xx.o(.text)
    TIM2_IRQHandler                          0x08000293   Thumb Code     0  startup_stm32g474xx.o(.text)
    TIM3_IRQHandler                          0x08000293   Thumb Code     0  startup_stm32g474xx.o(.text)
    TIM4_IRQHandler                          0x08000293   Thumb Code     0  startup_stm32g474xx.o(.text)
    TIM6_DAC_IRQHandler                      0x08000293   Thumb Code     0  startup_stm32g474xx.o(.text)
    TIM7_DAC_IRQHandler                      0x08000293   Thumb Code     0  startup_stm32g474xx.o(.text)
    TIM8_BRK_IRQHandler                      0x08000293   Thumb Code     0  startup_stm32g474xx.o(.text)
    TIM8_CC_IRQHandler                       0x08000293   Thumb Code     0  startup_stm32g474xx.o(.text)
    TIM8_TRG_COM_IRQHandler                  0x08000293   Thumb Code     0  startup_stm32g474xx.o(.text)
    TIM8_UP_IRQHandler                       0x08000293   Thumb Code     0  startup_stm32g474xx.o(.text)
    UART4_IRQHandler                         0x08000293   Thumb Code     0  startup_stm32g474xx.o(.text)
    UART5_IRQHandler                         0x08000293   Thumb Code     0  startup_stm32g474xx.o(.text)
    UCPD1_IRQHandler                         0x08000293   Thumb Code     0  startup_stm32g474xx.o(.text)
    USART2_IRQHandler                        0x08000293   Thumb Code     0  startup_stm32g474xx.o(.text)
    USART3_IRQHandler                        0x08000293   Thumb Code     0  startup_stm32g474xx.o(.text)
    USBWakeUp_IRQHandler                     0x08000293   Thumb Code     0  startup_stm32g474xx.o(.text)
    USB_HP_IRQHandler                        0x08000293   Thumb Code     0  startup_stm32g474xx.o(.text)
    USB_LP_IRQHandler                        0x08000293   Thumb Code     0  startup_stm32g474xx.o(.text)
    WWDG_IRQHandler                          0x08000293   Thumb Code     0  startup_stm32g474xx.o(.text)
    __user_initial_stackheap                 0x08000295   Thumb Code     0  startup_stm32g474xx.o(.text)
    Error_Handler                            0x080002b9   Thumb Code     4  main_debug0.o(.text)
    SystemClock_Config                       0x080002bd   Thumb Code   100  main_debug0.o(.text)
    main                                     0x08000321   Thumb Code   104  main_debug0.o(.text)
    FOC_DebugSetTorque                       0x08000389   Thumb Code    12  foc_control_debug0.o(.text)
    FOC_DebugSetSpeed                        0x08000395   Thumb Code    12  foc_control_debug0.o(.text)
    FOC_DebugStop                            0x080003a1   Thumb Code    10  foc_control_debug0.o(.text)
    FOC_SetTorque                            0x080005bd   Thumb Code    24  foc_control_debug0.o(.text)
    FOC_Init                                 0x080005d5   Thumb Code   174  foc_control_debug0.o(.text)
    FOC_GetAngle                             0x08000683   Thumb Code    10  foc_control_debug0.o(.text)
    FOC_GetSpeed                             0x0800068d   Thumb Code    10  foc_control_debug0.o(.text)
    FOC_GetIq                                0x08000697   Thumb Code    10  foc_control_debug0.o(.text)
    FOC_GetId                                0x080006a1   Thumb Code    10  foc_control_debug0.o(.text)
    FOC_GetEncoderRawAngle                   0x080006ab   Thumb Code     8  foc_control_debug0.o(.text)
    FOC_GetEncoderStatus                     0x080006b3   Thumb Code     8  foc_control_debug0.o(.text)
    HAL_SPI_TxRxCpltCallback                 0x080006bb   Thumb Code    68  foc_control_debug0.o(.text)
    HAL_SPI_ErrorCallback                    0x080006ff   Thumb Code    38  foc_control_debug0.o(.text)
    HAL_TIM_PeriodElapsedCallback            0x080008eb   Thumb Code   114  foc_control_debug0.o(.text)
    HAL_ADCEx_InjectedConvCpltCallback       0x0800095d   Thumb Code   660  foc_control_debug0.o(.text)
    MX_GPIO_Init                             0x08000d65   Thumb Code   208  gpio_debug0.o(.text)
    MX_ADC1_Init                             0x08000e41   Thumb Code   184  adc_debug0.o(.text)
    MX_ADC2_Init                             0x08000ef9   Thumb Code   142  adc_debug0.o(.text)
    HAL_ADC_MspInit                          0x08000f87   Thumb Code   258  adc_debug0.o(.text)
    HAL_ADC_MspDeInit                        0x08001089   Thumb Code    92  adc_debug0.o(.text)
    MX_SPI1_Init                             0x08001109   Thumb Code    72  spi_debug0.o(.text)
    MX_SPI2_Init                             0x08001151   Thumb Code    72  spi_debug0.o(.text)
    MX_SPI3_Init                             0x08001199   Thumb Code    72  spi_debug0.o(.text)
    HAL_SPI_MspInit                          0x080011e1   Thumb Code   306  spi_debug0.o(.text)
    HAL_SPI_MspDeInit                        0x08001313   Thumb Code   100  spi_debug0.o(.text)
    HAL_TIM_MspPostInit                      0x08001399   Thumb Code    74  tim_debug0.o(.text)
    MX_TIM1_Init                             0x080013e3   Thumb Code   250  tim_debug0.o(.text)
    MX_TIM5_Init                             0x080014dd   Thumb Code   102  tim_debug0.o(.text)
    HAL_TIM_Base_MspInit                     0x08001543   Thumb Code    86  tim_debug0.o(.text)
    HAL_TIM_Base_MspDeInit                   0x08001599   Thumb Code    44  tim_debug0.o(.text)
    ADC1_2_IRQHandler                        0x080015d5   Thumb Code     6  stm32g4xx_it_debug0.o(.text)
    TIM5_IRQHandler                          0x080015db   Thumb Code     6  stm32g4xx_it_debug0.o(.text)
    NMI_Handler                              0x080015e1   Thumb Code     2  stm32g4xx_it_debug0.o(.text)
    HardFault_Handler                        0x080015e3   Thumb Code     2  stm32g4xx_it_debug0.o(.text)
    MemManage_Handler                        0x080015e5   Thumb Code     2  stm32g4xx_it_debug0.o(.text)
    BusFault_Handler                         0x080015e7   Thumb Code     2  stm32g4xx_it_debug0.o(.text)
    UsageFault_Handler                       0x080015e9   Thumb Code     2  stm32g4xx_it_debug0.o(.text)
    SVC_Handler                              0x080015eb   Thumb Code     2  stm32g4xx_it_debug0.o(.text)
    DebugMon_Handler                         0x080015ed   Thumb Code     2  stm32g4xx_it_debug0.o(.text)
    PendSV_Handler                           0x080015ef   Thumb Code     2  stm32g4xx_it_debug0.o(.text)
    SysTick_Handler                          0x080015f1   Thumb Code     4  stm32g4xx_it_debug0.o(.text)
    DMA1_Channel1_IRQHandler                 0x080015f5   Thumb Code     6  stm32g4xx_it_debug0.o(.text)
    DMA1_Channel2_IRQHandler                 0x080015fb   Thumb Code     6  stm32g4xx_it_debug0.o(.text)
    DMA1_Channel3_IRQHandler                 0x08001601   Thumb Code     6  stm32g4xx_it_debug0.o(.text)
    FDCAN1_IT0_IRQHandler                    0x08001607   Thumb Code     6  stm32g4xx_it_debug0.o(.text)
    FDCAN1_IT1_IRQHandler                    0x0800160d   Thumb Code     6  stm32g4xx_it_debug0.o(.text)
    TIM1_BRK_TIM15_IRQHandler                0x08001613   Thumb Code     6  stm32g4xx_it_debug0.o(.text)
    SPI1_IRQHandler                          0x08001619   Thumb Code     6  stm32g4xx_it_debug0.o(.text)
    USART1_IRQHandler                        0x0800161f   Thumb Code     6  stm32g4xx_it_debug0.o(.text)
    __aeabi_uldivmod                         0x08001649   Thumb Code     0  lludivv7m.o(.text)
    _ll_udiv                                 0x08001649   Thumb Code   238  lludivv7m.o(.text)
    __aeabi_memclr4                          0x08001737   Thumb Code     0  rt_memclr_w.o(.text)
    __aeabi_memclr8                          0x08001737   Thumb Code     0  rt_memclr_w.o(.text)
    __rt_memclr_w                            0x08001737   Thumb Code    78  rt_memclr_w.o(.text)
    _memset_w                                0x0800173b   Thumb Code     0  rt_memclr_w.o(.text)
    __use_two_region_memory                  0x08001785   Thumb Code     2  heapauxi.o(.text)
    __rt_heap_escrow$2region                 0x08001787   Thumb Code     2  heapauxi.o(.text)
    __rt_heap_expand$2region                 0x08001789   Thumb Code     2  heapauxi.o(.text)
    __read_errno                             0x0800178b   Thumb Code    10  _rserrno.o(.text)
    __set_errno                              0x08001795   Thumb Code    12  _rserrno.o(.text)
    __aeabi_errno_addr                       0x080017a1   Thumb Code     8  rt_errno_addr_intlibspace.o(.text)
    __errno$intlibspace                      0x080017a1   Thumb Code     0  rt_errno_addr_intlibspace.o(.text)
    __rt_errno_addr$intlibspace              0x080017a1   Thumb Code     0  rt_errno_addr_intlibspace.o(.text)
    __user_libspace                          0x080017a9   Thumb Code     8  libspace.o(.text)
    __user_perproc_libspace                  0x080017a9   Thumb Code     0  libspace.o(.text)
    __user_perthread_libspace                0x080017a9   Thumb Code     0  libspace.o(.text)
    __user_setup_stackheap                   0x080017b1   Thumb Code    74  sys_stackheap_outer.o(.text)
    exit                                     0x080017fb   Thumb Code    12  exit.o(.text)
    _sys_exit                                0x08001809   Thumb Code     8  sys_exit.o(.text)
    __I$use$semihosting                      0x08001815   Thumb Code     0  use_no_semi.o(.text)
    __use_no_semihosting_swi                 0x08001815   Thumb Code     2  use_no_semi.o(.text)
    __semihosting_library_function           0x08001817   Thumb Code     0  indicate_semi.o(.text)
    ADC_Disable                              0x08001819   Thumb Code   106  stm32g4xx_hal_adc.o(i.ADC_Disable)
    ADC_Enable                               0x08001889   Thumb Code   172  stm32g4xx_hal_adc.o(i.ADC_Enable)
    FOC_Can_Init                             0x08001a61   Thumb Code    88  foc_can.o(i.FOC_Can_Init)
    FOC_Can_SendTelemetry                    0x08001abd   Thumb Code   228  foc_can.o(i.FOC_Can_SendTelemetry)
    FOC_Spi2_Exchange                        0x08001bb1   Thumb Code   114  foc_spi2_link.o(i.FOC_Spi2_Exchange)
    HAL_ADCEx_Calibration_Start              0x08001c39   Thumb Code   138  stm32g4xx_hal_adc_ex.o(i.HAL_ADCEx_Calibration_Start)
    HAL_ADCEx_EndOfSamplingCallback          0x08001ccd   Thumb Code     2  stm32g4xx_hal_adc_ex.o(i.HAL_ADCEx_EndOfSamplingCallback)
    HAL_ADCEx_InjectedConfigChannel          0x08001cd1   Thumb Code  1320  stm32g4xx_hal_adc_ex.o(i.HAL_ADCEx_InjectedConfigChannel)
    HAL_ADCEx_InjectedQueueOverflowCallback  0x0800222d   Thumb Code     2  stm32g4xx_hal_adc_ex.o(i.HAL_ADCEx_InjectedQueueOverflowCallback)
    HAL_ADCEx_InjectedStart_IT               0x08002231   Thumb Code   320  stm32g4xx_hal_adc_ex.o(i.HAL_ADCEx_InjectedStart_IT)
    HAL_ADCEx_LevelOutOfWindow2Callback      0x08002389   Thumb Code     2  stm32g4xx_hal_adc_ex.o(i.HAL_ADCEx_LevelOutOfWindow2Callback)
    HAL_ADCEx_LevelOutOfWindow3Callback      0x0800238b   Thumb Code     2  stm32g4xx_hal_adc_ex.o(i.HAL_ADCEx_LevelOutOfWindow3Callback)
    HAL_ADCEx_MultiModeConfigChannel         0x0800238d   Thumb Code   322  stm32g4xx_hal_adc_ex.o(i.HAL_ADCEx_MultiModeConfigChannel)
    HAL_ADC_ConfigChannel                    0x080024e9   Thumb Code  1060  stm32g4xx_hal_adc.o(i.HAL_ADC_ConfigChannel)
    HAL_ADC_ConvCpltCallback                 0x0800294d   Thumb Code     2  stm32g4xx_hal_adc.o(i.HAL_ADC_ConvCpltCallback)
    HAL_ADC_ErrorCallback                    0x0800294f   Thumb Code     2  stm32g4xx_hal_adc.o(i.HAL_ADC_ErrorCallback)
    HAL_ADC_IRQHandler                       0x08002951   Thumb Code   674  stm32g4xx_hal_adc.o(i.HAL_ADC_IRQHandler)
    HAL_ADC_Init                             0x08002c09   Thumb Code   514  stm32g4xx_hal_adc.o(i.HAL_ADC_Init)
    HAL_ADC_LevelOutOfWindowCallback         0x08002e3d   Thumb Code     2  stm32g4xx_hal_adc.o(i.HAL_ADC_LevelOutOfWindowCallback)
    HAL_DMA_Abort                            0x08002e3f   Thumb Code   112  stm32g4xx_hal_dma.o(i.HAL_DMA_Abort)
    HAL_DMA_Abort_IT                         0x08002eaf   Thumb Code   120  stm32g4xx_hal_dma.o(i.HAL_DMA_Abort_IT)
    HAL_DMA_DeInit                           0x08002f29   Thumb Code   154  stm32g4xx_hal_dma.o(i.HAL_DMA_DeInit)
    HAL_DMA_IRQHandler                       0x08002fd1   Thumb Code   186  stm32g4xx_hal_dma.o(i.HAL_DMA_IRQHandler)
    HAL_DMA_Init                             0x0800308d   Thumb Code   182  stm32g4xx_hal_dma.o(i.HAL_DMA_Init)
    HAL_DMA_Start_IT                         0x08003151   Thumb Code   140  stm32g4xx_hal_dma.o(i.HAL_DMA_Start_IT)
    HAL_Delay                                0x080031dd   Thumb Code    32  stm32g4xx_hal.o(i.HAL_Delay)
    HAL_FDCAN_ActivateNotification           0x08003201   Thumb Code   224  stm32g4xx_hal_fdcan.o(i.HAL_FDCAN_ActivateNotification)
    HAL_FDCAN_AddMessageToTxFifoQ            0x080032e1   Thumb Code    74  stm32g4xx_hal_fdcan.o(i.HAL_FDCAN_AddMessageToTxFifoQ)
    HAL_FDCAN_ConfigFilter                   0x0800332b   Thumb Code    92  stm32g4xx_hal_fdcan.o(i.HAL_FDCAN_ConfigFilter)
    HAL_FDCAN_ConfigGlobalFilter             0x08003387   Thumb Code    54  stm32g4xx_hal_fdcan.o(i.HAL_FDCAN_ConfigGlobalFilter)
    HAL_FDCAN_ErrorCallback                  0x080033bd   Thumb Code     2  stm32g4xx_hal_fdcan.o(i.HAL_FDCAN_ErrorCallback)
    HAL_FDCAN_ErrorStatusCallback            0x080033bf   Thumb Code     2  stm32g4xx_hal_fdcan.o(i.HAL_FDCAN_ErrorStatusCallback)
    HAL_FDCAN_GetRxMessage                   0x080033c1   Thumb Code   270  stm32g4xx_hal_fdcan.o(i.HAL_FDCAN_GetRxMessage)
    HAL_FDCAN_HighPriorityMessageCallback    0x080034d5   Thumb Code     2  stm32g4xx_hal_fdcan.o(i.HAL_FDCAN_HighPriorityMessageCallback)
    HAL_FDCAN_IRQHandler                     0x080034d7   Thumb Code   356  stm32g4xx_hal_fdcan.o(i.HAL_FDCAN_IRQHandler)
    HAL_FDCAN_Init                           0x0800363d   Thumb Code   512  stm32g4xx_hal_fdcan.o(i.HAL_FDCAN_Init)
    HAL_FDCAN_MspInit                        0x08003855   Thumb Code   148  fdcan.o(i.HAL_FDCAN_MspInit)
    HAL_FDCAN_RxFifo0Callback                0x080038f1   Thumb Code   102  foc_can.o(i.HAL_FDCAN_RxFifo0Callback)
    HAL_FDCAN_RxFifo1Callback                0x08003961   Thumb Code     2  stm32g4xx_hal_fdcan.o(i.HAL_FDCAN_RxFifo1Callback)
    HAL_FDCAN_Start                          0x08003963   Thumb Code    44  stm32g4xx_hal_fdcan.o(i.HAL_FDCAN_Start)
    HAL_FDCAN_TimeoutOccurredCallback        0x0800398f   Thumb Code     2  stm32g4xx_hal_fdcan.o(i.HAL_FDCAN_TimeoutOccurredCallback)
    HAL_FDCAN_TimestampWraparoundCallback    0x08003991   Thumb Code     2  stm32g4xx_hal_fdcan.o(i.HAL_FDCAN_TimestampWraparoundCallback)
    HAL_FDCAN_TxBufferAbortCallback          0x08003993   Thumb Code     2  stm32g4xx_hal_fdcan.o(i.HAL_FDCAN_TxBufferAbortCallback)
    HAL_FDCAN_TxBufferCompleteCallback       0x08003995   Thumb Code     2  stm32g4xx_hal_fdcan.o(i.HAL_FDCAN_TxBufferCompleteCallback)
    HAL_FDCAN_TxEventFifoCallback            0x08003997   Thumb Code     2  stm32g4xx_hal_fdcan.o(i.HAL_FDCAN_TxEventFifoCallback)
    HAL_FDCAN_TxFifoEmptyCallback            0x08003999   Thumb Code     2  stm32g4xx_hal_fdcan.o(i.HAL_FDCAN_TxFifoEmptyCallback)
    HAL_GPIO_DeInit                          0x0800399d   Thumb Code   306  stm32g4xx_hal_gpio.o(i.HAL_GPIO_DeInit)
    HAL_GPIO_Init                            0x08003aed   Thumb Code   532  stm32g4xx_hal_gpio.o(i.HAL_GPIO_Init)
    HAL_GPIO_WritePin                        0x08003d21   Thumb Code    10  stm32g4xx_hal_gpio.o(i.HAL_GPIO_WritePin)
    HAL_GetTick                              0x08003d2d   Thumb Code     6  stm32g4xx_hal.o(i.HAL_GetTick)
    HAL_IncTick                              0x08003d39   Thumb Code    12  stm32g4xx_hal.o(i.HAL_IncTick)
    HAL_Init                                 0x08003d49   Thumb Code    30  stm32g4xx_hal.o(i.HAL_Init)
    HAL_InitTick                             0x08003d69   Thumb Code    58  stm32g4xx_hal.o(i.HAL_InitTick)
    HAL_MspInit                              0x08003dad   Thumb Code    42  stm32g4xx_hal_msp.o(i.HAL_MspInit)
    HAL_NVIC_DisableIRQ                      0x08003ddd   Thumb Code    34  stm32g4xx_hal_cortex.o(i.HAL_NVIC_DisableIRQ)
    HAL_NVIC_EnableIRQ                       0x08003dff   Thumb Code    26  stm32g4xx_hal_cortex.o(i.HAL_NVIC_EnableIRQ)
    HAL_NVIC_SetPriority                     0x08003e19   Thumb Code    60  stm32g4xx_hal_cortex.o(i.HAL_NVIC_SetPriority)
    HAL_NVIC_SetPriorityGrouping             0x08003e59   Thumb Code    26  stm32g4xx_hal_cortex.o(i.HAL_NVIC_SetPriorityGrouping)
    HAL_PWREx_ControlVoltageScaling          0x08003e7d   Thumb Code   174  stm32g4xx_hal_pwr_ex.o(i.HAL_PWREx_ControlVoltageScaling)
    HAL_PWREx_DisableUCPDDeadBattery         0x08003f39   Thumb Code    12  stm32g4xx_hal_pwr_ex.o(i.HAL_PWREx_DisableUCPDDeadBattery)
    HAL_RCCEx_PeriphCLKConfig                0x08003f49   Thumb Code   758  stm32g4xx_hal_rcc_ex.o(i.HAL_RCCEx_PeriphCLKConfig)
    HAL_RCC_ClockConfig                      0x08004249   Thumb Code   444  stm32g4xx_hal_rcc.o(i.HAL_RCC_ClockConfig)
    HAL_RCC_GetPCLK1Freq                     0x08004425   Thumb Code    24  stm32g4xx_hal_rcc.o(i.HAL_RCC_GetPCLK1Freq)
    HAL_RCC_GetPCLK2Freq                     0x08004449   Thumb Code    24  stm32g4xx_hal_rcc.o(i.HAL_RCC_GetPCLK2Freq)
    HAL_RCC_GetSysClockFreq                  0x0800446d   Thumb Code    98  stm32g4xx_hal_rcc.o(i.HAL_RCC_GetSysClockFreq)
    HAL_RCC_OscConfig                        0x080044d9   Thumb Code  1028  stm32g4xx_hal_rcc.o(i.HAL_RCC_OscConfig)
    HAL_SPI_IRQHandler                       0x080048dd   Thumb Code   246  stm32g4xx_hal_spi.o(i.HAL_SPI_IRQHandler)
    HAL_SPI_Init                             0x080049d9   Thumb Code   234  stm32g4xx_hal_spi.o(i.HAL_SPI_Init)
    HAL_SPI_RxCpltCallback                   0x08004ac3   Thumb Code     2  stm32g4xx_hal_spi.o(i.HAL_SPI_RxCpltCallback)
    HAL_SPI_RxHalfCpltCallback               0x08004ac5   Thumb Code     2  stm32g4xx_hal_spi.o(i.HAL_SPI_RxHalfCpltCallback)
    HAL_SPI_TransmitReceive                  0x08004ac7   Thumb Code   626  stm32g4xx_hal_spi.o(i.HAL_SPI_TransmitReceive)
    HAL_SPI_TransmitReceive_DMA              0x08004d39   Thumb Code   414  stm32g4xx_hal_spi.o(i.HAL_SPI_TransmitReceive_DMA)
    HAL_SPI_TxRxHalfCpltCallback             0x08004eed   Thumb Code     2  stm32g4xx_hal_spi.o(i.HAL_SPI_TxRxHalfCpltCallback)
    HAL_SYSTICK_Config                       0x08004eef   Thumb Code    40  stm32g4xx_hal_cortex.o(i.HAL_SYSTICK_Config)
    HAL_TIMEx_Break2Callback                 0x08004f17   Thumb Code     2  stm32g4xx_hal_tim_ex.o(i.HAL_TIMEx_Break2Callback)
    HAL_TIMEx_BreakCallback                  0x08004f19   Thumb Code     2  stm32g4xx_hal_tim_ex.o(i.HAL_TIMEx_BreakCallback)
    HAL_TIMEx_CommutCallback                 0x08004f1b   Thumb Code     2  stm32g4xx_hal_tim_ex.o(i.HAL_TIMEx_CommutCallback)
    HAL_TIMEx_ConfigBreakDeadTime            0x08004f1d   Thumb Code   154  stm32g4xx_hal_tim_ex.o(i.HAL_TIMEx_ConfigBreakDeadTime)
    HAL_TIMEx_DirectionChangeCallback        0x08004fc5   Thumb Code     2  stm32g4xx_hal_tim_ex.o(i.HAL_TIMEx_DirectionChangeCallback)
    HAL_TIMEx_EncoderIndexCallback           0x08004fc7   Thumb Code     2  stm32g4xx_hal_tim_ex.o(i.HAL_TIMEx_EncoderIndexCallback)
    HAL_TIMEx_IndexErrorCallback             0x08004fc9   Thumb Code     2  stm32g4xx_hal_tim_ex.o(i.HAL_TIMEx_IndexErrorCallback)
    HAL_TIMEx_MasterConfigSynchronization    0x08004fcd   Thumb Code   150  stm32g4xx_hal_tim_ex.o(i.HAL_TIMEx_MasterConfigSynchronization)
    HAL_TIMEx_TransitionErrorCallback        0x08005085   Thumb Code     2  stm32g4xx_hal_tim_ex.o(i.HAL_TIMEx_TransitionErrorCallback)
    HAL_TIM_Base_Init                        0x08005087   Thumb Code    98  stm32g4xx_hal_tim.o(i.HAL_TIM_Base_Init)
    HAL_TIM_Base_Start_IT                    0x080050e9   Thumb Code   106  stm32g4xx_hal_tim.o(i.HAL_TIM_Base_Start_IT)
    HAL_TIM_ConfigClockSource                0x08005175   Thumb Code   234  stm32g4xx_hal_tim.o(i.HAL_TIM_ConfigClockSource)
    HAL_TIM_IC_CaptureCallback               0x08005265   Thumb Code     2  stm32g4xx_hal_tim.o(i.HAL_TIM_IC_CaptureCallback)
    HAL_TIM_IRQHandler                       0x08005267   Thumb Code   418  stm32g4xx_hal_tim.o(i.HAL_TIM_IRQHandler)
    HAL_TIM_OC_DelayElapsedCallback          0x08005409   Thumb Code     2  stm32g4xx_hal_tim.o(i.HAL_TIM_OC_DelayElapsedCallback)
    HAL_TIM_PWM_ConfigChannel                0x0800540b   Thumb Code   292  stm32g4xx_hal_tim.o(i.HAL_TIM_PWM_ConfigChannel)
    HAL_TIM_PWM_Init                         0x0800552f   Thumb Code    98  stm32g4xx_hal_tim.o(i.HAL_TIM_PWM_Init)
    HAL_TIM_PWM_MspInit                      0x08005591   Thumb Code     2  stm32g4xx_hal_tim.o(i.HAL_TIM_PWM_MspInit)
    HAL_TIM_PWM_PulseFinishedCallback        0x08005593   Thumb Code     2  stm32g4xx_hal_tim.o(i.HAL_TIM_PWM_PulseFinishedCallback)
    HAL_TIM_PWM_Start                        0x08005595   Thumb Code   234  stm32g4xx_hal_tim.o(i.HAL_TIM_PWM_Start)
    HAL_TIM_TriggerCallback                  0x080056a9   Thumb Code     2  stm32g4xx_hal_tim.o(i.HAL_TIM_TriggerCallback)
    HAL_UARTEx_DisableFifoMode               0x080056ab   Thumb Code    62  stm32g4xx_hal_uart_ex.o(i.HAL_UARTEx_DisableFifoMode)
    HAL_UARTEx_RxEventCallback               0x080056e9   Thumb Code     2  stm32g4xx_hal_uart.o(i.HAL_UARTEx_RxEventCallback)
    HAL_UARTEx_RxFifoFullCallback            0x080056eb   Thumb Code     2  stm32g4xx_hal_uart_ex.o(i.HAL_UARTEx_RxFifoFullCallback)
    HAL_UARTEx_SetRxFifoThreshold            0x080056ed   Thumb Code    76  stm32g4xx_hal_uart_ex.o(i.HAL_UARTEx_SetRxFifoThreshold)
    HAL_UARTEx_SetTxFifoThreshold            0x08005739   Thumb Code    76  stm32g4xx_hal_uart_ex.o(i.HAL_UARTEx_SetTxFifoThreshold)
    HAL_UARTEx_TxFifoEmptyCallback           0x08005785   Thumb Code     2  stm32g4xx_hal_uart_ex.o(i.HAL_UARTEx_TxFifoEmptyCallback)
    HAL_UARTEx_WakeupCallback                0x08005787   Thumb Code     2  stm32g4xx_hal_uart_ex.o(i.HAL_UARTEx_WakeupCallback)
    HAL_UART_ErrorCallback                   0x08005789   Thumb Code     2  stm32g4xx_hal_uart.o(i.HAL_UART_ErrorCallback)
    HAL_UART_IRQHandler                      0x0800578d   Thumb Code   782  stm32g4xx_hal_uart.o(i.HAL_UART_IRQHandler)
    HAL_UART_Init                            0x08005aa9   Thumb Code   106  stm32g4xx_hal_uart.o(i.HAL_UART_Init)
    HAL_UART_MspInit                         0x08005b15   Thumb Code   172  usart.o(i.HAL_UART_MspInit)
    HAL_UART_TxCpltCallback                  0x08005bd5   Thumb Code     2  stm32g4xx_hal_uart.o(i.HAL_UART_TxCpltCallback)
    MX_DMA_Init                              0x08005c7d   Thumb Code    88  dma.o(i.MX_DMA_Init)
    MX_FDCAN1_Init                           0x08005cd9   Thumb Code    70  fdcan.o(i.MX_FDCAN1_Init)
    MX_USART1_UART_Init                      0x08005d29   Thumb Code    94  usart.o(i.MX_USART1_UART_Init)
    SystemInit                               0x080060f9   Thumb Code    12  system_stm32g4xx.o(i.SystemInit)
    TIM_Base_SetConfig                       0x08006109   Thumb Code   184  stm32g4xx_hal_tim.o(i.TIM_Base_SetConfig)
    TIM_CCxChannelCmd                        0x080061e5   Thumb Code    26  stm32g4xx_hal_tim.o(i.TIM_CCxChannelCmd)
    TIM_ETR_SetConfig                        0x080061ff   Thumb Code    20  stm32g4xx_hal_tim.o(i.TIM_ETR_SetConfig)
    TIM_OC2_SetConfig                        0x080062dd   Thumb Code   140  stm32g4xx_hal_tim.o(i.TIM_OC2_SetConfig)
    UART_AdvFeatureConfig                    0x080066c1   Thumb Code   200  stm32g4xx_hal_uart.o(i.UART_AdvFeatureConfig)
    UART_CheckIdleState                      0x08006789   Thumb Code   172  stm32g4xx_hal_uart.o(i.UART_CheckIdleState)
    UART_SetConfig                           0x08006895   Thumb Code   614  stm32g4xx_hal_uart.o(i.UART_SetConfig)
    UART_WaitOnFlagUntilTimeout              0x08006b2d   Thumb Code   148  stm32g4xx_hal_uart.o(i.UART_WaitOnFlagUntilTimeout)
    __ARM_fpclassifyf                        0x08006bc1   Thumb Code    38  fpclassifyf.o(i.__ARM_fpclassifyf)
    __hardfp_cosf                            0x08006c09   Thumb Code   280  cosf.o(i.__hardfp_cosf)
    __hardfp_fmodf                           0x08006d59   Thumb Code   176  fmodf.o(i.__hardfp_fmodf)
    __hardfp_sinf                            0x08006e09   Thumb Code   344  sinf.o(i.__hardfp_sinf)
    __mathlib_flt_infnan                     0x08006f99   Thumb Code     6  funder.o(i.__mathlib_flt_infnan)
    __mathlib_flt_invalid                    0x08006fa1   Thumb Code    10  funder.o(i.__mathlib_flt_invalid)
    __mathlib_flt_underflow                  0x08006fb1   Thumb Code    10  funder.o(i.__mathlib_flt_underflow)
    __mathlib_rredf2                         0x08006fc1   Thumb Code   316  rredf.o(i.__mathlib_rredf2)
    __fpl_fnaninf                            0x08007201   Thumb Code   140  fnaninf.o(x$fpl$fnaninf)
    _fp_init                                 0x0800728d   Thumb Code    10  fpinit.o(x$fpl$fpinit)
    __fplib_config_fpu_vfp                   0x08007295   Thumb Code     0  fpinit.o(x$fpl$fpinit)
    __fplib_config_pureend_doubles           0x08007295   Thumb Code     0  fpinit.o(x$fpl$fpinit)
    _frem                                    0x08007299   Thumb Code   240  frem_clz.o(x$fpl$frem)
    __I$use$fp                               0x0800738c   Number         0  usenofp.o(x$fpl$usenofp)
    UARTPrescTable                           0x0800739c   Data          24  stm32g4xx_hal_uart.o(.constdata)
    AHBPrescTable                            0x080073c4   Data          16  system_stm32g4xx.o(.constdata)
    APBPrescTable                            0x080073d4   Data           8  system_stm32g4xx.o(.constdata)
    Region$$Table$$Base                      0x080073fc   Number         0  anon$$obj.o(Region$$Table)
    Region$$Table$$Limit                     0x0800741c   Number         0  anon$$obj.o(Region$$Table)
    g_foc_debug                              0x20000078   Data          52  foc_control_debug0.o(.data)
    uwTickPrio                               0x200000b8   Data           4  stm32g4xx_hal.o(.data)
    uwTickFreq                               0x200000bc   Data           4  stm32g4xx_hal.o(.data)
    uwTick                                   0x200000c0   Data           4  stm32g4xx_hal.o(.data)
    SystemCoreClock                          0x200000c4   Data           4  system_stm32g4xx.o(.data)
    hadc1                                    0x200000e8   Data         108  adc_debug0.o(.bss)
    hadc2                                    0x20000154   Data         108  adc_debug0.o(.bss)
    hfdcan1                                  0x200001c0   Data         100  fdcan.o(.bss)
    hspi1                                    0x20000224   Data         100  spi_debug0.o(.bss)
    hspi2                                    0x20000288   Data         100  spi_debug0.o(.bss)
    hspi3                                    0x200002ec   Data         100  spi_debug0.o(.bss)
    hdma_spi1_rx                             0x20000350   Data          96  spi_debug0.o(.bss)
    hdma_spi1_tx                             0x200003b0   Data          96  spi_debug0.o(.bss)
    htim1                                    0x20000410   Data          76  tim_debug0.o(.bss)
    htim5                                    0x2000045c   Data          76  tim_debug0.o(.bss)
    huart1                                   0x200004a8   Data         148  usart.o(.bss)
    hdma_usart1_rx                           0x2000053c   Data          96  usart.o(.bss)
    __libspace_start                         0x2000059c   Data          96  libspace.o(.bss)
    __temporary_stack_top$libspace           0x200005fc   Data           0  libspace.o(.bss)



==============================================================================

Memory Map of the image

  Image Entry point : 0x080001d9

  Load Region LR_IROM1 (Base: 0x08000000, Size: 0x000074e4, Max: 0x00020000, ABSOLUTE)

    Execution Region ER_IROM1 (Exec base: 0x08000000, Load base: 0x08000000, Size: 0x0000741c, Max: 0x00020000, ABSOLUTE)

    Exec Addr    Load Addr    Size         Type   Attr      Idx    E Section Name        Object

    0x08000000   0x08000000   0x000001d8   Data   RO            3    RESET               startup_stm32g474xx.o
    0x080001d8   0x080001d8   0x00000008   Code   RO         4990  * !!!main             c_w.l(__main.o)
    0x080001e0   0x080001e0   0x00000034   Code   RO         5223    !!!scatter          c_w.l(__scatter.o)
    0x08000214   0x08000214   0x0000001a   Code   RO         5225    !!handler_copy      c_w.l(__scatter_copy.o)
    0x0800022e   0x0800022e   0x00000002   PAD
    0x08000230   0x08000230   0x0000001c   Code   RO         5227    !!handler_zi        c_w.l(__scatter_zi.o)
    0x0800024c   0x0800024c   0x00000002   Code   RO         5097    .ARM.Collect$$libinit$$00000000  c_w.l(libinit.o)
    0x0800024e   0x0800024e   0x00000004   Code   RO         5106    .ARM.Collect$$libinit$$00000001  c_w.l(libinit2.o)
    0x08000252   0x08000252   0x00000000   Code   RO         5109    .ARM.Collect$$libinit$$00000004  c_w.l(libinit2.o)
    0x08000252   0x08000252   0x00000000   Code   RO         5112    .ARM.Collect$$libinit$$0000000A  c_w.l(libinit2.o)
    0x08000252   0x08000252   0x00000000   Code   RO         5114    .ARM.Collect$$libinit$$0000000C  c_w.l(libinit2.o)
    0x08000252   0x08000252   0x00000000   Code   RO         5116    .ARM.Collect$$libinit$$0000000E  c_w.l(libinit2.o)
    0x08000252   0x08000252   0x00000000   Code   RO         5119    .ARM.Collect$$libinit$$00000011  c_w.l(libinit2.o)
    0x08000252   0x08000252   0x00000000   Code   RO         5121    .ARM.Collect$$libinit$$00000013  c_w.l(libinit2.o)
    0x08000252   0x08000252   0x00000000   Code   RO         5123    .ARM.Collect$$libinit$$00000015  c_w.l(libinit2.o)
    0x08000252   0x08000252   0x00000000   Code   RO         5125    .ARM.Collect$$libinit$$00000017  c_w.l(libinit2.o)
    0x08000252   0x08000252   0x00000000   Code   RO         5127    .ARM.Collect$$libinit$$00000019  c_w.l(libinit2.o)
    0x08000252   0x08000252   0x00000000   Code   RO         5129    .ARM.Collect$$libinit$$0000001B  c_w.l(libinit2.o)
    0x08000252   0x08000252   0x00000000   Code   RO         5131    .ARM.Collect$$libinit$$0000001D  c_w.l(libinit2.o)
    0x08000252   0x08000252   0x00000000   Code   RO         5133    .ARM.Collect$$libinit$$0000001F  c_w.l(libinit2.o)
    0x08000252   0x08000252   0x00000000   Code   RO         5135    .ARM.Collect$$libinit$$00000021  c_w.l(libinit2.o)
    0x08000252   0x08000252   0x00000000   Code   RO         5137    .ARM.Collect$$libinit$$00000023  c_w.l(libinit2.o)
    0x08000252   0x08000252   0x00000000   Code   RO         5139    .ARM.Collect$$libinit$$00000025  c_w.l(libinit2.o)
    0x08000252   0x08000252   0x00000000   Code   RO         5143    .ARM.Collect$$libinit$$0000002C  c_w.l(libinit2.o)
    0x08000252   0x08000252   0x00000000   Code   RO         5145    .ARM.Collect$$libinit$$0000002E  c_w.l(libinit2.o)
    0x08000252   0x08000252   0x00000000   Code   RO         5147    .ARM.Collect$$libinit$$00000030  c_w.l(libinit2.o)
    0x08000252   0x08000252   0x00000000   Code   RO         5149    .ARM.Collect$$libinit$$00000032  c_w.l(libinit2.o)
    0x08000252   0x08000252   0x00000002   Code   RO         5150    .ARM.Collect$$libinit$$00000033  c_w.l(libinit2.o)
    0x08000254   0x08000254   0x00000002   Code   RO         5181    .ARM.Collect$$libshutdown$$00000000  c_w.l(libshutdown.o)
    0x08000256   0x08000256   0x00000000   Code   RO         5208    .ARM.Collect$$libshutdown$$00000003  c_w.l(libshutdown2.o)
    0x08000256   0x08000256   0x00000000   Code   RO         5211    .ARM.Collect$$libshutdown$$00000006  c_w.l(libshutdown2.o)
    0x08000256   0x08000256   0x00000000   Code   RO         5214    .ARM.Collect$$libshutdown$$00000009  c_w.l(libshutdown2.o)
    0x08000256   0x08000256   0x00000000   Code   RO         5216    .ARM.Collect$$libshutdown$$0000000B  c_w.l(libshutdown2.o)
    0x08000256   0x08000256   0x00000000   Code   RO         5219    .ARM.Collect$$libshutdown$$0000000E  c_w.l(libshutdown2.o)
    0x08000256   0x08000256   0x00000002   Code   RO         5220    .ARM.Collect$$libshutdown$$0000000F  c_w.l(libshutdown2.o)
    0x08000258   0x08000258   0x00000000   Code   RO         5028    .ARM.Collect$$rtentry$$00000000  c_w.l(__rtentry.o)
    0x08000258   0x08000258   0x00000000   Code   RO         5058    .ARM.Collect$$rtentry$$00000002  c_w.l(__rtentry2.o)
    0x08000258   0x08000258   0x00000006   Code   RO         5070    .ARM.Collect$$rtentry$$00000004  c_w.l(__rtentry4.o)
    0x0800025e   0x0800025e   0x00000000   Code   RO         5060    .ARM.Collect$$rtentry$$00000009  c_w.l(__rtentry2.o)
    0x0800025e   0x0800025e   0x00000004   Code   RO         5061    .ARM.Collect$$rtentry$$0000000A  c_w.l(__rtentry2.o)
    0x08000262   0x08000262   0x00000000   Code   RO         5063    .ARM.Collect$$rtentry$$0000000C  c_w.l(__rtentry2.o)
    0x08000262   0x08000262   0x00000008   Code   RO         5064    .ARM.Collect$$rtentry$$0000000D  c_w.l(__rtentry2.o)
    0x0800026a   0x0800026a   0x00000002   Code   RO         5098    .ARM.Collect$$rtexit$$00000000  c_w.l(rtexit.o)
    0x0800026c   0x0800026c   0x00000000   Code   RO         5154    .ARM.Collect$$rtexit$$00000002  c_w.l(rtexit2.o)
    0x0800026c   0x0800026c   0x00000004   Code   RO         5155    .ARM.Collect$$rtexit$$00000003  c_w.l(rtexit2.o)
    0x08000270   0x08000270   0x00000006   Code   RO         5156    .ARM.Collect$$rtexit$$00000004  c_w.l(rtexit2.o)
    0x08000276   0x08000276   0x00000002   PAD
    0x08000278   0x08000278   0x00000040   Code   RO            4    .text               startup_stm32g474xx.o
    0x080002b8   0x080002b8   0x000000d0   Code   RO           13    .text               main_debug0.o
    0x08000388   0x08000388   0x000009dc   Code   RO           21    .text               foc_control_debug0.o
    0x08000d64   0x08000d64   0x000000dc   Code   RO          271    .text               gpio_debug0.o
    0x08000e40   0x08000e40   0x000002c8   Code   RO          279    .text               adc_debug0.o
    0x08001108   0x08001108   0x00000290   Code   RO          358    .text               spi_debug0.o
    0x08001398   0x08001398   0x0000023c   Code   RO          367    .text               tim_debug0.o
    0x080015d4   0x080015d4   0x00000074   Code   RO          418    .text               stm32g4xx_it_debug0.o
    0x08001648   0x08001648   0x000000ee   Code   RO         4984    .text               c_w.l(lludivv7m.o)
    0x08001736   0x08001736   0x0000004e   Code   RO         4986    .text               c_w.l(rt_memclr_w.o)
    0x08001784   0x08001784   0x00000006   Code   RO         4988    .text               c_w.l(heapauxi.o)
    0x0800178a   0x0800178a   0x00000016   Code   RO         5033    .text               c_w.l(_rserrno.o)
    0x080017a0   0x080017a0   0x00000008   Code   RO         5077    .text               c_w.l(rt_errno_addr_intlibspace.o)
    0x080017a8   0x080017a8   0x00000008   Code   RO         5081    .text               c_w.l(libspace.o)
    0x080017b0   0x080017b0   0x0000004a   Code   RO         5084    .text               c_w.l(sys_stackheap_outer.o)
    0x080017fa   0x080017fa   0x0000000c   Code   RO         5086    .text               c_w.l(exit.o)
    0x08001806   0x08001806   0x00000002   PAD
    0x08001808   0x08001808   0x0000000c   Code   RO         5151    .text               c_w.l(sys_exit.o)
    0x08001814   0x08001814   0x00000002   Code   RO         5170    .text               c_w.l(use_no_semi.o)
    0x08001816   0x08001816   0x00000000   Code   RO         5172    .text               c_w.l(indicate_semi.o)
    0x08001816   0x08001816   0x00000002   PAD
    0x08001818   0x08001818   0x00000070   Code   RO          454    i.ADC_Disable       stm32g4xx_hal_adc.o
    0x08001888   0x08001888   0x000000c4   Code   RO          455    i.ADC_Enable        stm32g4xx_hal_adc.o
    0x0800194c   0x0800194c   0x00000048   Code   RO         1874    i.DMA_CalcDMAMUXChannelBaseAndMask  stm32g4xx_hal_dma.o
    0x08001994   0x08001994   0x00000028   Code   RO         1875    i.DMA_CalcDMAMUXRequestGenBaseAndMask  stm32g4xx_hal_dma.o
    0x080019bc   0x080019bc   0x0000003e   Code   RO         1876    i.DMA_SetConfig     stm32g4xx_hal_dma.o
    0x080019fa   0x080019fa   0x00000002   PAD
    0x080019fc   0x080019fc   0x00000064   Code   RO         2528    i.FDCAN_CopyMessageToRAM  stm32g4xx_hal_fdcan.o
    0x08001a60   0x08001a60   0x0000005c   Code   RO           30    i.FOC_Can_Init      foc_can.o
    0x08001abc   0x08001abc   0x000000f4   Code   RO           31    i.FOC_Can_SendTelemetry  foc_can.o
    0x08001bb0   0x08001bb0   0x00000088   Code   RO          217    i.FOC_Spi2_Exchange  foc_spi2_link.o
    0x08001c38   0x08001c38   0x00000094   Code   RO          795    i.HAL_ADCEx_Calibration_Start  stm32g4xx_hal_adc_ex.o
    0x08001ccc   0x08001ccc   0x00000002   Code   RO          799    i.HAL_ADCEx_EndOfSamplingCallback  stm32g4xx_hal_adc_ex.o
    0x08001cce   0x08001cce   0x00000002   PAD
    0x08001cd0   0x08001cd0   0x0000055c   Code   RO          801    i.HAL_ADCEx_InjectedConfigChannel  stm32g4xx_hal_adc_ex.o
    0x0800222c   0x0800222c   0x00000002   Code   RO          805    i.HAL_ADCEx_InjectedQueueOverflowCallback  stm32g4xx_hal_adc_ex.o
    0x0800222e   0x0800222e   0x00000002   PAD
    0x08002230   0x08002230   0x00000158   Code   RO          807    i.HAL_ADCEx_InjectedStart_IT  stm32g4xx_hal_adc_ex.o
    0x08002388   0x08002388   0x00000002   Code   RO          810    i.HAL_ADCEx_LevelOutOfWindow2Callback  stm32g4xx_hal_adc_ex.o
    0x0800238a   0x0800238a   0x00000002   Code   RO          811    i.HAL_ADCEx_LevelOutOfWindow3Callback  stm32g4xx_hal_adc_ex.o
    0x0800238c   0x0800238c   0x0000015c   Code   RO          812    i.HAL_ADCEx_MultiModeConfigChannel  stm32g4xx_hal_adc_ex.o
    0x080024e8   0x080024e8   0x00000464   Code   RO          457    i.HAL_ADC_ConfigChannel  stm32g4xx_hal_adc.o
    0x0800294c   0x0800294c   0x00000002   Code   RO          458    i.HAL_ADC_ConvCpltCallback  stm32g4xx_hal_adc.o
    0x0800294e   0x0800294e   0x00000002   Code   RO          461    i.HAL_ADC_ErrorCallback  stm32g4xx_hal_adc.o
    0x08002950   0x08002950   0x000002b8   Code   RO          465    i.HAL_ADC_IRQHandler  stm32g4xx_hal_adc.o
    0x08002c08   0x08002c08   0x00000234   Code   RO          466    i.HAL_ADC_Init      stm32g4xx_hal_adc.o
    0x08002e3c   0x08002e3c   0x00000002   Code   RO          467    i.HAL_ADC_LevelOutOfWindowCallback  stm32g4xx_hal_adc.o
    0x08002e3e   0x08002e3e   0x00000070   Code   RO         1877    i.HAL_DMA_Abort     stm32g4xx_hal_dma.o
    0x08002eae   0x08002eae   0x00000078   Code   RO         1878    i.HAL_DMA_Abort_IT  stm32g4xx_hal_dma.o
    0x08002f26   0x08002f26   0x00000002   PAD
    0x08002f28   0x08002f28   0x000000a8   Code   RO         1879    i.HAL_DMA_DeInit    stm32g4xx_hal_dma.o
    0x08002fd0   0x08002fd0   0x000000ba   Code   RO         1882    i.HAL_DMA_IRQHandler  stm32g4xx_hal_dma.o
    0x0800308a   0x0800308a   0x00000002   PAD
    0x0800308c   0x0800308c   0x000000c4   Code   RO         1883    i.HAL_DMA_Init      stm32g4xx_hal_dma.o
    0x08003150   0x08003150   0x0000008c   Code   RO         1887    i.HAL_DMA_Start_IT  stm32g4xx_hal_dma.o
    0x080031dc   0x080031dc   0x00000024   Code   RO         1011    i.HAL_Delay         stm32g4xx_hal.o
    0x08003200   0x08003200   0x000000e0   Code   RO         2530    i.HAL_FDCAN_ActivateNotification  stm32g4xx_hal_fdcan.o
    0x080032e0   0x080032e0   0x0000004a   Code   RO         2531    i.HAL_FDCAN_AddMessageToTxFifoQ  stm32g4xx_hal_fdcan.o
    0x0800332a   0x0800332a   0x0000005c   Code   RO         2533    i.HAL_FDCAN_ConfigFilter  stm32g4xx_hal_fdcan.o
    0x08003386   0x08003386   0x00000036   Code   RO         2534    i.HAL_FDCAN_ConfigGlobalFilter  stm32g4xx_hal_fdcan.o
    0x080033bc   0x080033bc   0x00000002   Code   RO         2554    i.HAL_FDCAN_ErrorCallback  stm32g4xx_hal_fdcan.o
    0x080033be   0x080033be   0x00000002   Code   RO         2555    i.HAL_FDCAN_ErrorStatusCallback  stm32g4xx_hal_fdcan.o
    0x080033c0   0x080033c0   0x00000114   Code   RO         2564    i.HAL_FDCAN_GetRxMessage  stm32g4xx_hal_fdcan.o
    0x080034d4   0x080034d4   0x00000002   Code   RO         2570    i.HAL_FDCAN_HighPriorityMessageCallback  stm32g4xx_hal_fdcan.o
    0x080034d6   0x080034d6   0x00000164   Code   RO         2571    i.HAL_FDCAN_IRQHandler  stm32g4xx_hal_fdcan.o
    0x0800363a   0x0800363a   0x00000002   PAD
    0x0800363c   0x0800363c   0x00000218   Code   RO         2572    i.HAL_FDCAN_Init    stm32g4xx_hal_fdcan.o
    0x08003854   0x08003854   0x0000009c   Code   RO          317    i.HAL_FDCAN_MspInit  fdcan.o
    0x080038f0   0x080038f0   0x00000070   Code   RO           32    i.HAL_FDCAN_RxFifo0Callback  foc_can.o
    0x08003960   0x08003960   0x00000002   Code   RO         2580    i.HAL_FDCAN_RxFifo1Callback  stm32g4xx_hal_fdcan.o
    0x08003962   0x08003962   0x0000002c   Code   RO         2581    i.HAL_FDCAN_Start   stm32g4xx_hal_fdcan.o
    0x0800398e   0x0800398e   0x00000002   Code   RO         2583    i.HAL_FDCAN_TimeoutOccurredCallback  stm32g4xx_hal_fdcan.o
    0x08003990   0x08003990   0x00000002   Code   RO         2584    i.HAL_FDCAN_TimestampWraparoundCallback  stm32g4xx_hal_fdcan.o
    0x08003992   0x08003992   0x00000002   Code   RO         2585    i.HAL_FDCAN_TxBufferAbortCallback  stm32g4xx_hal_fdcan.o
    0x08003994   0x08003994   0x00000002   Code   RO         2586    i.HAL_FDCAN_TxBufferCompleteCallback  stm32g4xx_hal_fdcan.o
    0x08003996   0x08003996   0x00000002   Code   RO         2587    i.HAL_FDCAN_TxEventFifoCallback  stm32g4xx_hal_fdcan.o
    0x08003998   0x08003998   0x00000002   Code   RO         2588    i.HAL_FDCAN_TxFifoEmptyCallback  stm32g4xx_hal_fdcan.o
    0x0800399a   0x0800399a   0x00000002   PAD
    0x0800399c   0x0800399c   0x00000150   Code   RO         1736    i.HAL_GPIO_DeInit   stm32g4xx_hal_gpio.o
    0x08003aec   0x08003aec   0x00000234   Code   RO         1739    i.HAL_GPIO_Init     stm32g4xx_hal_gpio.o
    0x08003d20   0x08003d20   0x0000000a   Code   RO         1743    i.HAL_GPIO_WritePin  stm32g4xx_hal_gpio.o
    0x08003d2a   0x08003d2a   0x00000002   PAD
    0x08003d2c   0x08003d2c   0x0000000c   Code   RO         1015    i.HAL_GetTick       stm32g4xx_hal.o
    0x08003d38   0x08003d38   0x00000010   Code   RO         1021    i.HAL_IncTick       stm32g4xx_hal.o
    0x08003d48   0x08003d48   0x0000001e   Code   RO         1022    i.HAL_Init          stm32g4xx_hal.o
    0x08003d66   0x08003d66   0x00000002   PAD
    0x08003d68   0x08003d68   0x00000044   Code   RO         1023    i.HAL_InitTick      stm32g4xx_hal.o
    0x08003dac   0x08003dac   0x00000030   Code   RO          426    i.HAL_MspInit       stm32g4xx_hal_msp.o
    0x08003ddc   0x08003ddc   0x00000022   Code   RO         2387    i.HAL_NVIC_DisableIRQ  stm32g4xx_hal_cortex.o
    0x08003dfe   0x08003dfe   0x0000001a   Code   RO         2388    i.HAL_NVIC_EnableIRQ  stm32g4xx_hal_cortex.o
    0x08003e18   0x08003e18   0x00000040   Code   RO         2394    i.HAL_NVIC_SetPriority  stm32g4xx_hal_cortex.o
    0x08003e58   0x08003e58   0x00000024   Code   RO         2395    i.HAL_NVIC_SetPriorityGrouping  stm32g4xx_hal_cortex.o
    0x08003e7c   0x08003e7c   0x000000bc   Code   RO         2142    i.HAL_PWREx_ControlVoltageScaling  stm32g4xx_hal_pwr_ex.o
    0x08003f38   0x08003f38   0x00000010   Code   RO         2154    i.HAL_PWREx_DisableUCPDDeadBattery  stm32g4xx_hal_pwr_ex.o
    0x08003f48   0x08003f48   0x00000300   Code   RO         1385    i.HAL_RCCEx_PeriphCLKConfig  stm32g4xx_hal_rcc_ex.o
    0x08004248   0x08004248   0x000001dc   Code   RO         1260    i.HAL_RCC_ClockConfig  stm32g4xx_hal_rcc.o
    0x08004424   0x08004424   0x00000024   Code   RO         1268    i.HAL_RCC_GetPCLK1Freq  stm32g4xx_hal_rcc.o
    0x08004448   0x08004448   0x00000024   Code   RO         1269    i.HAL_RCC_GetPCLK2Freq  stm32g4xx_hal_rcc.o
    0x0800446c   0x0800446c   0x0000006c   Code   RO         1270    i.HAL_RCC_GetSysClockFreq  stm32g4xx_hal_rcc.o
    0x080044d8   0x080044d8   0x00000404   Code   RO         1273    i.HAL_RCC_OscConfig  stm32g4xx_hal_rcc.o
    0x080048dc   0x080048dc   0x000000fc   Code   RO         2923    i.HAL_SPI_IRQHandler  stm32g4xx_hal_spi.o
    0x080049d8   0x080049d8   0x000000ea   Code   RO         2924    i.HAL_SPI_Init      stm32g4xx_hal_spi.o
    0x08004ac2   0x08004ac2   0x00000002   Code   RO         2930    i.HAL_SPI_RxCpltCallback  stm32g4xx_hal_spi.o
    0x08004ac4   0x08004ac4   0x00000002   Code   RO         2931    i.HAL_SPI_RxHalfCpltCallback  stm32g4xx_hal_spi.o
    0x08004ac6   0x08004ac6   0x00000272   Code   RO         2933    i.HAL_SPI_TransmitReceive  stm32g4xx_hal_spi.o
    0x08004d38   0x08004d38   0x000001b4   Code   RO         2934    i.HAL_SPI_TransmitReceive_DMA  stm32g4xx_hal_spi.o
    0x08004eec   0x08004eec   0x00000002   Code   RO         2941    i.HAL_SPI_TxRxHalfCpltCallback  stm32g4xx_hal_spi.o
    0x08004eee   0x08004eee   0x00000028   Code   RO         2399    i.HAL_SYSTICK_Config  stm32g4xx_hal_cortex.o
    0x08004f16   0x08004f16   0x00000002   Code   RO         3980    i.HAL_TIMEx_Break2Callback  stm32g4xx_hal_tim_ex.o
    0x08004f18   0x08004f18   0x00000002   Code   RO         3981    i.HAL_TIMEx_BreakCallback  stm32g4xx_hal_tim_ex.o
    0x08004f1a   0x08004f1a   0x00000002   Code   RO         3982    i.HAL_TIMEx_CommutCallback  stm32g4xx_hal_tim_ex.o
    0x08004f1c   0x08004f1c   0x000000a8   Code   RO         3985    i.HAL_TIMEx_ConfigBreakDeadTime  stm32g4xx_hal_tim_ex.o
    0x08004fc4   0x08004fc4   0x00000002   Code   RO         3993    i.HAL_TIMEx_DirectionChangeCallback  stm32g4xx_hal_tim_ex.o
    0x08004fc6   0x08004fc6   0x00000002   Code   RO         4007    i.HAL_TIMEx_EncoderIndexCallback  stm32g4xx_hal_tim_ex.o
    0x08004fc8   0x08004fc8   0x00000002   Code   RO         4021    i.HAL_TIMEx_IndexErrorCallback  stm32g4xx_hal_tim_ex.o
    0x08004fca   0x08004fca   0x00000002   PAD
    0x08004fcc   0x08004fcc   0x000000b8   Code   RO         4022    i.HAL_TIMEx_MasterConfigSynchronization  stm32g4xx_hal_tim_ex.o
    0x08005084   0x08005084   0x00000002   Code   RO         4043    i.HAL_TIMEx_TransitionErrorCallback  stm32g4xx_hal_tim_ex.o
    0x08005086   0x08005086   0x00000062   Code   RO         3266    i.HAL_TIM_Base_Init  stm32g4xx_hal_tim.o
    0x080050e8   0x080050e8   0x0000008c   Code   RO         3271    i.HAL_TIM_Base_Start_IT  stm32g4xx_hal_tim.o
    0x08005174   0x08005174   0x000000f0   Code   RO         3275    i.HAL_TIM_ConfigClockSource  stm32g4xx_hal_tim.o
    0x08005264   0x08005264   0x00000002   Code   RO         3300    i.HAL_TIM_IC_CaptureCallback  stm32g4xx_hal_tim.o
    0x08005266   0x08005266   0x000001a2   Code   RO         3314    i.HAL_TIM_IRQHandler  stm32g4xx_hal_tim.o
    0x08005408   0x08005408   0x00000002   Code   RO         3317    i.HAL_TIM_OC_DelayElapsedCallback  stm32g4xx_hal_tim.o
    0x0800540a   0x0800540a   0x00000124   Code   RO         3338    i.HAL_TIM_PWM_ConfigChannel  stm32g4xx_hal_tim.o
    0x0800552e   0x0800552e   0x00000062   Code   RO         3341    i.HAL_TIM_PWM_Init  stm32g4xx_hal_tim.o
    0x08005590   0x08005590   0x00000002   Code   RO         3343    i.HAL_TIM_PWM_MspInit  stm32g4xx_hal_tim.o
    0x08005592   0x08005592   0x00000002   Code   RO         3344    i.HAL_TIM_PWM_PulseFinishedCallback  stm32g4xx_hal_tim.o
    0x08005594   0x08005594   0x00000114   Code   RO         3346    i.HAL_TIM_PWM_Start  stm32g4xx_hal_tim.o
    0x080056a8   0x080056a8   0x00000002   Code   RO         3357    i.HAL_TIM_TriggerCallback  stm32g4xx_hal_tim.o
    0x080056aa   0x080056aa   0x0000003e   Code   RO         4829    i.HAL_UARTEx_DisableFifoMode  stm32g4xx_hal_uart_ex.o
    0x080056e8   0x080056e8   0x00000002   Code   RO         4418    i.HAL_UARTEx_RxEventCallback  stm32g4xx_hal_uart.o
    0x080056ea   0x080056ea   0x00000002   Code   RO         4837    i.HAL_UARTEx_RxFifoFullCallback  stm32g4xx_hal_uart_ex.o
    0x080056ec   0x080056ec   0x0000004c   Code   RO         4838    i.HAL_UARTEx_SetRxFifoThreshold  stm32g4xx_hal_uart_ex.o
    0x08005738   0x08005738   0x0000004c   Code   RO         4839    i.HAL_UARTEx_SetTxFifoThreshold  stm32g4xx_hal_uart_ex.o
    0x08005784   0x08005784   0x00000002   Code   RO         4841    i.HAL_UARTEx_TxFifoEmptyCallback  stm32g4xx_hal_uart_ex.o
    0x08005786   0x08005786   0x00000002   Code   RO         4842    i.HAL_UARTEx_WakeupCallback  stm32g4xx_hal_uart_ex.o
    0x08005788   0x08005788   0x00000002   Code   RO         4434    i.HAL_UART_ErrorCallback  stm32g4xx_hal_uart.o
    0x0800578a   0x0800578a   0x00000002   PAD
    0x0800578c   0x0800578c   0x0000031c   Code   RO         4437    i.HAL_UART_IRQHandler  stm32g4xx_hal_uart.o
    0x08005aa8   0x08005aa8   0x0000006a   Code   RO         4438    i.HAL_UART_Init     stm32g4xx_hal_uart.o
    0x08005b12   0x08005b12   0x00000002   PAD
    0x08005b14   0x08005b14   0x000000c0   Code   RO          377    i.HAL_UART_MspInit  usart.o
    0x08005bd4   0x08005bd4   0x00000002   Code   RO         4450    i.HAL_UART_TxCpltCallback  stm32g4xx_hal_uart.o
    0x08005bd6   0x08005bd6   0x0000000c   Code   RO          480    i.LL_ADC_GetOffsetChannel  stm32g4xx_hal_adc.o
    0x08005be2   0x08005be2   0x0000000c   Code   RO          820    i.LL_ADC_GetOffsetChannel  stm32g4xx_hal_adc_ex.o
    0x08005bee   0x08005bee   0x00000008   Code   RO          481    i.LL_ADC_INJ_IsConversionOngoing  stm32g4xx_hal_adc.o
    0x08005bf6   0x08005bf6   0x00000008   Code   RO          821    i.LL_ADC_INJ_IsConversionOngoing  stm32g4xx_hal_adc_ex.o
    0x08005bfe   0x08005bfe   0x00000008   Code   RO          482    i.LL_ADC_REG_IsConversionOngoing  stm32g4xx_hal_adc.o
    0x08005c06   0x08005c06   0x00000008   Code   RO          822    i.LL_ADC_REG_IsConversionOngoing  stm32g4xx_hal_adc_ex.o
    0x08005c0e   0x08005c0e   0x00000010   Code   RO          483    i.LL_ADC_REG_IsTriggerSourceSWStart  stm32g4xx_hal_adc.o
    0x08005c1e   0x08005c1e   0x0000001e   Code   RO          485    i.LL_ADC_SetChannelSamplingTime  stm32g4xx_hal_adc.o
    0x08005c3c   0x08005c3c   0x0000001e   Code   RO          823    i.LL_ADC_SetChannelSamplingTime  stm32g4xx_hal_adc_ex.o
    0x08005c5a   0x08005c5a   0x00000010   Code   RO          486    i.LL_ADC_SetOffsetState  stm32g4xx_hal_adc.o
    0x08005c6a   0x08005c6a   0x00000010   Code   RO          824    i.LL_ADC_SetOffsetState  stm32g4xx_hal_adc_ex.o
    0x08005c7a   0x08005c7a   0x00000002   PAD
    0x08005c7c   0x08005c7c   0x0000005c   Code   RO          289    i.MX_DMA_Init       dma.o
    0x08005cd8   0x08005cd8   0x00000050   Code   RO          318    i.MX_FDCAN1_Init    fdcan.o
    0x08005d28   0x08005d28   0x00000068   Code   RO          378    i.MX_USART1_UART_Init  usart.o
    0x08005d90   0x08005d90   0x00000012   Code   RO         2951    i.SPI_DMAAbortOnError  stm32g4xx_hal_spi.o
    0x08005da2   0x08005da2   0x00000022   Code   RO         2952    i.SPI_DMAError      stm32g4xx_hal_spi.o
    0x08005dc4   0x08005dc4   0x0000000a   Code   RO         2953    i.SPI_DMAHalfReceiveCplt  stm32g4xx_hal_spi.o
    0x08005dce   0x08005dce   0x0000000a   Code   RO         2955    i.SPI_DMAHalfTransmitReceiveCplt  stm32g4xx_hal_spi.o
    0x08005dd8   0x08005dd8   0x0000006c   Code   RO         2956    i.SPI_DMAReceiveCplt  stm32g4xx_hal_spi.o
    0x08005e44   0x08005e44   0x0000005c   Code   RO         2959    i.SPI_DMATransmitReceiveCplt  stm32g4xx_hal_spi.o
    0x08005ea0   0x08005ea0   0x00000074   Code   RO         2961    i.SPI_EndRxTransaction  stm32g4xx_hal_spi.o
    0x08005f14   0x08005f14   0x00000048   Code   RO         2962    i.SPI_EndRxTxTransaction  stm32g4xx_hal_spi.o
    0x08005f5c   0x08005f5c   0x000000e0   Code   RO         2967    i.SPI_WaitFifoStateUntilTimeout  stm32g4xx_hal_spi.o
    0x0800603c   0x0800603c   0x000000bc   Code   RO         2968    i.SPI_WaitFlagStateUntilTimeout  stm32g4xx_hal_spi.o
    0x080060f8   0x080060f8   0x00000010   Code   RO         4948    i.SystemInit        system_stm32g4xx.o
    0x08006108   0x08006108   0x000000dc   Code   RO         3359    i.TIM_Base_SetConfig  stm32g4xx_hal_tim.o
    0x080061e4   0x080061e4   0x0000001a   Code   RO         3360    i.TIM_CCxChannelCmd  stm32g4xx_hal_tim.o
    0x080061fe   0x080061fe   0x00000014   Code   RO         3370    i.TIM_ETR_SetConfig  stm32g4xx_hal_tim.o
    0x08006212   0x08006212   0x00000002   PAD
    0x08006214   0x08006214   0x00000014   Code   RO         3371    i.TIM_ITRx_SetConfig  stm32g4xx_hal_tim.o
    0x08006228   0x08006228   0x000000b4   Code   RO         3372    i.TIM_OC1_SetConfig  stm32g4xx_hal_tim.o
    0x080062dc   0x080062dc   0x000000a8   Code   RO         3373    i.TIM_OC2_SetConfig  stm32g4xx_hal_tim.o
    0x08006384   0x08006384   0x000000a8   Code   RO         3374    i.TIM_OC3_SetConfig  stm32g4xx_hal_tim.o
    0x0800642c   0x0800642c   0x000000a8   Code   RO         3375    i.TIM_OC4_SetConfig  stm32g4xx_hal_tim.o
    0x080064d4   0x080064d4   0x00000078   Code   RO         3376    i.TIM_OC5_SetConfig  stm32g4xx_hal_tim.o
    0x0800654c   0x0800654c   0x0000007c   Code   RO         3377    i.TIM_OC6_SetConfig  stm32g4xx_hal_tim.o
    0x080065c8   0x080065c8   0x00000068   Code   RO         3379    i.TIM_TI1_ConfigInputStage  stm32g4xx_hal_tim.o
    0x08006630   0x08006630   0x0000004c   Code   RO         3381    i.TIM_TI2_ConfigInputStage  stm32g4xx_hal_tim.o
    0x0800667c   0x0800667c   0x00000044   Code   RO         4843    i.UARTEx_SetNbDataToProcess  stm32g4xx_hal_uart_ex.o
    0x080066c0   0x080066c0   0x000000c8   Code   RO         4452    i.UART_AdvFeatureConfig  stm32g4xx_hal_uart.o
    0x08006788   0x08006788   0x000000ac   Code   RO         4453    i.UART_CheckIdleState  stm32g4xx_hal_uart.o
    0x08006834   0x08006834   0x0000000a   Code   RO         4454    i.UART_DMAAbortOnError  stm32g4xx_hal_uart.o
    0x0800683e   0x0800683e   0x00000002   PAD
    0x08006840   0x08006840   0x00000054   Code   RO         4464    i.UART_EndRxTransfer  stm32g4xx_hal_uart.o
    0x08006894   0x08006894   0x00000298   Code   RO         4470    i.UART_SetConfig    stm32g4xx_hal_uart.o
    0x08006b2c   0x08006b2c   0x00000094   Code   RO         4477    i.UART_WaitOnFlagUntilTimeout  stm32g4xx_hal_uart.o
    0x08006bc0   0x08006bc0   0x00000026   Code   RO         5038    i.__ARM_fpclassifyf  m_wm.l(fpclassifyf.o)
    0x08006be6   0x08006be6   0x00000020   Code   RO         2401    i.__NVIC_SetPriority  stm32g4xx_hal_cortex.o
    0x08006c06   0x08006c06   0x00000002   PAD
    0x08006c08   0x08006c08   0x00000150   Code   RO         4992    i.__hardfp_cosf     m_wm.l(cosf.o)
    0x08006d58   0x08006d58   0x000000b0   Code   RO         5004    i.__hardfp_fmodf    m_wm.l(fmodf.o)
    0x08006e08   0x08006e08   0x00000190   Code   RO         5016    i.__hardfp_sinf     m_wm.l(sinf.o)
    0x08006f98   0x08006f98   0x00000006   Code   RO         5041    i.__mathlib_flt_infnan  m_wm.l(funder.o)
    0x08006f9e   0x08006f9e   0x00000002   PAD
    0x08006fa0   0x08006fa0   0x00000010   Code   RO         5043    i.__mathlib_flt_invalid  m_wm.l(funder.o)
    0x08006fb0   0x08006fb0   0x00000010   Code   RO         5046    i.__mathlib_flt_underflow  m_wm.l(funder.o)
    0x08006fc0   0x08006fc0   0x00000154   Code   RO         5054    i.__mathlib_rredf2  m_wm.l(rredf.o)
    0x08007114   0x08007114   0x00000038   Code   RO          219    i.float_to_i16      foc_spi2_link.o
    0x0800714c   0x0800714c   0x00000008   Code   RO           33    i.foc_can_write_i16  foc_can.o
    0x08007154   0x08007154   0x00000016   Code   RO          220    i.frame_crc         foc_spi2_link.o
    0x0800716a   0x0800716a   0x00000002   PAD
    0x0800716c   0x0800716c   0x00000094   Code   RO          221    i.prepare_telemetry_frame  foc_spi2_link.o
    0x08007200   0x08007200   0x0000008c   Code   RO         5079    x$fpl$fnaninf       fz_wm.l(fnaninf.o)
    0x0800728c   0x0800728c   0x0000000a   Code   RO         5166    x$fpl$fpinit        fz_wm.l(fpinit.o)
    0x08007296   0x08007296   0x00000002   PAD
    0x08007298   0x08007298   0x000000f4   Code   RO         5035    x$fpl$frem          fz_wm.l(frem_clz.o)
    0x0800738c   0x0800738c   0x00000000   Code   RO         5037    x$fpl$usenofp       fz_wm.l(usenofp.o)
    0x0800738c   0x0800738c   0x00000010   Data   RO         2589    .constdata          stm32g4xx_hal_fdcan.o
    0x0800739c   0x0800739c   0x00000018   Data   RO         4478    .constdata          stm32g4xx_hal_uart.o
    0x080073b4   0x080073b4   0x00000010   Data   RO         4844    .constdata          stm32g4xx_hal_uart_ex.o
    0x080073c4   0x080073c4   0x00000010   Data   RO         4949    .constdata          system_stm32g4xx.o
    0x080073d4   0x080073d4   0x00000008   Data   RO         4950    .constdata          system_stm32g4xx.o
    0x080073dc   0x080073dc   0x00000020   Data   RO         5055    .constdata          m_wm.l(rredf.o)
    0x080073fc   0x080073fc   0x00000020   Data   RO         5221    Region$$Table       anon$$obj.o


    Execution Region RW_IRAM1 (Exec base: 0x20000000, Load base: 0x0800741c, Size: 0x00000c00, Max: 0x00020000, ABSOLUTE)

    Exec Addr    Load Addr    Size         Type   Attr      Idx    E Section Name        Object

    0x20000000   0x0800741c   0x000000ac   Data   RW           22    .data               foc_control_debug0.o
    0x200000ac   0x080074c8   0x00000008   Data   RW          223    .data               foc_spi2_link.o
    0x200000b4   0x080074d0   0x00000004   Data   RW          281    .data               adc_debug0.o
    0x200000b8   0x080074d4   0x0000000c   Data   RW         1042    .data               stm32g4xx_hal.o
    0x200000c4   0x080074e0   0x00000004   Data   RW         4951    .data               system_stm32g4xx.o
    0x200000c8        -       0x00000020   Zero   RW          222    .bss                foc_spi2_link.o
    0x200000e8        -       0x000000d8   Zero   RW          280    .bss                adc_debug0.o
    0x200001c0        -       0x00000064   Zero   RW          319    .bss                fdcan.o
    0x20000224        -       0x000001ec   Zero   RW          359    .bss                spi_debug0.o
    0x20000410        -       0x00000098   Zero   RW          368    .bss                tim_debug0.o
    0x200004a8        -       0x000000f4   Zero   RW          379    .bss                usart.o
    0x2000059c        -       0x00000060   Zero   RW         5082    .bss                c_w.l(libspace.o)
    0x200005fc   0x080074e4   0x00000004   PAD
    0x20000600        -       0x00000200   Zero   RW            2    HEAP                startup_stm32g474xx.o
    0x20000800        -       0x00000400   Zero   RW            1    STACK               startup_stm32g474xx.o


==============================================================================

Image component sizes


      Code (inc. data)   RO Data    RW Data    ZI Data      Debug   Object Name

       712         36          0          4        216        256   adc_debug0.o
        92          4          0          0          0        786   dma.o
       236         18          0          0        100       1683   fdcan.o
       456         30          0          0          0     742772   foc_can.o
      2524        150          0        172          0       1292   foc_control_debug0.o
       362         52          0          8         32       2916   foc_spi2_link.o
       220         12          0          0          0        140   gpio_debug0.o
       208          0          0          0          0        268   main_debug0.o
       656         34          0          0        492        276   spi_debug0.o
        64         26        472          0       1536        832   startup_stm32g474xx.o
       162         24          0         12          0       4109   stm32g4xx_hal.o
      2788        166          0          0          0    1018570   stm32g4xx_hal_adc.o
      2294        130          0          0          0      77608   stm32g4xx_hal_adc_ex.o
       232         14          0          0          0      33981   stm32g4xx_hal_cortex.o
      1096         44          0          0          0       6579   stm32g4xx_hal_dma.o
      1776         34         16          0          0      16145   stm32g4xx_hal_fdcan.o
       910         62          0          0          0       2794   stm32g4xx_hal_gpio.o
        48          6          0          0          0        822   stm32g4xx_hal_msp.o
       204         18          0          0          0       1349   stm32g4xx_hal_pwr_ex.o
      1684         88          0          0          0       5932   stm32g4xx_hal_rcc.o
       768         10          0          0          0       1860   stm32g4xx_hal_rcc_ex.o
      2426         38          0          0          0      12653   stm32g4xx_hal_spi.o
      2966        334          0          0          0      17114   stm32g4xx_hal_tim.o
       366         48          0          0          0       5972   stm32g4xx_hal_tim_ex.o
      2186         90         24          0          0      28268   stm32g4xx_hal_uart.o
       288          6         16          0          0       4982   stm32g4xx_hal_uart_ex.o
       116         36          0          0          0        504   stm32g4xx_it_debug0.o
        16          4         24          4          0       1071   system_stm32g4xx.o
       572         16          0          0        152        240   tim_debug0.o
       296         30          0          0        244       1773   usart.o

    ----------------------------------------------------------------------
     26758       1560        584        200       2772    1993547   Object Totals
         0          0         32          0          0          0   (incl. Generated)
        34          0          0          0          0          0   (incl. Padding)

    ----------------------------------------------------------------------

      Code (inc. data)   RO Data    RW Data    ZI Data      Debug   Library Member Name

         8          0          0          0          0         68   __main.o
         0          0          0          0          0          0   __rtentry.o
        12          0          0          0          0          0   __rtentry2.o
         6          0          0          0          0          0   __rtentry4.o
        52          8          0          0          0          0   __scatter.o
        26          0          0          0          0          0   __scatter_copy.o
        28          0          0          0          0          0   __scatter_zi.o
        22          0          0          0          0        100   _rserrno.o
        12          0          0          0          0         72   exit.o
         6          0          0          0          0        152   heapauxi.o
         0          0          0          0          0          0   indicate_semi.o
         2          0          0          0          0          0   libinit.o
         6          0          0          0          0          0   libinit2.o
         2          0          0          0          0          0   libshutdown.o
         2          0          0          0          0          0   libshutdown2.o
         8          4          0          0         96         68   libspace.o
       238          0          0          0          0        100   lludivv7m.o
         8          4          0          0          0         68   rt_errno_addr_intlibspace.o
        78          0          0          0          0         80   rt_memclr_w.o
         2          0          0          0          0          0   rtexit.o
        10          0          0          0          0          0   rtexit2.o
        12          4          0          0          0         68   sys_exit.o
        74          0          0          0          0         80   sys_stackheap_outer.o
         2          0          0          0          0         68   use_no_semi.o
       140          4          0          0          0        132   fnaninf.o
        10          0          0          0          0        116   fpinit.o
       244          8          0          0          0        132   frem_clz.o
         0          0          0          0          0          0   usenofp.o
       336         56          0          0          0        136   cosf.o
       176          0          0          0          0        168   fmodf.o
        38          0          0          0          0        116   fpclassifyf.o
        38         12          0          0          0        348   funder.o
       340         24         32          0          0        160   rredf.o
       400         56          0          0          0        212   sinf.o

    ----------------------------------------------------------------------
      2350        180         32          0        100       2444   Library Totals
        12          0          0          0          4          0   (incl. Padding)

    ----------------------------------------------------------------------

      Code (inc. data)   RO Data    RW Data    ZI Data      Debug   Library Name

       616         20          0          0         96        924   c_w.l
       394         12          0          0          0        380   fz_wm.l
      1328        148         32          0          0       1140   m_wm.l

    ----------------------------------------------------------------------
      2350        180         32          0        100       2444   Library Totals

    ----------------------------------------------------------------------

==============================================================================


      Code (inc. data)   RO Data    RW Data    ZI Data      Debug   

     29108       1740        616        200       2872    1978227   Grand Totals
     29108       1740        616        200       2872    1978227   ELF Image Totals
     29108       1740        616        200          0          0   ROM Totals

==============================================================================

    Total RO  Size (Code + RO Data)                29724 (  29.03kB)
    Total RW  Size (RW Data + ZI Data)              3072 (   3.00kB)
    Total ROM Size (Code + RO Data + RW Data)      29924 (  29.22kB)

==============================================================================

