Load "ROBOCUP\\ROBOCUP.axf" 
* JLink Info: Device "CORTEX-M4" selected.
Set JLink Project File to "e:\myCode\STM32\SRC-FOC\SRC-FOC\JLinkSettings.ini"* JLink Info: Device "CORTEX-M4" selected.

JLink info:
------------
DLL: V4.96d, compiled Jan 29 2015 11:45:37
Firmware: J-Link V9 compiled Mar  2 2016 14:43:29
Hardware: V9.20
Feature(s) : RDI, GDB, FlashDL, FlashBP, JFlash 

* JLink Info: Found SWD-DP with ID 0x2BA01477
* JLink Info: Found Cortex-M4 r0p1, Little endian.
* JLink Info: FPUnit: 6 code (BP) slots and 2 literal slots
* JLink Info: TPIU fitted.
* JLink Info: ETM fitted.
ROMTableAddr = 0xE00FF003

Target info:
------------
Device: STM32G474CBTx
VTarget = 3.298V
State of Pins: TCK: 0, TDI: 0, TDO: 1, TMS: 1, TRES: 1, TRST: 1
Hardware-Breakpoints: 6
Software-Breakpoints: 8192
Watchpoints:          4
JTAG speed: 1000 kHz

Erase Done.Programming Done.Verify OK.Flash Load finished at 18:24:10
