Component: ARM Compiler 5.05 update 1 (build 106) Tool: armlink [4d0efa]

==============================================================================

Section Cross References

    startup_stm32g474xx.o(STACK) refers (Special) to heapauxi.o(.text) for __use_two_region_memory
    startup_stm32g474xx.o(HEAP) refers (Special) to heapauxi.o(.text) for __use_two_region_memory
    startup_stm32g474xx.o(RESET) refers (Special) to heapauxi.o(.text) for __use_two_region_memory
    startup_stm32g474xx.o(RESET) refers to startup_stm32g474xx.o(STACK) for __initial_sp
    startup_stm32g474xx.o(RESET) refers to startup_stm32g474xx.o(.text) for Reset_Handler
    startup_stm32g474xx.o(RESET) refers to stm32g4xx_it.o(i.NMI_Handler) for NMI_Handler
    startup_stm32g474xx.o(RESET) refers to stm32g4xx_it.o(i.HardFault_Handler) for HardFault_Handler
    startup_stm32g474xx.o(RESET) refers to stm32g4xx_it.o(i.MemManage_Handler) for MemManage_Handler
    startup_stm32g474xx.o(RESET) refers to stm32g4xx_it.o(i.BusFault_Handler) for BusFault_Handler
    startup_stm32g474xx.o(RESET) refers to stm32g4xx_it.o(i.UsageFault_Handler) for UsageFault_Handler
    startup_stm32g474xx.o(RESET) refers to stm32g4xx_it.o(i.SVC_Handler) for SVC_Handler
    startup_stm32g474xx.o(RESET) refers to stm32g4xx_it.o(i.DebugMon_Handler) for DebugMon_Handler
    startup_stm32g474xx.o(RESET) refers to stm32g4xx_it.o(i.PendSV_Handler) for PendSV_Handler
    startup_stm32g474xx.o(RESET) refers to stm32g4xx_it.o(i.SysTick_Handler) for SysTick_Handler
    startup_stm32g474xx.o(RESET) refers to stm32g4xx_it.o(i.DMA1_Channel1_IRQHandler) for DMA1_Channel1_IRQHandler
    startup_stm32g474xx.o(RESET) refers to stm32g4xx_it.o(i.DMA1_Channel2_IRQHandler) for DMA1_Channel2_IRQHandler
    startup_stm32g474xx.o(RESET) refers to stm32g4xx_it.o(i.DMA1_Channel3_IRQHandler) for DMA1_Channel3_IRQHandler
    startup_stm32g474xx.o(RESET) refers to stm32g4xx_it.o(i.ADC1_2_IRQHandler) for ADC1_2_IRQHandler
    startup_stm32g474xx.o(RESET) refers to stm32g4xx_it.o(i.FDCAN1_IT0_IRQHandler) for FDCAN1_IT0_IRQHandler
    startup_stm32g474xx.o(RESET) refers to stm32g4xx_it.o(i.FDCAN1_IT1_IRQHandler) for FDCAN1_IT1_IRQHandler
    startup_stm32g474xx.o(RESET) refers to stm32g4xx_it.o(i.TIM1_BRK_TIM15_IRQHandler) for TIM1_BRK_TIM15_IRQHandler
    startup_stm32g474xx.o(RESET) refers to stm32g4xx_it.o(i.SPI1_IRQHandler) for SPI1_IRQHandler
    startup_stm32g474xx.o(RESET) refers to stm32g4xx_it.o(i.USART1_IRQHandler) for USART1_IRQHandler
    startup_stm32g474xx.o(RESET) refers to stm32g4xx_it.o(i.TIM5_IRQHandler) for TIM5_IRQHandler
    startup_stm32g474xx.o(.text) refers (Special) to heapauxi.o(.text) for __use_two_region_memory
    startup_stm32g474xx.o(.text) refers to system_stm32g4xx.o(i.SystemInit) for SystemInit
    startup_stm32g474xx.o(.text) refers to __main.o(!!!main) for __main
    startup_stm32g474xx.o(.text) refers to startup_stm32g474xx.o(HEAP) for Heap_Mem
    startup_stm32g474xx.o(.text) refers to startup_stm32g474xx.o(STACK) for Stack_Mem
    main.o(i.SystemClock_Config) refers to rt_memclr_w.o(.text) for __aeabi_memclr4
    main.o(i.SystemClock_Config) refers to stm32g4xx_hal_pwr_ex.o(i.HAL_PWREx_ControlVoltageScaling) for HAL_PWREx_ControlVoltageScaling
    main.o(i.SystemClock_Config) refers to stm32g4xx_hal_rcc.o(i.HAL_RCC_OscConfig) for HAL_RCC_OscConfig
    main.o(i.SystemClock_Config) refers to stm32g4xx_hal_rcc.o(i.HAL_RCC_ClockConfig) for HAL_RCC_ClockConfig
    main.o(i.main) refers to stm32g4xx_hal.o(i.HAL_Init) for HAL_Init
    main.o(i.main) refers to main.o(i.SystemClock_Config) for SystemClock_Config
    main.o(i.main) refers to gpio.o(i.MX_GPIO_Init) for MX_GPIO_Init
    main.o(i.main) refers to dma.o(i.MX_DMA_Init) for MX_DMA_Init
    main.o(i.main) refers to adc.o(i.MX_ADC1_Init) for MX_ADC1_Init
    main.o(i.main) refers to fdcan.o(i.MX_FDCAN1_Init) for MX_FDCAN1_Init
    main.o(i.main) refers to spi.o(i.MX_SPI1_Init) for MX_SPI1_Init
    main.o(i.main) refers to spi.o(i.MX_SPI3_Init) for MX_SPI3_Init
    main.o(i.main) refers to tim.o(i.MX_TIM1_Init) for MX_TIM1_Init
    main.o(i.main) refers to tim.o(i.MX_TIM5_Init) for MX_TIM5_Init
    main.o(i.main) refers to usart.o(i.MX_USART1_UART_Init) for MX_USART1_UART_Init
    main.o(i.main) refers to adc.o(i.MX_ADC2_Init) for MX_ADC2_Init
    main.o(i.main) refers to spi.o(i.MX_SPI2_Init) for MX_SPI2_Init
    main.o(i.main) refers to foc_control.o(i.FOC_Init) for FOC_Init
    main.o(i.main) refers to foc_control.o(i.FOC_SetTorque) for FOC_SetTorque
    main.o(i.main) refers to stm32g4xx_hal.o(i.HAL_GetTick) for HAL_GetTick
    main.o(i.main) refers to stm32g4xx_hal.o(i.HAL_Delay) for HAL_Delay
    foc_control.o(i.Blink_LED) refers to stm32g4xx_hal_gpio.o(i.HAL_GPIO_WritePin) for HAL_GPIO_WritePin
    foc_control.o(i.Blink_LED) refers to stm32g4xx_hal.o(i.HAL_Delay) for HAL_Delay
    foc_control.o(i.FOC_GetAngle) refers to foc_control.o(.data) for .data
[...]
    i.TIM_OC1_SetConfig                      0x080056b4   Section        0  stm32g4xx_hal_tim.o(i.TIM_OC1_SetConfig)
    TIM_OC1_SetConfig                        0x080056b5   Thumb Code   152  stm32g4xx_hal_tim.o(i.TIM_OC1_SetConfig)
    i.TIM_OC2_SetConfig                      0x08005768   Section        0  stm32g4xx_hal_tim.o(i.TIM_OC2_SetConfig)
    i.TIM_OC3_SetConfig                      0x08005810   Section        0  stm32g4xx_hal_tim.o(i.TIM_OC3_SetConfig)
    TIM_OC3_SetConfig                        0x08005811   Thumb Code   138  stm32g4xx_hal_tim.o(i.TIM_OC3_SetConfig)
    i.TIM_OC4_SetConfig                      0x080058b8   Section        0  stm32g4xx_hal_tim.o(i.TIM_OC4_SetConfig)
    TIM_OC4_SetConfig                        0x080058b9   Thumb Code   140  stm32g4xx_hal_tim.o(i.TIM_OC4_SetConfig)
    i.TIM_OC5_SetConfig                      0x08005960   Section        0  stm32g4xx_hal_tim.o(i.TIM_OC5_SetConfig)
    TIM_OC5_SetConfig                        0x08005961   Thumb Code    92  stm32g4xx_hal_tim.o(i.TIM_OC5_SetConfig)
    i.TIM_OC6_SetConfig                      0x080059d8   Section        0  stm32g4xx_hal_tim.o(i.TIM_OC6_SetConfig)
    TIM_OC6_SetConfig                        0x080059d9   Thumb Code    94  stm32g4xx_hal_tim.o(i.TIM_OC6_SetConfig)
    i.TIM_TI1_ConfigInputStage               0x08005a54   Section        0  stm32g4xx_hal_tim.o(i.TIM_TI1_ConfigInputStage)
    TIM_TI1_ConfigInputStage                 0x08005a55   Thumb Code    78  stm32g4xx_hal_tim.o(i.TIM_TI1_ConfigInputStage)
    i.TIM_TI2_ConfigInputStage               0x08005abc   Section        0  stm32g4xx_hal_tim.o(i.TIM_TI2_ConfigInputStage)
    TIM_TI2_ConfigInputStage                 0x08005abd   Thumb Code    62  stm32g4xx_hal_tim.o(i.TIM_TI2_ConfigInputStage)
    i.UARTEx_SetNbDataToProcess              0x08005b08   Section        0  stm32g4xx_hal_uart_ex.o(i.UARTEx_SetNbDataToProcess)
    UARTEx_SetNbDataToProcess                0x08005b09   Thumb Code    62  stm32g4xx_hal_uart_ex.o(i.UARTEx_SetNbDataToProcess)
    i.UART_AdvFeatureConfig                  0x08005b4c   Section        0  stm32g4xx_hal_uart.o(i.UART_AdvFeatureConfig)
    i.UART_CheckIdleState                    0x08005c14   Section        0  stm32g4xx_hal_uart.o(i.UART_CheckIdleState)
    i.UART_DMAAbortOnError                   0x08005cc0   Section        0  stm32g4xx_hal_uart.o(i.UART_DMAAbortOnError)
    UART_DMAAbortOnError                     0x08005cc1   Thumb Code    10  stm32g4xx_hal_uart.o(i.UART_DMAAbortOnError)
    i.UART_EndRxTransfer                     0x08005ccc   Section        0  stm32g4xx_hal_uart.o(i.UART_EndRxTransfer)
    UART_EndRxTransfer                       0x08005ccd   Thumb Code    78  stm32g4xx_hal_uart.o(i.UART_EndRxTransfer)
    i.UART_SetConfig                         0x08005d20   Section        0  stm32g4xx_hal_uart.o(i.UART_SetConfig)
    i.UART_WaitOnFlagUntilTimeout            0x08005fb8   Section        0  stm32g4xx_hal_uart.o(i.UART_WaitOnFlagUntilTimeout)
    i.USART1_IRQHandler                      0x0800604c   Section        0  stm32g4xx_it.o(i.USART1_IRQHandler)
    i.UsageFault_Handler                     0x08006058   Section        0  stm32g4xx_it.o(i.UsageFault_Handler)
    i.__ARM_fpclassifyf                      0x0800605a   Section        0  fpclassifyf.o(i.__ARM_fpclassifyf)
    i.__NVIC_SetPriority                     0x08006080   Section        0  stm32g4xx_hal_cortex.o(i.__NVIC_SetPriority)
    __NVIC_SetPriority                       0x08006081   Thumb Code    32  stm32g4xx_hal_cortex.o(i.__NVIC_SetPriority)
    i.__hardfp_cosf                          0x080060a0   Section        0  cosf.o(i.__hardfp_cosf)
    i.__hardfp_sinf                          0x080061f0   Section        0  sinf.o(i.__hardfp_sinf)
    i.__mathlib_flt_infnan                   0x08006380   Section        0  funder.o(i.__mathlib_flt_infnan)
    i.__mathlib_flt_invalid                  0x08006388   Section        0  funder.o(i.__mathlib_flt_invalid)
    i.__mathlib_flt_underflow                0x08006398   Section        0  funder.o(i.__mathlib_flt_underflow)
    i.__mathlib_rredf2                       0x080063a8   Section        0  rredf.o(i.__mathlib_rredf2)
    i.align_wait                             0x080064fc   Section        0  foc_control.o(i.align_wait)
    align_wait                               0x080064fd   Thumb Code    58  foc_control.o(i.align_wait)
    i.clamp                                  0x0800653c   Section        0  foc_control.o(i.clamp)
    clamp                                    0x0800653d   Thumb Code    32  foc_control.o(i.clamp)
    i.driver_init                            0x0800655c   Section        0  foc_control.o(i.driver_init)
    driver_init                              0x0800655d   Thumb Code   152  foc_control.o(i.driver_init)
    i.driver_transfer                        0x080065fc   Section        0  foc_control.o(i.driver_transfer)
    driver_transfer                          0x080065fd   Thumb Code   108  foc_control.o(i.driver_transfer)
    i.encoder_cs_delay                       0x08006670   Section        0  foc_control.o(i.encoder_cs_delay)
    encoder_cs_delay                         0x08006671   Thumb Code    12  foc_control.o(i.encoder_cs_delay)
    i.encoder_healthy                        0x0800667c   Section        0  foc_control.o(i.encoder_healthy)
    encoder_healthy                          0x0800667d   Thumb Code    32  foc_control.o(i.encoder_healthy)
    i.encoder_start_frame                    0x080066a0   Section        0  foc_control.o(i.encoder_start_frame)
    encoder_start_frame                      0x080066a1   Thumb Code    68  foc_control.o(i.encoder_start_frame)
    i.encoder_update                         0x080066f0   Section        0  foc_control.o(i.encoder_update)
    encoder_update                           0x080066f1   Thumb Code   190  foc_control.o(i.encoder_update)
    i.main                                   0x080067bc   Section        0  main.o(i.main)
    i.pwm                                    0x08006830   Section        0  foc_control.o(i.pwm)
    pwm                                      0x08006831   Thumb Code   158  foc_control.o(i.pwm)
    i.stop_fault                             0x080068e0   Section        0  foc_control.o(i.stop_fault)
    stop_fault                               0x080068e1   Thumb Code    22  foc_control.o(i.stop_fault)
    i.svpwm                                  0x08006900   Section        0  foc_control.o(i.svpwm)
    svpwm                                    0x08006901   Thumb Code   126  foc_control.o(i.svpwm)
    i.wrap                                   0x08006984   Section        0  foc_control.o(i.wrap)
    wrap                                     0x08006985   Thumb Code    40  foc_control.o(i.wrap)
    x$fpl$fpinit                             0x080069b8   Section       10  fpinit.o(x$fpl$fpinit)
    $v0                                      0x080069b8   Number         0  fpinit.o(x$fpl$fpinit)
    .constdata                               0x080069c2   Section       16  stm32g4xx_hal_fdcan.o(.constdata)
    x$fpl$usenofp                            0x080069c2   Section        0  usenofp.o(x$fpl$usenofp)
    DLCtoBytes                               0x080069c2   Data          16  stm32g4xx_hal_fdcan.o(.constdata)
    .constdata                               0x080069d2   Section       24  stm32g4xx_hal_uart.o(.constdata)
    .constdata                               0x080069ea   Section       16  stm32g4xx_hal_uart_ex.o(.constdata)
    numerator                                0x080069ea   Data           8  stm32g4xx_hal_uart_ex.o(.constdata)
    denominator                              0x080069f2   Data           8  stm32g4xx_hal_uart_ex.o(.constdata)
    .constdata                               0x080069fa   Section       16  system_stm32g4xx.o(.constdata)
    .constdata                               0x08006a0a   Section        8  system_stm32g4xx.o(.constdata)
    .constdata                               0x08006a14   Section       32  rredf.o(.constdata)
    twooverpi                                0x08006a14   Data          32  rredf.o(.constdata)
    .data                                    0x20000000   Section      124  foc_control.o(.data)
    enc_high                                 0x20000000   Data           1  foc_control.o(.data)
    enc_read_low                             0x20000001   Data           1  foc_control.o(.data)
    enc_initialized                          0x20000002   Data           1  foc_control.o(.data)
    enc_tx                                   0x20000003   Data           2  foc_control.o(.data)
    enc_rx                                   0x20000005   Data           2  foc_control.o(.data)
    enc_raw                                  0x20000008   Data           2  foc_control.o(.data)
    enc_status                               0x2000000c   Data           4  foc_control.o(.data)
    foc_state                                0x20000010   Data           4  foc_control.o(.data)
    encoder_direction                        0x20000014   Data           4  foc_control.o(.data)
    last                                     0x20000018   Data           4  foc_control.o(.data)
    have_last                                0x2000001c   Data           4  foc_control.o(.data)
    angle                                    0x20000020   Data           4  foc_control.o(.data)
    angle_multi                              0x20000024   Data           4  foc_control.o(.data)
    speed                                    0x20000028   Data           4  foc_control.o(.data)
    iq                                       0x2000002c   Data           4  foc_control.o(.data)
    id                                       0x20000030   Data           4  foc_control.o(.data)
    iq_ref                                   0x20000034   Data           4  foc_control.o(.data)
    enc_last_valid_ms                        0x20000038   Data           4  foc_control.o(.data)
    foc_fault                                0x2000003c   Data           4  foc_control.o(.data)
    offset_samples                           0x20000040   Data           4  foc_control.o(.data)
    offset_u                                 0x20000044   Data           4  foc_control.o(.data)
    offset_v                                 0x20000048   Data           4  foc_control.o(.data)
    align_theta                              0x2000004c   Data           4  foc_control.o(.data)
    electrical_offset                        0x20000050   Data           4  foc_control.o(.data)
    enc_prev                                 0x20000054   Data           4  foc_control.o(.data)
    enc_turns                                0x20000058   Data           4  foc_control.o(.data)
    pi_q                                     0x2000005c   Data          16  foc_control.o(.data)
    pi_d                                     0x2000006c   Data          16  foc_control.o(.data)
    .data                                    0x2000007c   Section        4  adc.o(.data)
    HAL_RCC_ADC12_CLK_ENABLED                0x2000007c   Data           4  adc.o(.data)
    .data                                    0x20000080   Section       12  stm32g4xx_hal.o(.data)
    .data                                    0x2000008c   Section        4  system_stm32g4xx.o(.data)
    .bss                                     0x20000090   Section      216  adc.o(.bss)
    .bss                                     0x20000168   Section      100  fdcan.o(.bss)
    .bss                                     0x200001cc   Section      492  spi.o(.bss)
    .bss                                     0x200003b8   Section      152  tim.o(.bss)
    .bss                                     0x20000450   Section      244  usart.o(.bss)
    .bss                                     0x20000544   Section       96  libspace.o(.bss)
    HEAP                                     0x200005a8   Section      512  startup_stm32g474xx.o(HEAP)
    Heap_Mem                                 0x200005a8   Data         512  startup_stm32g474xx.o(HEAP)
    STACK                                    0x200007a8   Section     1024  startup_stm32g474xx.o(STACK)
    Stack_Mem                                0x200007a8   Data        1024  startup_stm32g474xx.o(STACK)
    __initial_sp                             0x20000ba8   Data           0  startup_stm32g474xx.o(STACK)

    Global Symbols

    Symbol Name                              Value     Ov Type        Size  Object(Section)

    BuildAttributes$$THM_ISAv4$E$P$D$K$B$S$7EM$VFPi3$EXTD16$VFPS$VFMA$PE$A:L22UL41UL21$X:L11$S22US41US21$IEEE1$IW$USESV6$~STKCKD$USESV7$~SHL$OTIME$ROPI$IEEEX$EBA8$UX$STANDARDLIB$REQ8$PRES8$EABIv2 0x00000000   Number         0  anon$$obj.o ABSOLUTE
    __ARM_use_no_argv                        0x00000000   Number         0  main.o ABSOLUTE
    __ARM_exceptions_init                     - Undefined Weak Reference
    __alloca_initialize                       - Undefined Weak Reference
    __arm_preinit_                            - Undefined Weak Reference
    __cpp_initialize__aeabi_                  - Undefined Weak Reference
    __cxa_finalize                            - Undefined Weak Reference
    __rt_locale                               - Undefined Weak Reference
    __sigvec_lookup                           - Undefined Weak Reference
    _atexit_init                              - Undefined Weak Reference
    _call_atexit_fns                          - Undefined Weak Reference
    _clock_init                               - Undefined Weak Reference
    _fp_trap_init                             - Undefined Weak Reference
    _fp_trap_shutdown                         - Undefined Weak Reference
    _get_lc_collate                           - Undefined Weak Reference
    _get_lc_ctype                             - Undefined Weak Reference
    _get_lc_monetary                          - Undefined Weak Reference
    _get_lc_numeric                           - Undefined Weak Reference
    _get_lc_time                              - Undefined Weak Reference
    _getenv_init                              - Undefined Weak Reference
    _handle_redirection                       - Undefined Weak Reference
    _init_alloc                               - Undefined Weak Reference
    _init_user_alloc                          - Undefined Weak Reference
    _initio                                   - Undefined Weak Reference
    _rand_init                                - Undefined Weak Reference
    _signal_finish                            - Undefined Weak Reference
    _signal_init                              - Undefined Weak Reference
    _terminate_alloc                          - Undefined Weak Reference
    _terminate_user_alloc                     - Undefined Weak Reference
    _terminateio                              - Undefined Weak Reference
    __Vectors_Size                           0x000001d8   Number         0  startup_stm32g474xx.o ABSOLUTE
    __Vectors                                0x08000000   Data           4  startup_stm32g474xx.o(RESET)
    __Vectors_End                            0x080001d8   Data           0  startup_stm32g474xx.o(RESET)
    __main                                   0x080001d9   Thumb Code     8  __main.o(!!!main)
    __scatterload                            0x080001e1   Thumb Code     0  __scatter.o(!!!scatter)
    __scatterload_rt2                        0x080001e1   Thumb Code    44  __scatter.o(!!!scatter)
    __scatterload_rt2_thumb_only             0x080001e1   Thumb Code     0  __scatter.o(!!!scatter)
    __scatterload_null                       0x080001ef   Thumb Code     0  __scatter.o(!!!scatter)
    __scatterload_copy                       0x08000215   Thumb Code    26  __scatter_copy.o(!!handler_copy)
    __scatterload_zeroinit                   0x08000231   Thumb Code    28  __scatter_zi.o(!!handler_zi)
    __rt_lib_init                            0x0800024d   Thumb Code     0  libinit.o(.ARM.Collect$$libinit$$00000000)
    __rt_lib_init_fp_1                       0x0800024f   Thumb Code     0  libinit2.o(.ARM.Collect$$libinit$$00000001)
    __rt_lib_init_alloca_1                   0x08000253   Thumb Code     0  libinit2.o(.ARM.Collect$$libinit$$0000002E)
    __rt_lib_init_argv_1                     0x08000253   Thumb Code     0  libinit2.o(.ARM.Collect$$libinit$$0000002C)
    __rt_lib_init_atexit_1                   0x08000253   Thumb Code     0  libinit2.o(.ARM.Collect$$libinit$$0000001B)
    __rt_lib_init_clock_1                    0x08000253   Thumb Code     0  libinit2.o(.ARM.Collect$$libinit$$00000021)
    __rt_lib_init_cpp_1                      0x08000253   Thumb Code     0  libinit2.o(.ARM.Collect$$libinit$$00000032)
    __rt_lib_init_exceptions_1               0x08000253   Thumb Code     0  libinit2.o(.ARM.Collect$$libinit$$00000030)
    __rt_lib_init_fp_trap_1                  0x08000253   Thumb Code     0  libinit2.o(.ARM.Collect$$libinit$$0000001F)
    __rt_lib_init_getenv_1                   0x08000253   Thumb Code     0  libinit2.o(.ARM.Collect$$libinit$$00000023)
    __rt_lib_init_heap_1                     0x08000253   Thumb Code     0  libinit2.o(.ARM.Collect$$libinit$$0000000A)
    __rt_lib_init_lc_collate_1               0x08000253   Thumb Code     0  libinit2.o(.ARM.Collect$$libinit$$00000011)
    __rt_lib_init_lc_ctype_1                 0x08000253   Thumb Code     0  libinit2.o(.ARM.Collect$$libinit$$00000013)
    __rt_lib_init_lc_monetary_1              0x08000253   Thumb Code     0  libinit2.o(.ARM.Collect$$libinit$$00000015)
    __rt_lib_init_lc_numeric_1               0x08000253   Thumb Code     0  libinit2.o(.ARM.Collect$$libinit$$00000017)
    __rt_lib_init_lc_time_1                  0x08000253   Thumb Code     0  libinit2.o(.ARM.Collect$$libinit$$00000019)
    __rt_lib_init_preinit_1                  0x08000253   Thumb Code     0  libinit2.o(.ARM.Collect$$libinit$$00000004)
    __rt_lib_init_rand_1                     0x08000253   Thumb Code     0  libinit2.o(.ARM.Collect$$libinit$$0000000E)
    __rt_lib_init_return                     0x08000253   Thumb Code     0  libinit2.o(.ARM.Collect$$libinit$$00000033)
    __rt_lib_init_signal_1                   0x08000253   Thumb Code     0  libinit2.o(.ARM.Collect$$libinit$$0000001D)
    __rt_lib_init_stdio_1                    0x08000253   Thumb Code     0  libinit2.o(.ARM.Collect$$libinit$$00000025)
    __rt_lib_init_user_alloc_1               0x08000253   Thumb Code     0  libinit2.o(.ARM.Collect$$libinit$$0000000C)
    __rt_lib_shutdown                        0x08000255   Thumb Code     0  libshutdown.o(.ARM.Collect$$libshutdown$$00000000)
    __rt_lib_shutdown_fp_trap_1              0x08000257   Thumb Code     0  libshutdown2.o(.ARM.Collect$$libshutdown$$00000006)
    __rt_lib_shutdown_heap_1                 0x08000257   Thumb Code     0  libshutdown2.o(.ARM.Collect$$libshutdown$$0000000E)
    __rt_lib_shutdown_return                 0x08000257   Thumb Code     0  libshutdown2.o(.ARM.Collect$$libshutdown$$0000000F)
    __rt_lib_shutdown_signal_1               0x08000257   Thumb Code     0  libshutdown2.o(.ARM.Collect$$libshutdown$$00000009)
    __rt_lib_shutdown_stdio_1                0x08000257   Thumb Code     0  libshutdown2.o(.ARM.Collect$$libshutdown$$00000003)
    __rt_lib_shutdown_user_alloc_1           0x08000257   Thumb Code     0  libshutdown2.o(.ARM.Collect$$libshutdown$$0000000B)
    __rt_entry                               0x08000259   Thumb Code     0  __rtentry.o(.ARM.Collect$$rtentry$$00000000)
    __rt_entry_presh_1                       0x08000259   Thumb Code     0  __rtentry2.o(.ARM.Collect$$rtentry$$00000002)
    __rt_entry_sh                            0x08000259   Thumb Code     0  __rtentry4.o(.ARM.Collect$$rtentry$$00000004)
    __rt_entry_li                            0x0800025f   Thumb Code     0  __rtentry2.o(.ARM.Collect$$rtentry$$0000000A)
    __rt_entry_postsh_1                      0x0800025f   Thumb Code     0  __rtentry2.o(.ARM.Collect$$rtentry$$00000009)
    __rt_entry_main                          0x08000263   Thumb Code     0  __rtentry2.o(.ARM.Collect$$rtentry$$0000000D)
    __rt_entry_postli_1                      0x08000263   Thumb Code     0  __rtentry2.o(.ARM.Collect$$rtentry$$0000000C)
    __rt_exit                                0x0800026b   Thumb Code     0  rtexit.o(.ARM.Collect$$rtexit$$00000000)
    __rt_exit_ls                             0x0800026d   Thumb Code     0  rtexit2.o(.ARM.Collect$$rtexit$$00000003)
    __rt_exit_prels_1                        0x0800026d   Thumb Code     0  rtexit2.o(.ARM.Collect$$rtexit$$00000002)
    __rt_exit_exit                           0x08000271   Thumb Code     0  rtexit2.o(.ARM.Collect$$rtexit$$00000004)
    Reset_Handler                            0x08000279   Thumb Code     8  startup_stm32g474xx.o(.text)
    ADC3_IRQHandler                          0x08000293   Thumb Code     0  startup_stm32g474xx.o(.text)
    ADC4_IRQHandler                          0x08000293   Thumb Code     0  startup_stm32g474xx.o(.text)
    ADC5_IRQHandler                          0x08000293   Thumb Code     0  startup_stm32g474xx.o(.text)
    COMP1_2_3_IRQHandler                     0x08000293   Thumb Code     0  startup_stm32g474xx.o(.text)
    COMP4_5_6_IRQHandler                     0x08000293   Thumb Code     0  startup_stm32g474xx.o(.text)
    COMP7_IRQHandler                         0x08000293   Thumb Code     0  startup_stm32g474xx.o(.text)
    CORDIC_IRQHandler                        0x08000293   Thumb Code     0  startup_stm32g474xx.o(.text)
    CRS_IRQHandler                           0x08000293   Thumb Code     0  startup_stm32g474xx.o(.text)
    DMA1_Channel4_IRQHandler                 0x08000293   Thumb Code     0  startup_stm32g474xx.o(.text)
    DMA1_Channel5_IRQHandler                 0x08000293   Thumb Code     0  startup_stm32g474xx.o(.text)
    DMA1_Channel6_IRQHandler                 0x08000293   Thumb Code     0  startup_stm32g474xx.o(.text)
    DMA1_Channel7_IRQHandler                 0x08000293   Thumb Code     0  startup_stm32g474xx.o(.text)
    DMA1_Channel8_IRQHandler                 0x08000293   Thumb Code     0  startup_stm32g474xx.o(.text)
    DMA2_Channel1_IRQHandler                 0x08000293   Thumb Code     0  startup_stm32g474xx.o(.text)
    DMA2_Channel2_IRQHandler                 0x08000293   Thumb Code     0  startup_stm32g474xx.o(.text)
    DMA2_Channel3_IRQHandler                 0x08000293   Thumb Code     0  startup_stm32g474xx.o(.text)
    DMA2_Channel4_IRQHandler                 0x08000293   Thumb Code     0  startup_stm32g474xx.o(.text)
    DMA2_Channel5_IRQHandler                 0x08000293   Thumb Code     0  startup_stm32g474xx.o(.text)
    DMA2_Channel6_IRQHandler                 0x08000293   Thumb Code     0  startup_stm32g474xx.o(.text)
    DMA2_Channel7_IRQHandler                 0x08000293   Thumb Code     0  startup_stm32g474xx.o(.text)
    DMA2_Channel8_IRQHandler                 0x08000293   Thumb Code     0  startup_stm32g474xx.o(.text)
    DMAMUX_OVR_IRQHandler                    0x08000293   Thumb Code     0  startup_stm32g474xx.o(.text)
    EXTI0_IRQHandler                         0x08000293   Thumb Code     0  startup_stm32g474xx.o(.text)
    EXTI15_10_IRQHandler                     0x08000293   Thumb Code     0  startup_stm32g474xx.o(.text)
    EXTI1_IRQHandler                         0x08000293   Thumb Code     0  startup_stm32g474xx.o(.text)
    EXTI2_IRQHandler                         0x08000293   Thumb Code     0  startup_stm32g474xx.o(.text)
    EXTI3_IRQHandler                         0x08000293   Thumb Code     0  startup_stm32g474xx.o(.text)
    EXTI4_IRQHandler                         0x08000293   Thumb Code     0  startup_stm32g474xx.o(.text)
    EXTI9_5_IRQHandler                       0x08000293   Thumb Code     0  startup_stm32g474xx.o(.text)
    FDCAN2_IT0_IRQHandler                    0x08000293   Thumb Code     0  startup_stm32g474xx.o(.text)
    FDCAN2_IT1_IRQHandler                    0x08000293   Thumb Code     0  startup_stm32g474xx.o(.text)
    FDCAN3_IT0_IRQHandler                    0x08000293   Thumb Code     0  startup_stm32g474xx.o(.text)
    FDCAN3_IT1_IRQHandler                    0x08000293   Thumb Code     0  startup_stm32g474xx.o(.text)
    FLASH_IRQHandler                         0x08000293   Thumb Code     0  startup_stm32g474xx.o(.text)
    FMAC_IRQHandler                          0x08000293   Thumb Code     0  startup_stm32g474xx.o(.text)
    FMC_IRQHandler                           0x08000293   Thumb Code     0  startup_stm32g474xx.o(.text)
    FPU_IRQHandler                           0x08000293   Thumb Code     0  startup_stm32g474xx.o(.text)
    HRTIM1_FLT_IRQHandler                    0x08000293   Thumb Code     0  startup_stm32g474xx.o(.text)
    HRTIM1_Master_IRQHandler                 0x08000293   Thumb Code     0  startup_stm32g474xx.o(.text)
    HRTIM1_TIMA_IRQHandler                   0x08000293   Thumb Code     0  startup_stm32g474xx.o(.text)
    HRTIM1_TIMB_IRQHandler                   0x08000293   Thumb Code     0  startup_stm32g474xx.o(.text)
    HRTIM1_TIMC_IRQHandler                   0x08000293   Thumb Code     0  startup_stm32g474xx.o(.text)
    HRTIM1_TIMD_IRQHandler                   0x08000293   Thumb Code     0  startup_stm32g474xx.o(.text)
    HRTIM1_TIME_IRQHandler                   0x08000293   Thumb Code     0  startup_stm32g474xx.o(.text)
    HRTIM1_TIMF_IRQHandler                   0x08000293   Thumb Code     0  startup_stm32g474xx.o(.text)
    I2C1_ER_IRQHandler                       0x08000293   Thumb Code     0  startup_stm32g474xx.o(.text)
    I2C1_EV_IRQHandler                       0x08000293   Thumb Code     0  startup_stm32g474xx.o(.text)
    I2C2_ER_IRQHandler                       0x08000293   Thumb Code     0  startup_stm32g474xx.o(.text)
    I2C2_EV_IRQHandler                       0x08000293   Thumb Code     0  startup_stm32g474xx.o(.text)
    I2C3_ER_IRQHandler                       0x08000293   Thumb Code     0  startup_stm32g474xx.o(.text)
    I2C3_EV_IRQHandler                       0x08000293   Thumb Code     0  startup_stm32g474xx.o(.text)
    I2C4_ER_IRQHandler                       0x08000293   Thumb Code     0  startup_stm32g474xx.o(.text)
    I2C4_EV_IRQHandler                       0x08000293   Thumb Code     0  startup_stm32g474xx.o(.text)
    LPTIM1_IRQHandler                        0x08000293   Thumb Code     0  startup_stm32g474xx.o(.text)
    LPUART1_IRQHandler                       0x08000293   Thumb Code     0  startup_stm32g474xx.o(.text)
    PVD_PVM_IRQHandler                       0x08000293   Thumb Code     0  startup_stm32g474xx.o(.text)
    QUADSPI_IRQHandler                       0x08000293   Thumb Code     0  startup_stm32g474xx.o(.text)
    RCC_IRQHandler                           0x08000293   Thumb Code     0  startup_stm32g474xx.o(.text)
    RNG_IRQHandler                           0x08000293   Thumb Code     0  startup_stm32g474xx.o(.text)
    RTC_Alarm_IRQHandler                     0x08000293   Thumb Code     0  startup_stm32g474xx.o(.text)
    RTC_TAMP_LSECSS_IRQHandler               0x08000293   Thumb Code     0  startup_stm32g474xx.o(.text)
    RTC_WKUP_IRQHandler                      0x08000293   Thumb Code     0  startup_stm32g474xx.o(.text)
    SAI1_IRQHandler                          0x08000293   Thumb Code     0  startup_stm32g474xx.o(.text)
    SPI2_IRQHandler                          0x08000293   Thumb Code     0  startup_stm32g474xx.o(.text)
    SPI3_IRQHandler                          0x08000293   Thumb Code     0  startup_stm32g474xx.o(.text)
    SPI4_IRQHandler                          0x08000293   Thumb Code     0  startup_stm32g474xx.o(.text)
    TIM1_CC_IRQHandler                       0x08000293   Thumb Code     0  startup_stm32g474xx.o(.text)
    TIM1_TRG_COM_TIM17_IRQHandler            0x08000293   Thumb Code     0  startup_stm32g474xx.o(.text)
    TIM1_UP_TIM16_IRQHandler                 0x08000293   Thumb Code     0  startup_stm32g474xx.o(.text)
    TIM20_BRK_IRQHandler                     0x08000293   Thumb Code     0  startup_stm32g474xx.o(.text)
    TIM20_CC_IRQHandler                      0x08000293   Thumb Code     0  startup_stm32g474xx.o(.text)
    TIM20_TRG_COM_IRQHandler                 0x08000293   Thumb Code     0  startup_stm32g474xx.o(.text)
    TIM20_UP_IRQHandler                      0x08000293   Thumb Code     0  startup_stm32g474xx.o(.text)
    TIM2_IRQHandler                          0x08000293   Thumb Code     0  startup_stm32g474xx.o(.text)
    TIM3_IRQHandler                          0x08000293   Thumb Code     0  startup_stm32g474xx.o(.text)
    TIM4_IRQHandler                          0x08000293   Thumb Code     0  startup_stm32g474xx.o(.text)
    TIM6_DAC_IRQHandler                      0x08000293   Thumb Code     0  startup_stm32g474xx.o(.text)
    TIM7_DAC_IRQHandler                      0x08000293   Thumb Code     0  startup_stm32g474xx.o(.text)
    TIM8_BRK_IRQHandler                      0x08000293   Thumb Code     0  startup_stm32g474xx.o(.text)
    TIM8_CC_IRQHandler                       0x08000293   Thumb Code     0  startup_stm32g474xx.o(.text)
    TIM8_TRG_COM_IRQHandler                  0x08000293   Thumb Code     0  startup_stm32g474xx.o(.text)
    TIM8_UP_IRQHandler                       0x08000293   Thumb Code     0  startup_stm32g474xx.o(.text)
    UART4_IRQHandler                         0x08000293   Thumb Code     0  startup_stm32g474xx.o(.text)
    UART5_IRQHandler                         0x08000293   Thumb Code     0  startup_stm32g474xx.o(.text)
    UCPD1_IRQHandler                         0x08000293   Thumb Code     0  startup_stm32g474xx.o(.text)
    USART2_IRQHandler                        0x08000293   Thumb Code     0  startup_stm32g474xx.o(.text)
    USART3_IRQHandler                        0x08000293   Thumb Code     0  startup_stm32g474xx.o(.text)
    USBWakeUp_IRQHandler                     0x08000293   Thumb Code     0  startup_stm32g474xx.o(.text)
    USB_HP_IRQHandler                        0x08000293   Thumb Code     0  startup_stm32g474xx.o(.text)
    USB_LP_IRQHandler                        0x08000293   Thumb Code     0  startup_stm32g474xx.o(.text)
    WWDG_IRQHandler                          0x08000293   Thumb Code     0  startup_stm32g474xx.o(.text)
    __user_initial_stackheap                 0x08000295   Thumb Code     0  startup_stm32g474xx.o(.text)
    __aeabi_uldivmod                         0x080002b9   Thumb Code     0  lludivv7m.o(.text)
    _ll_udiv                                 0x080002b9   Thumb Code   238  lludivv7m.o(.text)
    __aeabi_memclr4                          0x080003a7   Thumb Code     0  rt_memclr_w.o(.text)
    __aeabi_memclr8                          0x080003a7   Thumb Code     0  rt_memclr_w.o(.text)
    __rt_memclr_w                            0x080003a7   Thumb Code    78  rt_memclr_w.o(.text)
    _memset_w                                0x080003ab   Thumb Code     0  rt_memclr_w.o(.text)
    __use_two_region_memory                  0x080003f5   Thumb Code     2  heapauxi.o(.text)
    __rt_heap_escrow$2region                 0x080003f7   Thumb Code     2  heapauxi.o(.text)
    __rt_heap_expand$2region                 0x080003f9   Thumb Code     2  heapauxi.o(.text)
    __read_errno                             0x080003fb   Thumb Code    10  _rserrno.o(.text)
    __set_errno                              0x08000405   Thumb Code    12  _rserrno.o(.text)
    __aeabi_errno_addr                       0x08000411   Thumb Code     8  rt_errno_addr_intlibspace.o(.text)
    __errno$intlibspace                      0x08000411   Thumb Code     0  rt_errno_addr_intlibspace.o(.text)
    __rt_errno_addr$intlibspace              0x08000411   Thumb Code     0  rt_errno_addr_intlibspace.o(.text)
    __user_libspace                          0x08000419   Thumb Code     8  libspace.o(.text)
    __user_perproc_libspace                  0x08000419   Thumb Code     0  libspace.o(.text)
    __user_perthread_libspace                0x08000419   Thumb Code     0  libspace.o(.text)
    __user_setup_stackheap                   0x08000421   Thumb Code    74  sys_stackheap_outer.o(.text)
    exit                                     0x0800046b   Thumb Code    12  exit.o(.text)
    _sys_exit                                0x08000479   Thumb Code     8  sys_exit.o(.text)
    __I$use$semihosting                      0x08000485   Thumb Code     0  use_no_semi.o(.text)
    __use_no_semihosting_swi                 0x08000485   Thumb Code     2  use_no_semi.o(.text)
    __semihosting_library_function           0x08000487   Thumb Code     0  indicate_semi.o(.text)
    ADC1_2_IRQHandler                        0x08000489   Thumb Code     6  stm32g4xx_it.o(i.ADC1_2_IRQHandler)
    ADC_Disable                              0x08000495   Thumb Code   106  stm32g4xx_hal_adc.o(i.ADC_Disable)
    ADC_Enable                               0x08000505   Thumb Code   172  stm32g4xx_hal_adc.o(i.ADC_Enable)
    Blink_LED                                0x080005c9   Thumb Code    98  foc_control.o(i.Blink_LED)
    BusFault_Handler                         0x0800062b   Thumb Code     2  stm32g4xx_it.o(i.BusFault_Handler)
    DMA1_Channel1_IRQHandler                 0x0800062d   Thumb Code     6  stm32g4xx_it.o(i.DMA1_Channel1_IRQHandler)
    DMA1_Channel2_IRQHandler                 0x08000639   Thumb Code     6  stm32g4xx_it.o(i.DMA1_Channel2_IRQHandler)
    DMA1_Channel3_IRQHandler                 0x08000645   Thumb Code     6  stm32g4xx_it.o(i.DMA1_Channel3_IRQHandler)
    DebugMon_Handler                         0x080006ff   Thumb Code     2  stm32g4xx_it.o(i.DebugMon_Handler)
    Error_Handler                            0x08000701   Thumb Code     4  main.o(i.Error_Handler)
    FDCAN1_IT0_IRQHandler                    0x08000705   Thumb Code     6  stm32g4xx_it.o(i.FDCAN1_IT0_IRQHandler)
    FDCAN1_IT1_IRQHandler                    0x08000711   Thumb Code     6  stm32g4xx_it.o(i.FDCAN1_IT1_IRQHandler)
    FOC_Init                                 0x0800071d   Thumb Code   434  foc_control.o(i.FOC_Init)
    FOC_SetTorque                            0x080008fd   Thumb Code    42  foc_control.o(i.FOC_SetTorque)
    HAL_ADCEx_Calibration_Start              0x08000931   Thumb Code   138  stm32g4xx_hal_adc_ex.o(i.HAL_ADCEx_Calibration_Start)
    HAL_ADCEx_EndOfSamplingCallback          0x080009c5   Thumb Code     2  stm32g4xx_hal_adc_ex.o(i.HAL_ADCEx_EndOfSamplingCallback)
    HAL_ADCEx_InjectedConfigChannel          0x080009c9   Thumb Code  1320  stm32g4xx_hal_adc_ex.o(i.HAL_ADCEx_InjectedConfigChannel)
    HAL_ADCEx_InjectedConvCpltCallback       0x08000f25   Thumb Code   536  foc_control.o(i.HAL_ADCEx_InjectedConvCpltCallback)
    HAL_ADCEx_InjectedQueueOverflowCallback  0x08001165   Thumb Code     2  stm32g4xx_hal_adc_ex.o(i.HAL_ADCEx_InjectedQueueOverflowCallback)
    HAL_ADCEx_InjectedStart_IT               0x08001169   Thumb Code   320  stm32g4xx_hal_adc_ex.o(i.HAL_ADCEx_InjectedStart_IT)
    HAL_ADCEx_LevelOutOfWindow2Callback      0x080012c1   Thumb Code     2  stm32g4xx_hal_adc_ex.o(i.HAL_ADCEx_LevelOutOfWindow2Callback)
    HAL_ADCEx_LevelOutOfWindow3Callback      0x080012c3   Thumb Code     2  stm32g4xx_hal_adc_ex.o(i.HAL_ADCEx_LevelOutOfWindow3Callback)
    HAL_ADCEx_MultiModeConfigChannel         0x080012c5   Thumb Code   322  stm32g4xx_hal_adc_ex.o(i.HAL_ADCEx_MultiModeConfigChannel)
    HAL_ADC_ConfigChannel                    0x08001421   Thumb Code  1060  stm32g4xx_hal_adc.o(i.HAL_ADC_ConfigChannel)
    HAL_ADC_ConvCpltCallback                 0x08001885   Thumb Code     2  stm32g4xx_hal_adc.o(i.HAL_ADC_ConvCpltCallback)
    HAL_ADC_ErrorCallback                    0x08001887   Thumb Code     2  stm32g4xx_hal_adc.o(i.HAL_ADC_ErrorCallback)
    HAL_ADC_IRQHandler                       0x08001889   Thumb Code   674  stm32g4xx_hal_adc.o(i.HAL_ADC_IRQHandler)
    HAL_ADC_Init                             0x08001b41   Thumb Code   514  stm32g4xx_hal_adc.o(i.HAL_ADC_Init)
    HAL_ADC_LevelOutOfWindowCallback         0x08001d75   Thumb Code     2  stm32g4xx_hal_adc.o(i.HAL_ADC_LevelOutOfWindowCallback)
    HAL_ADC_MspInit                          0x08001d79   Thumb Code   258  adc.o(i.HAL_ADC_MspInit)
    HAL_DMA_Abort                            0x08001e8d   Thumb Code   112  stm32g4xx_hal_dma.o(i.HAL_DMA_Abort)
    HAL_DMA_Abort_IT                         0x08001efd   Thumb Code   120  stm32g4xx_hal_dma.o(i.HAL_DMA_Abort_IT)
    HAL_DMA_IRQHandler                       0x08001f75   Thumb Code   186  stm32g4xx_hal_dma.o(i.HAL_DMA_IRQHandler)
    HAL_DMA_Init                             0x08002031   Thumb Code   182  stm32g4xx_hal_dma.o(i.HAL_DMA_Init)
    HAL_DMA_Start_IT                         0x080020f5   Thumb Code   140  stm32g4xx_hal_dma.o(i.HAL_DMA_Start_IT)
    HAL_Delay                                0x08002181   Thumb Code    32  stm32g4xx_hal.o(i.HAL_Delay)
    HAL_FDCAN_ErrorCallback                  0x080021a5   Thumb Code     2  stm32g4xx_hal_fdcan.o(i.HAL_FDCAN_ErrorCallback)
    HAL_FDCAN_ErrorStatusCallback            0x080021a7   Thumb Code     2  stm32g4xx_hal_fdcan.o(i.HAL_FDCAN_ErrorStatusCallback)
    HAL_FDCAN_GetRxMessage                   0x080021a9   Thumb Code   270  stm32g4xx_hal_fdcan.o(i.HAL_FDCAN_GetRxMessage)
    HAL_FDCAN_HighPriorityMessageCallback    0x080022bd   Thumb Code     2  stm32g4xx_hal_fdcan.o(i.HAL_FDCAN_HighPriorityMessageCallback)
    HAL_FDCAN_IRQHandler                     0x080022bf   Thumb Code   356  stm32g4xx_hal_fdcan.o(i.HAL_FDCAN_IRQHandler)
    HAL_FDCAN_Init                           0x08002425   Thumb Code   512  stm32g4xx_hal_fdcan.o(i.HAL_FDCAN_Init)
    HAL_FDCAN_MspInit                        0x0800263d   Thumb Code   148  fdcan.o(i.HAL_FDCAN_MspInit)
    HAL_FDCAN_RxFifo0Callback                0x080026d9   Thumb Code   102  foc_can.o(i.HAL_FDCAN_RxFifo0Callback)
    HAL_FDCAN_RxFifo1Callback                0x08002749   Thumb Code     2  stm32g4xx_hal_fdcan.o(i.HAL_FDCAN_RxFifo1Callback)
    HAL_FDCAN_TimeoutOccurredCallback        0x0800274b   Thumb Code     2  stm32g4xx_hal_fdcan.o(i.HAL_FDCAN_TimeoutOccurredCallback)
    HAL_FDCAN_TimestampWraparoundCallback    0x0800274d   Thumb Code     2  stm32g4xx_hal_fdcan.o(i.HAL_FDCAN_TimestampWraparoundCallback)
    HAL_FDCAN_TxBufferAbortCallback          0x0800274f   Thumb Code     2  stm32g4xx_hal_fdcan.o(i.HAL_FDCAN_TxBufferAbortCallback)
    HAL_FDCAN_TxBufferCompleteCallback       0x08002751   Thumb Code     2  stm32g4xx_hal_fdcan.o(i.HAL_FDCAN_TxBufferCompleteCallback)
    HAL_FDCAN_TxEventFifoCallback            0x08002753   Thumb Code     2  stm32g4xx_hal_fdcan.o(i.HAL_FDCAN_TxEventFifoCallback)
    HAL_FDCAN_TxFifoEmptyCallback            0x08002755   Thumb Code     2  stm32g4xx_hal_fdcan.o(i.HAL_FDCAN_TxFifoEmptyCallback)
    HAL_GPIO_Init                            0x08002759   Thumb Code   532  stm32g4xx_hal_gpio.o(i.HAL_GPIO_Init)
    HAL_GPIO_WritePin                        0x0800298d   Thumb Code    10  stm32g4xx_hal_gpio.o(i.HAL_GPIO_WritePin)
    HAL_GetTick                              0x08002999   Thumb Code     6  stm32g4xx_hal.o(i.HAL_GetTick)
    HAL_IncTick                              0x080029a5   Thumb Code    12  stm32g4xx_hal.o(i.HAL_IncTick)
    HAL_Init                                 0x080029b5   Thumb Code    30  stm32g4xx_hal.o(i.HAL_Init)
    HAL_InitTick                             0x080029d5   Thumb Code    58  stm32g4xx_hal.o(i.HAL_InitTick)
    HAL_MspInit                              0x08002a19   Thumb Code    42  stm32g4xx_hal_msp.o(i.HAL_MspInit)
    HAL_NVIC_EnableIRQ                       0x08002a49   Thumb Code    26  stm32g4xx_hal_cortex.o(i.HAL_NVIC_EnableIRQ)
    HAL_NVIC_SetPriority                     0x08002a65   Thumb Code    60  stm32g4xx_hal_cortex.o(i.HAL_NVIC_SetPriority)
    HAL_NVIC_SetPriorityGrouping             0x08002aa5   Thumb Code    26  stm32g4xx_hal_cortex.o(i.HAL_NVIC_SetPriorityGrouping)
    HAL_PWREx_ControlVoltageScaling          0x08002ac9   Thumb Code   174  stm32g4xx_hal_pwr_ex.o(i.HAL_PWREx_ControlVoltageScaling)
    HAL_PWREx_DisableUCPDDeadBattery         0x08002b85   Thumb Code    12  stm32g4xx_hal_pwr_ex.o(i.HAL_PWREx_DisableUCPDDeadBattery)
    HAL_RCCEx_PeriphCLKConfig                0x08002b95   Thumb Code   758  stm32g4xx_hal_rcc_ex.o(i.HAL_RCCEx_PeriphCLKConfig)
    HAL_RCC_ClockConfig                      0x08002e95   Thumb Code   444  stm32g4xx_hal_rcc.o(i.HAL_RCC_ClockConfig)
    HAL_RCC_GetPCLK1Freq                     0x08003071   Thumb Code    24  stm32g4xx_hal_rcc.o(i.HAL_RCC_GetPCLK1Freq)
    HAL_RCC_GetPCLK2Freq                     0x08003095   Thumb Code    24  stm32g4xx_hal_rcc.o(i.HAL_RCC_GetPCLK2Freq)
    HAL_RCC_GetSysClockFreq                  0x080030b9   Thumb Code    98  stm32g4xx_hal_rcc.o(i.HAL_RCC_GetSysClockFreq)
    HAL_RCC_OscConfig                        0x08003125   Thumb Code  1028  stm32g4xx_hal_rcc.o(i.HAL_RCC_OscConfig)
    HAL_SPI_ErrorCallback                    0x08003529   Thumb Code    36  foc_control.o(i.HAL_SPI_ErrorCallback)
    HAL_SPI_IRQHandler                       0x08003559   Thumb Code   246  stm32g4xx_hal_spi.o(i.HAL_SPI_IRQHandler)
    HAL_SPI_Init                             0x08003655   Thumb Code   234  stm32g4xx_hal_spi.o(i.HAL_SPI_Init)
    HAL_SPI_MspInit                          0x08003741   Thumb Code   312  spi.o(i.HAL_SPI_MspInit)
    HAL_SPI_RxCpltCallback                   0x08003895   Thumb Code     2  stm32g4xx_hal_spi.o(i.HAL_SPI_RxCpltCallback)
    HAL_SPI_RxHalfCpltCallback               0x08003897   Thumb Code     2  stm32g4xx_hal_spi.o(i.HAL_SPI_RxHalfCpltCallback)
    HAL_SPI_TransmitReceive                  0x08003899   Thumb Code   626  stm32g4xx_hal_spi.o(i.HAL_SPI_TransmitReceive)
    HAL_SPI_TransmitReceive_DMA              0x08003b0d   Thumb Code   414  stm32g4xx_hal_spi.o(i.HAL_SPI_TransmitReceive_DMA)
    HAL_SPI_TxRxCpltCallback                 0x08003cc1   Thumb Code    68  foc_control.o(i.HAL_SPI_TxRxCpltCallback)
    HAL_SPI_TxRxHalfCpltCallback             0x08003d11   Thumb Code     2  stm32g4xx_hal_spi.o(i.HAL_SPI_TxRxHalfCpltCallback)
    HAL_SYSTICK_Config                       0x08003d13   Thumb Code    40  stm32g4xx_hal_cortex.o(i.HAL_SYSTICK_Config)
    HAL_TIMEx_Break2Callback                 0x08003d3b   Thumb Code     2  stm32g4xx_hal_tim_ex.o(i.HAL_TIMEx_Break2Callback)
    HAL_TIMEx_BreakCallback                  0x08003d3d   Thumb Code     2  stm32g4xx_hal_tim_ex.o(i.HAL_TIMEx_BreakCallback)
    HAL_TIMEx_CommutCallback                 0x08003d3f   Thumb Code     2  stm32g4xx_hal_tim_ex.o(i.HAL_TIMEx_CommutCallback)
    HAL_TIMEx_ConfigBreakDeadTime            0x08003d41   Thumb Code   154  stm32g4xx_hal_tim_ex.o(i.HAL_TIMEx_ConfigBreakDeadTime)
    HAL_TIMEx_DirectionChangeCallback        0x08003de9   Thumb Code     2  stm32g4xx_hal_tim_ex.o(i.HAL_TIMEx_DirectionChangeCallback)
    HAL_TIMEx_EncoderIndexCallback           0x08003deb   Thumb Code     2  stm32g4xx_hal_tim_ex.o(i.HAL_TIMEx_EncoderIndexCallback)
    HAL_TIMEx_IndexErrorCallback             0x08003ded   Thumb Code     2  stm32g4xx_hal_tim_ex.o(i.HAL_TIMEx_IndexErrorCallback)
    HAL_TIMEx_MasterConfigSynchronization    0x08003df1   Thumb Code   150  stm32g4xx_hal_tim_ex.o(i.HAL_TIMEx_MasterConfigSynchronization)
    HAL_TIMEx_TransitionErrorCallback        0x08003ea9   Thumb Code     2  stm32g4xx_hal_tim_ex.o(i.HAL_TIMEx_TransitionErrorCallback)
    HAL_TIM_Base_Init                        0x08003eab   Thumb Code    98  stm32g4xx_hal_tim.o(i.HAL_TIM_Base_Init)
    HAL_TIM_Base_MspInit                     0x08003f0d   Thumb Code    86  tim.o(i.HAL_TIM_Base_MspInit)
    HAL_TIM_Base_Start_IT                    0x08003f71   Thumb Code   106  stm32g4xx_hal_tim.o(i.HAL_TIM_Base_Start_IT)
    HAL_TIM_ConfigClockSource                0x08003ffd   Thumb Code   234  stm32g4xx_hal_tim.o(i.HAL_TIM_ConfigClockSource)
    HAL_TIM_IC_CaptureCallback               0x080040ed   Thumb Code     2  stm32g4xx_hal_tim.o(i.HAL_TIM_IC_CaptureCallback)
    HAL_TIM_IRQHandler                       0x080040ef   Thumb Code   418  stm32g4xx_hal_tim.o(i.HAL_TIM_IRQHandler)
    HAL_TIM_MspPostInit                      0x08004291   Thumb Code    74  tim.o(i.HAL_TIM_MspPostInit)
    HAL_TIM_OC_DelayElapsedCallback          0x080042e5   Thumb Code     2  stm32g4xx_hal_tim.o(i.HAL_TIM_OC_DelayElapsedCallback)
    HAL_TIM_PWM_ConfigChannel                0x080042e7   Thumb Code   292  stm32g4xx_hal_tim.o(i.HAL_TIM_PWM_ConfigChannel)
    HAL_TIM_PWM_Init                         0x0800440b   Thumb Code    98  stm32g4xx_hal_tim.o(i.HAL_TIM_PWM_Init)
    HAL_TIM_PWM_MspInit                      0x0800446d   Thumb Code     2  stm32g4xx_hal_tim.o(i.HAL_TIM_PWM_MspInit)
    HAL_TIM_PWM_PulseFinishedCallback        0x0800446f   Thumb Code     2  stm32g4xx_hal_tim.o(i.HAL_TIM_PWM_PulseFinishedCallback)
    HAL_TIM_PWM_Start                        0x08004471   Thumb Code   234  stm32g4xx_hal_tim.o(i.HAL_TIM_PWM_Start)
    HAL_TIM_PeriodElapsedCallback            0x08004585   Thumb Code   102  foc_control.o(i.HAL_TIM_PeriodElapsedCallback)
    HAL_TIM_TriggerCallback                  0x08004605   Thumb Code     2  stm32g4xx_hal_tim.o(i.HAL_TIM_TriggerCallback)
    HAL_UARTEx_DisableFifoMode               0x08004607   Thumb Code    62  stm32g4xx_hal_uart_ex.o(i.HAL_UARTEx_DisableFifoMode)
    HAL_UARTEx_RxEventCallback               0x08004645   Thumb Code     2  stm32g4xx_hal_uart.o(i.HAL_UARTEx_RxEventCallback)
    HAL_UARTEx_RxFifoFullCallback            0x08004647   Thumb Code     2  stm32g4xx_hal_uart_ex.o(i.HAL_UARTEx_RxFifoFullCallback)
    HAL_UARTEx_SetRxFifoThreshold            0x08004649   Thumb Code    76  stm32g4xx_hal_uart_ex.o(i.HAL_UARTEx_SetRxFifoThreshold)
    HAL_UARTEx_SetTxFifoThreshold            0x08004695   Thumb Code    76  stm32g4xx_hal_uart_ex.o(i.HAL_UARTEx_SetTxFifoThreshold)
    HAL_UARTEx_TxFifoEmptyCallback           0x080046e1   Thumb Code     2  stm32g4xx_hal_uart_ex.o(i.HAL_UARTEx_TxFifoEmptyCallback)
    HAL_UARTEx_WakeupCallback                0x080046e3   Thumb Code     2  stm32g4xx_hal_uart_ex.o(i.HAL_UARTEx_WakeupCallback)
    HAL_UART_ErrorCallback                   0x080046e5   Thumb Code     2  stm32g4xx_hal_uart.o(i.HAL_UART_ErrorCallback)
    HAL_UART_IRQHandler                      0x080046e9   Thumb Code   782  stm32g4xx_hal_uart.o(i.HAL_UART_IRQHandler)
    HAL_UART_Init                            0x08004a05   Thumb Code   106  stm32g4xx_hal_uart.o(i.HAL_UART_Init)
    HAL_UART_MspInit                         0x08004a71   Thumb Code   172  usart.o(i.HAL_UART_MspInit)
    HAL_UART_TxCpltCallback                  0x08004b31   Thumb Code     2  stm32g4xx_hal_uart.o(i.HAL_UART_TxCpltCallback)
    HardFault_Handler                        0x08004b33   Thumb Code     2  stm32g4xx_it.o(i.HardFault_Handler)
    MX_ADC1_Init                             0x08004bd9   Thumb Code   184  adc.o(i.MX_ADC1_Init)
    MX_ADC2_Init                             0x08004c9d   Thumb Code   136  adc.o(i.MX_ADC2_Init)
    MX_DMA_Init                              0x08004d35   Thumb Code    88  dma.o(i.MX_DMA_Init)
    MX_FDCAN1_Init                           0x08004d91   Thumb Code    70  fdcan.o(i.MX_FDCAN1_Init)
    MX_GPIO_Init                             0x08004de1   Thumb Code   210  gpio.o(i.MX_GPIO_Init)
    MX_SPI1_Init                             0x08004ec1   Thumb Code    72  spi.o(i.MX_SPI1_Init)
    MX_SPI2_Init                             0x08004f11   Thumb Code    70  spi.o(i.MX_SPI2_Init)
    MX_SPI3_Init                             0x08004f61   Thumb Code    70  spi.o(i.MX_SPI3_Init)
    MX_TIM1_Init                             0x08004fb1   Thumb Code   250  tim.o(i.MX_TIM1_Init)
    MX_TIM5_Init                             0x080050b5   Thumb Code    96  tim.o(i.MX_TIM5_Init)
    MX_USART1_UART_Init                      0x0800511d   Thumb Code    94  usart.o(i.MX_USART1_UART_Init)
    MemManage_Handler                        0x08005185   Thumb Code     2  stm32g4xx_it.o(i.MemManage_Handler)
    NMI_Handler                              0x08005187   Thumb Code     2  stm32g4xx_it.o(i.NMI_Handler)
    PendSV_Handler                           0x08005189   Thumb Code     2  stm32g4xx_it.o(i.PendSV_Handler)
    SPI1_IRQHandler                          0x0800518d   Thumb Code     6  stm32g4xx_it.o(i.SPI1_IRQHandler)
    SVC_Handler                              0x08005501   Thumb Code     2  stm32g4xx_it.o(i.SVC_Handler)
    SysTick_Handler                          0x08005503   Thumb Code     4  stm32g4xx_it.o(i.SysTick_Handler)
    SystemClock_Config                       0x08005507   Thumb Code   100  main.o(i.SystemClock_Config)
    SystemInit                               0x0800556d   Thumb Code    12  system_stm32g4xx.o(i.SystemInit)
    TIM1_BRK_TIM15_IRQHandler                0x0800557d   Thumb Code     6  stm32g4xx_it.o(i.TIM1_BRK_TIM15_IRQHandler)
    TIM5_IRQHandler                          0x08005589   Thumb Code     6  stm32g4xx_it.o(i.TIM5_IRQHandler)
    TIM_Base_SetConfig                       0x08005595   Thumb Code   184  stm32g4xx_hal_tim.o(i.TIM_Base_SetConfig)
    TIM_CCxChannelCmd                        0x08005671   Thumb Code    26  stm32g4xx_hal_tim.o(i.TIM_CCxChannelCmd)
    TIM_ETR_SetConfig                        0x0800568b   Thumb Code    20  stm32g4xx_hal_tim.o(i.TIM_ETR_SetConfig)
    TIM_OC2_SetConfig                        0x08005769   Thumb Code   140  stm32g4xx_hal_tim.o(i.TIM_OC2_SetConfig)
    UART_AdvFeatureConfig                    0x08005b4d   Thumb Code   200  stm32g4xx_hal_uart.o(i.UART_AdvFeatureConfig)
    UART_CheckIdleState                      0x08005c15   Thumb Code   172  stm32g4xx_hal_uart.o(i.UART_CheckIdleState)
    UART_SetConfig                           0x08005d21   Thumb Code   614  stm32g4xx_hal_uart.o(i.UART_SetConfig)
    UART_WaitOnFlagUntilTimeout              0x08005fb9   Thumb Code   148  stm32g4xx_hal_uart.o(i.UART_WaitOnFlagUntilTimeout)
    USART1_IRQHandler                        0x0800604d   Thumb Code     6  stm32g4xx_it.o(i.USART1_IRQHandler)
    UsageFault_Handler                       0x08006059   Thumb Code     2  stm32g4xx_it.o(i.UsageFault_Handler)
    __ARM_fpclassifyf                        0x0800605b   Thumb Code    38  fpclassifyf.o(i.__ARM_fpclassifyf)
    __hardfp_cosf                            0x080060a1   Thumb Code   280  cosf.o(i.__hardfp_cosf)
    __hardfp_sinf                            0x080061f1   Thumb Code   344  sinf.o(i.__hardfp_sinf)
    __mathlib_flt_infnan                     0x08006381   Thumb Code     6  funder.o(i.__mathlib_flt_infnan)
    __mathlib_flt_invalid                    0x08006389   Thumb Code    10  funder.o(i.__mathlib_flt_invalid)
    __mathlib_flt_underflow                  0x08006399   Thumb Code    10  funder.o(i.__mathlib_flt_underflow)
    __mathlib_rredf2                         0x080063a9   Thumb Code   316  rredf.o(i.__mathlib_rredf2)
    main                                     0x080067bd   Thumb Code   112  main.o(i.main)
    _fp_init                                 0x080069b9   Thumb Code    10  fpinit.o(x$fpl$fpinit)
    __fplib_config_fpu_vfp                   0x080069c1   Thumb Code     0  fpinit.o(x$fpl$fpinit)
    __fplib_config_pureend_doubles           0x080069c1   Thumb Code     0  fpinit.o(x$fpl$fpinit)
    __I$use$fp                               0x080069c2   Number         0  usenofp.o(x$fpl$usenofp)
    UARTPrescTable                           0x080069d2   Data          24  stm32g4xx_hal_uart.o(.constdata)
    AHBPrescTable                            0x080069fa   Data          16  system_stm32g4xx.o(.constdata)
    APBPrescTable                            0x08006a0a   Data           8  system_stm32g4xx.o(.constdata)
    Region$$Table$$Base                      0x08006a34   Number         0  anon$$obj.o(Region$$Table)
    Region$$Table$$Limit                     0x08006a54   Number         0  anon$$obj.o(Region$$Table)
    uwTickPrio                               0x20000080   Data           4  stm32g4xx_hal.o(.data)
    uwTickFreq                               0x20000084   Data           4  stm32g4xx_hal.o(.data)
    uwTick                                   0x20000088   Data           4  stm32g4xx_hal.o(.data)
    SystemCoreClock                          0x2000008c   Data           4  system_stm32g4xx.o(.data)
    hadc1                                    0x20000090   Data         108  adc.o(.bss)
    hadc2                                    0x200000fc   Data         108  adc.o(.bss)
    hfdcan1                                  0x20000168   Data         100  fdcan.o(.bss)
    hspi1                                    0x200001cc   Data         100  spi.o(.bss)
    hspi2                                    0x20000230   Data         100  spi.o(.bss)
    hspi3                                    0x20000294   Data         100  spi.o(.bss)
    hdma_spi1_rx                             0x200002f8   Data          96  spi.o(.bss)
    hdma_spi1_tx                             0x20000358   Data          96  spi.o(.bss)
    htim1                                    0x200003b8   Data          76  tim.o(.bss)
    htim5                                    0x20000404   Data          76  tim.o(.bss)
    huart1                                   0x20000450   Data         148  usart.o(.bss)
    hdma_usart1_rx                           0x200004e4   Data          96  usart.o(.bss)
    __libspace_start                         0x20000544   Data          96  libspace.o(.bss)
    __temporary_stack_top$libspace           0x200005a4   Data           0  libspace.o(.bss)



==============================================================================

Memory Map of the image

  Image Entry point : 0x080001d9

  Load Region LR_IROM1 (Base: 0x08000000, Size: 0x00006ae4, Max: 0x00020000, ABSOLUTE)

    Execution Region ER_IROM1 (Exec base: 0x08000000, Load base: 0x08000000, Size: 0x00006a54, Max: 0x00020000, ABSOLUTE)

    Exec Addr    Load Addr    Size         Type   Attr      Idx    E Section Name        Object

    0x08000000   0x08000000   0x000001d8   Data   RO            3    RESET               startup_stm32g474xx.o
    0x080001d8   0x080001d8   0x00000008   Code   RO         5480  * !!!main             c_w.l(__main.o)
    0x080001e0   0x080001e0   0x00000034   Code   RO         5713    !!!scatter          c_w.l(__scatter.o)
    0x08000214   0x08000214   0x0000001a   Code   RO         5715    !!handler_copy      c_w.l(__scatter_copy.o)
    0x0800022e   0x0800022e   0x00000002   PAD
    0x08000230   0x08000230   0x0000001c   Code   RO         5717    !!handler_zi        c_w.l(__scatter_zi.o)
    0x0800024c   0x0800024c   0x00000002   Code   RO         5587    .ARM.Collect$$libinit$$00000000  c_w.l(libinit.o)
    0x0800024e   0x0800024e   0x00000004   Code   RO         5596    .ARM.Collect$$libinit$$00000001  c_w.l(libinit2.o)
    0x08000252   0x08000252   0x00000000   Code   RO         5599    .ARM.Collect$$libinit$$00000004  c_w.l(libinit2.o)
    0x08000252   0x08000252   0x00000000   Code   RO         5602    .ARM.Collect$$libinit$$0000000A  c_w.l(libinit2.o)
    0x08000252   0x08000252   0x00000000   Code   RO         5604    .ARM.Collect$$libinit$$0000000C  c_w.l(libinit2.o)
    0x08000252   0x08000252   0x00000000   Code   RO         5606    .ARM.Collect$$libinit$$0000000E  c_w.l(libinit2.o)
    0x08000252   0x08000252   0x00000000   Code   RO         5609    .ARM.Collect$$libinit$$00000011  c_w.l(libinit2.o)
    0x08000252   0x08000252   0x00000000   Code   RO         5611    .ARM.Collect$$libinit$$00000013  c_w.l(libinit2.o)
    0x08000252   0x08000252   0x00000000   Code   RO         5613    .ARM.Collect$$libinit$$00000015  c_w.l(libinit2.o)
    0x08000252   0x08000252   0x00000000   Code   RO         5615    .ARM.Collect$$libinit$$00000017  c_w.l(libinit2.o)
    0x08000252   0x08000252   0x00000000   Code   RO         5617    .ARM.Collect$$libinit$$00000019  c_w.l(libinit2.o)
    0x08000252   0x08000252   0x00000000   Code   RO         5619    .ARM.Collect$$libinit$$0000001B  c_w.l(libinit2.o)
    0x08000252   0x08000252   0x00000000   Code   RO         5621    .ARM.Collect$$libinit$$0000001D  c_w.l(libinit2.o)
    0x08000252   0x08000252   0x00000000   Code   RO         5623    .ARM.Collect$$libinit$$0000001F  c_w.l(libinit2.o)
    0x08000252   0x08000252   0x00000000   Code   RO         5625    .ARM.Collect$$libinit$$00000021  c_w.l(libinit2.o)
    0x08000252   0x08000252   0x00000000   Code   RO         5627    .ARM.Collect$$libinit$$00000023  c_w.l(libinit2.o)
    0x08000252   0x08000252   0x00000000   Code   RO         5629    .ARM.Collect$$libinit$$00000025  c_w.l(libinit2.o)
    0x08000252   0x08000252   0x00000000   Code   RO         5633    .ARM.Collect$$libinit$$0000002C  c_w.l(libinit2.o)
    0x08000252   0x08000252   0x00000000   Code   RO         5635    .ARM.Collect$$libinit$$0000002E  c_w.l(libinit2.o)
    0x08000252   0x08000252   0x00000000   Code   RO         5637    .ARM.Collect$$libinit$$00000030  c_w.l(libinit2.o)
    0x08000252   0x08000252   0x00000000   Code   RO         5639    .ARM.Collect$$libinit$$00000032  c_w.l(libinit2.o)
    0x08000252   0x08000252   0x00000002   Code   RO         5640    .ARM.Collect$$libinit$$00000033  c_w.l(libinit2.o)
    0x08000254   0x08000254   0x00000002   Code   RO         5671    .ARM.Collect$$libshutdown$$00000000  c_w.l(libshutdown.o)
    0x08000256   0x08000256   0x00000000   Code   RO         5698    .ARM.Collect$$libshutdown$$00000003  c_w.l(libshutdown2.o)
    0x08000256   0x08000256   0x00000000   Code   RO         5701    .ARM.Collect$$libshutdown$$00000006  c_w.l(libshutdown2.o)
    0x08000256   0x08000256   0x00000000   Code   RO         5704    .ARM.Collect$$libshutdown$$00000009  c_w.l(libshutdown2.o)
    0x08000256   0x08000256   0x00000000   Code   RO         5706    .ARM.Collect$$libshutdown$$0000000B  c_w.l(libshutdown2.o)
    0x08000256   0x08000256   0x00000000   Code   RO         5709    .ARM.Collect$$libshutdown$$0000000E  c_w.l(libshutdown2.o)
    0x08000256   0x08000256   0x00000002   Code   RO         5710    .ARM.Collect$$libshutdown$$0000000F  c_w.l(libshutdown2.o)
    0x08000258   0x08000258   0x00000000   Code   RO         5518    .ARM.Collect$$rtentry$$00000000  c_w.l(__rtentry.o)
    0x08000258   0x08000258   0x00000000   Code   RO         5548    .ARM.Collect$$rtentry$$00000002  c_w.l(__rtentry2.o)
    0x08000258   0x08000258   0x00000006   Code   RO         5560    .ARM.Collect$$rtentry$$00000004  c_w.l(__rtentry4.o)
    0x0800025e   0x0800025e   0x00000000   Code   RO         5550    .ARM.Collect$$rtentry$$00000009  c_w.l(__rtentry2.o)
    0x0800025e   0x0800025e   0x00000004   Code   RO         5551    .ARM.Collect$$rtentry$$0000000A  c_w.l(__rtentry2.o)
    0x08000262   0x08000262   0x00000000   Code   RO         5553    .ARM.Collect$$rtentry$$0000000C  c_w.l(__rtentry2.o)
    0x08000262   0x08000262   0x00000008   Code   RO         5554    .ARM.Collect$$rtentry$$0000000D  c_w.l(__rtentry2.o)
    0x0800026a   0x0800026a   0x00000002   Code   RO         5588    .ARM.Collect$$rtexit$$00000000  c_w.l(rtexit.o)
    0x0800026c   0x0800026c   0x00000000   Code   RO         5644    .ARM.Collect$$rtexit$$00000002  c_w.l(rtexit2.o)
    0x0800026c   0x0800026c   0x00000004   Code   RO         5645    .ARM.Collect$$rtexit$$00000003  c_w.l(rtexit2.o)
    0x08000270   0x08000270   0x00000006   Code   RO         5646    .ARM.Collect$$rtexit$$00000004  c_w.l(rtexit2.o)
    0x08000276   0x08000276   0x00000002   PAD
    0x08000278   0x08000278   0x00000040   Code   RO            4    .text               startup_stm32g474xx.o
    0x080002b8   0x080002b8   0x000000ee   Code   RO         5474    .text               c_w.l(lludivv7m.o)
    0x080003a6   0x080003a6   0x0000004e   Code   RO         5476    .text               c_w.l(rt_memclr_w.o)
    0x080003f4   0x080003f4   0x00000006   Code   RO         5478    .text               c_w.l(heapauxi.o)
    0x080003fa   0x080003fa   0x00000016   Code   RO         5523    .text               c_w.l(_rserrno.o)
    0x08000410   0x08000410   0x00000008   Code   RO         5567    .text               c_w.l(rt_errno_addr_intlibspace.o)
    0x08000418   0x08000418   0x00000008   Code   RO         5571    .text               c_w.l(libspace.o)
    0x08000420   0x08000420   0x0000004a   Code   RO         5574    .text               c_w.l(sys_stackheap_outer.o)
    0x0800046a   0x0800046a   0x0000000c   Code   RO         5576    .text               c_w.l(exit.o)
    0x08000476   0x08000476   0x00000002   PAD
    0x08000478   0x08000478   0x0000000c   Code   RO         5641    .text               c_w.l(sys_exit.o)
    0x08000484   0x08000484   0x00000002   Code   RO         5660    .text               c_w.l(use_no_semi.o)
    0x08000486   0x08000486   0x00000000   Code   RO         5662    .text               c_w.l(indicate_semi.o)
    0x08000486   0x08000486   0x00000002   PAD
    0x08000488   0x08000488   0x0000000c   Code   RO          882    i.ADC1_2_IRQHandler  stm32g4xx_it.o
    0x08000494   0x08000494   0x00000070   Code   RO         1054    i.ADC_Disable       stm32g4xx_hal_adc.o
    0x08000504   0x08000504   0x000000c4   Code   RO         1055    i.ADC_Enable        stm32g4xx_hal_adc.o
    0x080005c8   0x080005c8   0x00000062   Code   RO          204    i.Blink_LED         foc_control.o
    0x0800062a   0x0800062a   0x00000002   Code   RO          883    i.BusFault_Handler  stm32g4xx_it.o
    0x0800062c   0x0800062c   0x0000000c   Code   RO          884    i.DMA1_Channel1_IRQHandler  stm32g4xx_it.o
    0x08000638   0x08000638   0x0000000c   Code   RO          885    i.DMA1_Channel2_IRQHandler  stm32g4xx_it.o
    0x08000644   0x08000644   0x0000000c   Code   RO          886    i.DMA1_Channel3_IRQHandler  stm32g4xx_it.o
    0x08000650   0x08000650   0x00000048   Code   RO         2364    i.DMA_CalcDMAMUXChannelBaseAndMask  stm32g4xx_hal_dma.o
    0x08000698   0x08000698   0x00000028   Code   RO         2365    i.DMA_CalcDMAMUXRequestGenBaseAndMask  stm32g4xx_hal_dma.o
    0x080006c0   0x080006c0   0x0000003e   Code   RO         2366    i.DMA_SetConfig     stm32g4xx_hal_dma.o
    0x080006fe   0x080006fe   0x00000002   Code   RO          887    i.DebugMon_Handler  stm32g4xx_it.o
    0x08000700   0x08000700   0x00000004   Code   RO           13    i.Error_Handler     main.o
    0x08000704   0x08000704   0x0000000c   Code   RO          888    i.FDCAN1_IT0_IRQHandler  stm32g4xx_it.o
    0x08000710   0x08000710   0x0000000c   Code   RO          889    i.FDCAN1_IT1_IRQHandler  stm32g4xx_it.o
    0x0800071c   0x0800071c   0x000001e0   Code   RO          213    i.FOC_Init          foc_control.o
    0x080008fc   0x080008fc   0x00000034   Code   RO          214    i.FOC_SetTorque     foc_control.o
    0x08000930   0x08000930   0x00000094   Code   RO         1288    i.HAL_ADCEx_Calibration_Start  stm32g4xx_hal_adc_ex.o
    0x080009c4   0x080009c4   0x00000002   Code   RO         1292    i.HAL_ADCEx_EndOfSamplingCallback  stm32g4xx_hal_adc_ex.o
    0x080009c6   0x080009c6   0x00000002   PAD
    0x080009c8   0x080009c8   0x0000055c   Code   RO         1294    i.HAL_ADCEx_InjectedConfigChannel  stm32g4xx_hal_adc_ex.o
    0x08000f24   0x08000f24   0x00000240   Code   RO          215    i.HAL_ADCEx_InjectedConvCpltCallback  foc_control.o
    0x08001164   0x08001164   0x00000002   Code   RO         1298    i.HAL_ADCEx_InjectedQueueOverflowCallback  stm32g4xx_hal_adc_ex.o
    0x08001166   0x08001166   0x00000002   PAD
    0x08001168   0x08001168   0x00000158   Code   RO         1300    i.HAL_ADCEx_InjectedStart_IT  stm32g4xx_hal_adc_ex.o
    0x080012c0   0x080012c0   0x00000002   Code   RO         1303    i.HAL_ADCEx_LevelOutOfWindow2Callback  stm32g4xx_hal_adc_ex.o
    0x080012c2   0x080012c2   0x00000002   Code   RO         1304    i.HAL_ADCEx_LevelOutOfWindow3Callback  stm32g4xx_hal_adc_ex.o
    0x080012c4   0x080012c4   0x0000015c   Code   RO         1305    i.HAL_ADCEx_MultiModeConfigChannel  stm32g4xx_hal_adc_ex.o
    0x08001420   0x08001420   0x00000464   Code   RO         1057    i.HAL_ADC_ConfigChannel  stm32g4xx_hal_adc.o
    0x08001884   0x08001884   0x00000002   Code   RO         1058    i.HAL_ADC_ConvCpltCallback  stm32g4xx_hal_adc.o
    0x08001886   0x08001886   0x00000002   Code   RO         1061    i.HAL_ADC_ErrorCallback  stm32g4xx_hal_adc.o
    0x08001888   0x08001888   0x000002b8   Code   RO         1065    i.HAL_ADC_IRQHandler  stm32g4xx_hal_adc.o
    0x08001b40   0x08001b40   0x00000234   Code   RO         1066    i.HAL_ADC_Init      stm32g4xx_hal_adc.o
    0x08001d74   0x08001d74   0x00000002   Code   RO         1067    i.HAL_ADC_LevelOutOfWindowCallback  stm32g4xx_hal_adc.o
    0x08001d76   0x08001d76   0x00000002   PAD
    0x08001d78   0x08001d78   0x00000114   Code   RO          502    i.HAL_ADC_MspInit   adc.o
    0x08001e8c   0x08001e8c   0x00000070   Code   RO         2367    i.HAL_DMA_Abort     stm32g4xx_hal_dma.o
    0x08001efc   0x08001efc   0x00000078   Code   RO         2368    i.HAL_DMA_Abort_IT  stm32g4xx_hal_dma.o
    0x08001f74   0x08001f74   0x000000ba   Code   RO         2372    i.HAL_DMA_IRQHandler  stm32g4xx_hal_dma.o
    0x0800202e   0x0800202e   0x00000002   PAD
    0x08002030   0x08002030   0x000000c4   Code   RO         2373    i.HAL_DMA_Init      stm32g4xx_hal_dma.o
    0x080020f4   0x080020f4   0x0000008c   Code   RO         2377    i.HAL_DMA_Start_IT  stm32g4xx_hal_dma.o
    0x08002180   0x08002180   0x00000024   Code   RO         1504    i.HAL_Delay         stm32g4xx_hal.o
    0x080021a4   0x080021a4   0x00000002   Code   RO         3044    i.HAL_FDCAN_ErrorCallback  stm32g4xx_hal_fdcan.o
    0x080021a6   0x080021a6   0x00000002   Code   RO         3045    i.HAL_FDCAN_ErrorStatusCallback  stm32g4xx_hal_fdcan.o
    0x080021a8   0x080021a8   0x00000114   Code   RO         3054    i.HAL_FDCAN_GetRxMessage  stm32g4xx_hal_fdcan.o
    0x080022bc   0x080022bc   0x00000002   Code   RO         3060    i.HAL_FDCAN_HighPriorityMessageCallback  stm32g4xx_hal_fdcan.o
    0x080022be   0x080022be   0x00000164   Code   RO         3061    i.HAL_FDCAN_IRQHandler  stm32g4xx_hal_fdcan.o
    0x08002422   0x08002422   0x00000002   PAD
    0x08002424   0x08002424   0x00000218   Code   RO         3062    i.HAL_FDCAN_Init    stm32g4xx_hal_fdcan.o
    0x0800263c   0x0800263c   0x0000009c   Code   RO          691    i.HAL_FDCAN_MspInit  fdcan.o
    0x080026d8   0x080026d8   0x00000070   Code   RO          386    i.HAL_FDCAN_RxFifo0Callback  foc_can.o
    0x08002748   0x08002748   0x00000002   Code   RO         3070    i.HAL_FDCAN_RxFifo1Callback  stm32g4xx_hal_fdcan.o
    0x0800274a   0x0800274a   0x00000002   Code   RO         3073    i.HAL_FDCAN_TimeoutOccurredCallback  stm32g4xx_hal_fdcan.o
    0x0800274c   0x0800274c   0x00000002   Code   RO         3074    i.HAL_FDCAN_TimestampWraparoundCallback  stm32g4xx_hal_fdcan.o
    0x0800274e   0x0800274e   0x00000002   Code   RO         3075    i.HAL_FDCAN_TxBufferAbortCallback  stm32g4xx_hal_fdcan.o
    0x08002750   0x08002750   0x00000002   Code   RO         3076    i.HAL_FDCAN_TxBufferCompleteCallback  stm32g4xx_hal_fdcan.o
    0x08002752   0x08002752   0x00000002   Code   RO         3077    i.HAL_FDCAN_TxEventFifoCallback  stm32g4xx_hal_fdcan.o
    0x08002754   0x08002754   0x00000002   Code   RO         3078    i.HAL_FDCAN_TxFifoEmptyCallback  stm32g4xx_hal_fdcan.o
    0x08002756   0x08002756   0x00000002   PAD
    0x08002758   0x08002758   0x00000234   Code   RO         2229    i.HAL_GPIO_Init     stm32g4xx_hal_gpio.o
    0x0800298c   0x0800298c   0x0000000a   Code   RO         2233    i.HAL_GPIO_WritePin  stm32g4xx_hal_gpio.o
    0x08002996   0x08002996   0x00000002   PAD
    0x08002998   0x08002998   0x0000000c   Code   RO         1508    i.HAL_GetTick       stm32g4xx_hal.o
    0x080029a4   0x080029a4   0x00000010   Code   RO         1514    i.HAL_IncTick       stm32g4xx_hal.o
    0x080029b4   0x080029b4   0x0000001e   Code   RO         1515    i.HAL_Init          stm32g4xx_hal.o
    0x080029d2   0x080029d2   0x00000002   PAD
    0x080029d4   0x080029d4   0x00000044   Code   RO         1516    i.HAL_InitTick      stm32g4xx_hal.o
    0x08002a18   0x08002a18   0x00000030   Code   RO         1026    i.HAL_MspInit       stm32g4xx_hal_msp.o
    0x08002a48   0x08002a48   0x0000001a   Code   RO         2878    i.HAL_NVIC_EnableIRQ  stm32g4xx_hal_cortex.o
    0x08002a62   0x08002a62   0x00000002   PAD
    0x08002a64   0x08002a64   0x00000040   Code   RO         2884    i.HAL_NVIC_SetPriority  stm32g4xx_hal_cortex.o
    0x08002aa4   0x08002aa4   0x00000024   Code   RO         2885    i.HAL_NVIC_SetPriorityGrouping  stm32g4xx_hal_cortex.o
    0x08002ac8   0x08002ac8   0x000000bc   Code   RO         2632    i.HAL_PWREx_ControlVoltageScaling  stm32g4xx_hal_pwr_ex.o
    0x08002b84   0x08002b84   0x00000010   Code   RO         2644    i.HAL_PWREx_DisableUCPDDeadBattery  stm32g4xx_hal_pwr_ex.o
    0x08002b94   0x08002b94   0x00000300   Code   RO         1875    i.HAL_RCCEx_PeriphCLKConfig  stm32g4xx_hal_rcc_ex.o
    0x08002e94   0x08002e94   0x000001dc   Code   RO         1750    i.HAL_RCC_ClockConfig  stm32g4xx_hal_rcc.o
    0x08003070   0x08003070   0x00000024   Code   RO         1758    i.HAL_RCC_GetPCLK1Freq  stm32g4xx_hal_rcc.o
    0x08003094   0x08003094   0x00000024   Code   RO         1759    i.HAL_RCC_GetPCLK2Freq  stm32g4xx_hal_rcc.o
    0x080030b8   0x080030b8   0x0000006c   Code   RO         1760    i.HAL_RCC_GetSysClockFreq  stm32g4xx_hal_rcc.o
    0x08003124   0x08003124   0x00000404   Code   RO         1763    i.HAL_RCC_OscConfig  stm32g4xx_hal_rcc.o
    0x08003528   0x08003528   0x00000030   Code   RO          216    i.HAL_SPI_ErrorCallback  foc_control.o
    0x08003558   0x08003558   0x000000fc   Code   RO         3413    i.HAL_SPI_IRQHandler  stm32g4xx_hal_spi.o
    0x08003654   0x08003654   0x000000ea   Code   RO         3414    i.HAL_SPI_Init      stm32g4xx_hal_spi.o
    0x0800373e   0x0800373e   0x00000002   PAD
    0x08003740   0x08003740   0x00000154   Code   RO          733    i.HAL_SPI_MspInit   spi.o
    0x08003894   0x08003894   0x00000002   Code   RO         3420    i.HAL_SPI_RxCpltCallback  stm32g4xx_hal_spi.o
    0x08003896   0x08003896   0x00000002   Code   RO         3421    i.HAL_SPI_RxHalfCpltCallback  stm32g4xx_hal_spi.o
    0x08003898   0x08003898   0x00000272   Code   RO         3423    i.HAL_SPI_TransmitReceive  stm32g4xx_hal_spi.o
    0x08003b0a   0x08003b0a   0x00000002   PAD
    0x08003b0c   0x08003b0c   0x000001b4   Code   RO         3424    i.HAL_SPI_TransmitReceive_DMA  stm32g4xx_hal_spi.o
    0x08003cc0   0x08003cc0   0x00000050   Code   RO          217    i.HAL_SPI_TxRxCpltCallback  foc_control.o
    0x08003d10   0x08003d10   0x00000002   Code   RO         3431    i.HAL_SPI_TxRxHalfCpltCallback  stm32g4xx_hal_spi.o
    0x08003d12   0x08003d12   0x00000028   Code   RO         2889    i.HAL_SYSTICK_Config  stm32g4xx_hal_cortex.o
    0x08003d3a   0x08003d3a   0x00000002   Code   RO         4470    i.HAL_TIMEx_Break2Callback  stm32g4xx_hal_tim_ex.o
    0x08003d3c   0x08003d3c   0x00000002   Code   RO         4471    i.HAL_TIMEx_BreakCallback  stm32g4xx_hal_tim_ex.o
    0x08003d3e   0x08003d3e   0x00000002   Code   RO         4472    i.HAL_TIMEx_CommutCallback  stm32g4xx_hal_tim_ex.o
    0x08003d40   0x08003d40   0x000000a8   Code   RO         4475    i.HAL_TIMEx_ConfigBreakDeadTime  stm32g4xx_hal_tim_ex.o
    0x08003de8   0x08003de8   0x00000002   Code   RO         4483    i.HAL_TIMEx_DirectionChangeCallback  stm32g4xx_hal_tim_ex.o
    0x08003dea   0x08003dea   0x00000002   Code   RO         4497    i.HAL_TIMEx_EncoderIndexCallback  stm32g4xx_hal_tim_ex.o
    0x08003dec   0x08003dec   0x00000002   Code   RO         4511    i.HAL_TIMEx_IndexErrorCallback  stm32g4xx_hal_tim_ex.o
    0x08003dee   0x08003dee   0x00000002   PAD
    0x08003df0   0x08003df0   0x000000b8   Code   RO         4512    i.HAL_TIMEx_MasterConfigSynchronization  stm32g4xx_hal_tim_ex.o
    0x08003ea8   0x08003ea8   0x00000002   Code   RO         4533    i.HAL_TIMEx_TransitionErrorCallback  stm32g4xx_hal_tim_ex.o
    0x08003eaa   0x08003eaa   0x00000062   Code   RO         3756    i.HAL_TIM_Base_Init  stm32g4xx_hal_tim.o
    0x08003f0c   0x08003f0c   0x00000064   Code   RO          787    i.HAL_TIM_Base_MspInit  tim.o
    0x08003f70   0x08003f70   0x0000008c   Code   RO         3761    i.HAL_TIM_Base_Start_IT  stm32g4xx_hal_tim.o
    0x08003ffc   0x08003ffc   0x000000f0   Code   RO         3765    i.HAL_TIM_ConfigClockSource  stm32g4xx_hal_tim.o
    0x080040ec   0x080040ec   0x00000002   Code   RO         3790    i.HAL_TIM_IC_CaptureCallback  stm32g4xx_hal_tim.o
    0x080040ee   0x080040ee   0x000001a2   Code   RO         3804    i.HAL_TIM_IRQHandler  stm32g4xx_hal_tim.o
    0x08004290   0x08004290   0x00000054   Code   RO          788    i.HAL_TIM_MspPostInit  tim.o
    0x080042e4   0x080042e4   0x00000002   Code   RO         3807    i.HAL_TIM_OC_DelayElapsedCallback  stm32g4xx_hal_tim.o
    0x080042e6   0x080042e6   0x00000124   Code   RO         3828    i.HAL_TIM_PWM_ConfigChannel  stm32g4xx_hal_tim.o
    0x0800440a   0x0800440a   0x00000062   Code   RO         3831    i.HAL_TIM_PWM_Init  stm32g4xx_hal_tim.o
    0x0800446c   0x0800446c   0x00000002   Code   RO         3833    i.HAL_TIM_PWM_MspInit  stm32g4xx_hal_tim.o
    0x0800446e   0x0800446e   0x00000002   Code   RO         3834    i.HAL_TIM_PWM_PulseFinishedCallback  stm32g4xx_hal_tim.o
    0x08004470   0x08004470   0x00000114   Code   RO         3836    i.HAL_TIM_PWM_Start  stm32g4xx_hal_tim.o
    0x08004584   0x08004584   0x00000080   Code   RO          218    i.HAL_TIM_PeriodElapsedCallback  foc_control.o
    0x08004604   0x08004604   0x00000002   Code   RO         3847    i.HAL_TIM_TriggerCallback  stm32g4xx_hal_tim.o
    0x08004606   0x08004606   0x0000003e   Code   RO         5319    i.HAL_UARTEx_DisableFifoMode  stm32g4xx_hal_uart_ex.o
    0x08004644   0x08004644   0x00000002   Code   RO         4908    i.HAL_UARTEx_RxEventCallback  stm32g4xx_hal_uart.o
    0x08004646   0x08004646   0x00000002   Code   RO         5327    i.HAL_UARTEx_RxFifoFullCallback  stm32g4xx_hal_uart_ex.o
    0x08004648   0x08004648   0x0000004c   Code   RO         5328    i.HAL_UARTEx_SetRxFifoThreshold  stm32g4xx_hal_uart_ex.o
    0x08004694   0x08004694   0x0000004c   Code   RO         5329    i.HAL_UARTEx_SetTxFifoThreshold  stm32g4xx_hal_uart_ex.o
    0x080046e0   0x080046e0   0x00000002   Code   RO         5331    i.HAL_UARTEx_TxFifoEmptyCallback  stm32g4xx_hal_uart_ex.o
    0x080046e2   0x080046e2   0x00000002   Code   RO         5332    i.HAL_UARTEx_WakeupCallback  stm32g4xx_hal_uart_ex.o
    0x080046e4   0x080046e4   0x00000002   Code   RO         4924    i.HAL_UART_ErrorCallback  stm32g4xx_hal_uart.o
    0x080046e6   0x080046e6   0x00000002   PAD
    0x080046e8   0x080046e8   0x0000031c   Code   RO         4927    i.HAL_UART_IRQHandler  stm32g4xx_hal_uart.o
    0x08004a04   0x08004a04   0x0000006a   Code   RO         4928    i.HAL_UART_Init     stm32g4xx_hal_uart.o
    0x08004a6e   0x08004a6e   0x00000002   PAD
    0x08004a70   0x08004a70   0x000000c0   Code   RO          841    i.HAL_UART_MspInit  usart.o
    0x08004b30   0x08004b30   0x00000002   Code   RO         4940    i.HAL_UART_TxCpltCallback  stm32g4xx_hal_uart.o
    0x08004b32   0x08004b32   0x00000002   Code   RO          890    i.HardFault_Handler  stm32g4xx_it.o
    0x08004b34   0x08004b34   0x0000000c   Code   RO         1080    i.LL_ADC_GetOffsetChannel  stm32g4xx_hal_adc.o
    0x08004b40   0x08004b40   0x0000000c   Code   RO         1313    i.LL_ADC_GetOffsetChannel  stm32g4xx_hal_adc_ex.o
    0x08004b4c   0x08004b4c   0x00000008   Code   RO         1081    i.LL_ADC_INJ_IsConversionOngoing  stm32g4xx_hal_adc.o
    0x08004b54   0x08004b54   0x00000008   Code   RO         1314    i.LL_ADC_INJ_IsConversionOngoing  stm32g4xx_hal_adc_ex.o
    0x08004b5c   0x08004b5c   0x00000008   Code   RO         1082    i.LL_ADC_REG_IsConversionOngoing  stm32g4xx_hal_adc.o
    0x08004b64   0x08004b64   0x00000008   Code   RO         1315    i.LL_ADC_REG_IsConversionOngoing  stm32g4xx_hal_adc_ex.o
    0x08004b6c   0x08004b6c   0x00000010   Code   RO         1083    i.LL_ADC_REG_IsTriggerSourceSWStart  stm32g4xx_hal_adc.o
    0x08004b7c   0x08004b7c   0x0000001e   Code   RO         1085    i.LL_ADC_SetChannelSamplingTime  stm32g4xx_hal_adc.o
    0x08004b9a   0x08004b9a   0x0000001e   Code   RO         1316    i.LL_ADC_SetChannelSamplingTime  stm32g4xx_hal_adc_ex.o
    0x08004bb8   0x08004bb8   0x00000010   Code   RO         1086    i.LL_ADC_SetOffsetState  stm32g4xx_hal_adc.o
    0x08004bc8   0x08004bc8   0x00000010   Code   RO         1317    i.LL_ADC_SetOffsetState  stm32g4xx_hal_adc_ex.o
    0x08004bd8   0x08004bd8   0x000000c4   Code   RO          503    i.MX_ADC1_Init      adc.o
    0x08004c9c   0x08004c9c   0x00000098   Code   RO          504    i.MX_ADC2_Init      adc.o
    0x08004d34   0x08004d34   0x0000005c   Code   RO          663    i.MX_DMA_Init       dma.o
    0x08004d90   0x08004d90   0x00000050   Code   RO          692    i.MX_FDCAN1_Init    fdcan.o
    0x08004de0   0x08004de0   0x000000e0   Code   RO          477    i.MX_GPIO_Init      gpio.o
    0x08004ec0   0x08004ec0   0x00000050   Code   RO          734    i.MX_SPI1_Init      spi.o
    0x08004f10   0x08004f10   0x00000050   Code   RO          735    i.MX_SPI2_Init      spi.o
    0x08004f60   0x08004f60   0x00000050   Code   RO          736    i.MX_SPI3_Init      spi.o
    0x08004fb0   0x08004fb0   0x00000104   Code   RO          789    i.MX_TIM1_Init      tim.o
    0x080050b4   0x080050b4   0x00000068   Code   RO          790    i.MX_TIM5_Init      tim.o
    0x0800511c   0x0800511c   0x00000068   Code   RO          842    i.MX_USART1_UART_Init  usart.o
    0x08005184   0x08005184   0x00000002   Code   RO          891    i.MemManage_Handler  stm32g4xx_it.o
    0x08005186   0x08005186   0x00000002   Code   RO          892    i.NMI_Handler       stm32g4xx_it.o
    0x08005188   0x08005188   0x00000002   Code   RO          893    i.PendSV_Handler    stm32g4xx_it.o
    0x0800518a   0x0800518a   0x00000002   PAD
    0x0800518c   0x0800518c   0x0000000c   Code   RO          894    i.SPI1_IRQHandler   stm32g4xx_it.o
    0x08005198   0x08005198   0x00000012   Code   RO         3441    i.SPI_DMAAbortOnError  stm32g4xx_hal_spi.o
    0x080051aa   0x080051aa   0x00000022   Code   RO         3442    i.SPI_DMAError      stm32g4xx_hal_spi.o
    0x080051cc   0x080051cc   0x0000000a   Code   RO         3443    i.SPI_DMAHalfReceiveCplt  stm32g4xx_hal_spi.o
    0x080051d6   0x080051d6   0x0000000a   Code   RO         3445    i.SPI_DMAHalfTransmitReceiveCplt  stm32g4xx_hal_spi.o
    0x080051e0   0x080051e0   0x0000006c   Code   RO         3446    i.SPI_DMAReceiveCplt  stm32g4xx_hal_spi.o
    0x0800524c   0x0800524c   0x0000005c   Code   RO         3449    i.SPI_DMATransmitReceiveCplt  stm32g4xx_hal_spi.o
    0x080052a8   0x080052a8   0x00000074   Code   RO         3451    i.SPI_EndRxTransaction  stm32g4xx_hal_spi.o
    0x0800531c   0x0800531c   0x00000048   Code   RO         3452    i.SPI_EndRxTxTransaction  stm32g4xx_hal_spi.o
    0x08005364   0x08005364   0x000000e0   Code   RO         3457    i.SPI_WaitFifoStateUntilTimeout  stm32g4xx_hal_spi.o
    0x08005444   0x08005444   0x000000bc   Code   RO         3458    i.SPI_WaitFlagStateUntilTimeout  stm32g4xx_hal_spi.o
    0x08005500   0x08005500   0x00000002   Code   RO          895    i.SVC_Handler       stm32g4xx_it.o
    0x08005502   0x08005502   0x00000004   Code   RO          896    i.SysTick_Handler   stm32g4xx_it.o
    0x08005506   0x08005506   0x00000064   Code   RO           14    i.SystemClock_Config  main.o
    0x0800556a   0x0800556a   0x00000002   PAD
    0x0800556c   0x0800556c   0x00000010   Code   RO         5438    i.SystemInit        system_stm32g4xx.o
    0x0800557c   0x0800557c   0x0000000c   Code   RO          897    i.TIM1_BRK_TIM15_IRQHandler  stm32g4xx_it.o
    0x08005588   0x08005588   0x0000000c   Code   RO          898    i.TIM5_IRQHandler   stm32g4xx_it.o
    0x08005594   0x08005594   0x000000dc   Code   RO         3849    i.TIM_Base_SetConfig  stm32g4xx_hal_tim.o
    0x08005670   0x08005670   0x0000001a   Code   RO         3850    i.TIM_CCxChannelCmd  stm32g4xx_hal_tim.o
    0x0800568a   0x0800568a   0x00000014   Code   RO         3860    i.TIM_ETR_SetConfig  stm32g4xx_hal_tim.o
    0x0800569e   0x0800569e   0x00000002   PAD
    0x080056a0   0x080056a0   0x00000014   Code   RO         3861    i.TIM_ITRx_SetConfig  stm32g4xx_hal_tim.o
    0x080056b4   0x080056b4   0x000000b4   Code   RO         3862    i.TIM_OC1_SetConfig  stm32g4xx_hal_tim.o
    0x08005768   0x08005768   0x000000a8   Code   RO         3863    i.TIM_OC2_SetConfig  stm32g4xx_hal_tim.o
    0x08005810   0x08005810   0x000000a8   Code   RO         3864    i.TIM_OC3_SetConfig  stm32g4xx_hal_tim.o
    0x080058b8   0x080058b8   0x000000a8   Code   RO         3865    i.TIM_OC4_SetConfig  stm32g4xx_hal_tim.o
    0x08005960   0x08005960   0x00000078   Code   RO         3866    i.TIM_OC5_SetConfig  stm32g4xx_hal_tim.o
    0x080059d8   0x080059d8   0x0000007c   Code   RO         3867    i.TIM_OC6_SetConfig  stm32g4xx_hal_tim.o
    0x08005a54   0x08005a54   0x00000068   Code   RO         3869    i.TIM_TI1_ConfigInputStage  stm32g4xx_hal_tim.o
    0x08005abc   0x08005abc   0x0000004c   Code   RO         3871    i.TIM_TI2_ConfigInputStage  stm32g4xx_hal_tim.o
    0x08005b08   0x08005b08   0x00000044   Code   RO         5333    i.UARTEx_SetNbDataToProcess  stm32g4xx_hal_uart_ex.o
    0x08005b4c   0x08005b4c   0x000000c8   Code   RO         4942    i.UART_AdvFeatureConfig  stm32g4xx_hal_uart.o
    0x08005c14   0x08005c14   0x000000ac   Code   RO         4943    i.UART_CheckIdleState  stm32g4xx_hal_uart.o
    0x08005cc0   0x08005cc0   0x0000000a   Code   RO         4944    i.UART_DMAAbortOnError  stm32g4xx_hal_uart.o
    0x08005cca   0x08005cca   0x00000002   PAD
    0x08005ccc   0x08005ccc   0x00000054   Code   RO         4954    i.UART_EndRxTransfer  stm32g4xx_hal_uart.o
    0x08005d20   0x08005d20   0x00000298   Code   RO         4960    i.UART_SetConfig    stm32g4xx_hal_uart.o
    0x08005fb8   0x08005fb8   0x00000094   Code   RO         4967    i.UART_WaitOnFlagUntilTimeout  stm32g4xx_hal_uart.o
    0x0800604c   0x0800604c   0x0000000c   Code   RO          899    i.USART1_IRQHandler  stm32g4xx_it.o
    0x08006058   0x08006058   0x00000002   Code   RO          900    i.UsageFault_Handler  stm32g4xx_it.o
    0x0800605a   0x0800605a   0x00000026   Code   RO         5528    i.__ARM_fpclassifyf  m_wm.l(fpclassifyf.o)
    0x08006080   0x08006080   0x00000020   Code   RO         2891    i.__NVIC_SetPriority  stm32g4xx_hal_cortex.o
    0x080060a0   0x080060a0   0x00000150   Code   RO         5482    i.__hardfp_cosf     m_wm.l(cosf.o)
    0x080061f0   0x080061f0   0x00000190   Code   RO         5506    i.__hardfp_sinf     m_wm.l(sinf.o)
    0x08006380   0x08006380   0x00000006   Code   RO         5531    i.__mathlib_flt_infnan  m_wm.l(funder.o)
    0x08006386   0x08006386   0x00000002   PAD
    0x08006388   0x08006388   0x00000010   Code   RO         5533    i.__mathlib_flt_invalid  m_wm.l(funder.o)
    0x08006398   0x08006398   0x00000010   Code   RO         5536    i.__mathlib_flt_underflow  m_wm.l(funder.o)
    0x080063a8   0x080063a8   0x00000154   Code   RO         5544    i.__mathlib_rredf2  m_wm.l(rredf.o)
    0x080064fc   0x080064fc   0x00000040   Code   RO          219    i.align_wait        foc_control.o
    0x0800653c   0x0800653c   0x00000020   Code   RO          220    i.clamp             foc_control.o
    0x0800655c   0x0800655c   0x000000a0   Code   RO          221    i.driver_init       foc_control.o
    0x080065fc   0x080065fc   0x00000074   Code   RO          222    i.driver_transfer   foc_control.o
    0x08006670   0x08006670   0x0000000c   Code   RO          223    i.encoder_cs_delay  foc_control.o
    0x0800667c   0x0800667c   0x00000024   Code   RO          224    i.encoder_healthy   foc_control.o
    0x080066a0   0x080066a0   0x00000050   Code   RO          225    i.encoder_start_frame  foc_control.o
    0x080066f0   0x080066f0   0x000000cc   Code   RO          226    i.encoder_update    foc_control.o
    0x080067bc   0x080067bc   0x00000074   Code   RO           15    i.main              main.o
    0x08006830   0x08006830   0x000000b0   Code   RO          227    i.pwm               foc_control.o
    0x080068e0   0x080068e0   0x00000020   Code   RO          228    i.stop_fault        foc_control.o
    0x08006900   0x08006900   0x00000084   Code   RO          229    i.svpwm             foc_control.o
    0x08006984   0x08006984   0x00000034   Code   RO          230    i.wrap              foc_control.o
    0x080069b8   0x080069b8   0x0000000a   Code   RO         5656    x$fpl$fpinit        fz_wm.l(fpinit.o)
    0x080069c2   0x080069c2   0x00000000   Code   RO         5527    x$fpl$usenofp       fz_wm.l(usenofp.o)
    0x080069c2   0x080069c2   0x00000010   Data   RO         3079    .constdata          stm32g4xx_hal_fdcan.o
    0x080069d2   0x080069d2   0x00000018   Data   RO         4968    .constdata          stm32g4xx_hal_uart.o
    0x080069ea   0x080069ea   0x00000010   Data   RO         5334    .constdata          stm32g4xx_hal_uart_ex.o
    0x080069fa   0x080069fa   0x00000010   Data   RO         5439    .constdata          system_stm32g4xx.o
    0x08006a0a   0x08006a0a   0x00000008   Data   RO         5440    .constdata          system_stm32g4xx.o
    0x08006a12   0x08006a12   0x00000002   PAD
    0x08006a14   0x08006a14   0x00000020   Data   RO         5545    .constdata          m_wm.l(rredf.o)
    0x08006a34   0x08006a34   0x00000020   Data   RO         5711    Region$$Table       anon$$obj.o


    Execution Region RW_IRAM1 (Exec base: 0x20000000, Load base: 0x08006a54, Size: 0x00000ba8, Max: 0x00020000, ABSOLUTE)

    Exec Addr    Load Addr    Size         Type   Attr      Idx    E Section Name        Object

    0x20000000   0x08006a54   0x0000007c   Data   RW          231    .data               foc_control.o
    0x2000007c   0x08006ad0   0x00000004   Data   RW          506    .data               adc.o
    0x20000080   0x08006ad4   0x0000000c   Data   RW         1535    .data               stm32g4xx_hal.o
    0x2000008c   0x08006ae0   0x00000004   Data   RW         5441    .data               system_stm32g4xx.o
    0x20000090        -       0x000000d8   Zero   RW          505    .bss                adc.o
    0x20000168        -       0x00000064   Zero   RW          693    .bss                fdcan.o
    0x200001cc        -       0x000001ec   Zero   RW          737    .bss                spi.o
    0x200003b8        -       0x00000098   Zero   RW          791    .bss                tim.o
    0x20000450        -       0x000000f4   Zero   RW          843    .bss                usart.o
    0x20000544        -       0x00000060   Zero   RW         5572    .bss                c_w.l(libspace.o)
    0x200005a4   0x08006ae4   0x00000004   PAD
    0x200005a8        -       0x00000200   Zero   RW            2    HEAP                startup_stm32g474xx.o
    0x200007a8        -       0x00000400   Zero   RW            1    STACK               startup_stm32g474xx.o


==============================================================================

Image component sizes


      Code (inc. data)   RO Data    RW Data    ZI Data      Debug   Object Name

       624         46          0          4        216     942375   adc.o
        92          4          0          0          0        786   dma.o
       236         18          0          0        100       1683   fdcan.o
       112         10          0          0          0       1356   foc_can.o
      2558        244          0        124          0      22728   foc_control.o
       224         14          0          0          0        959   gpio.o
       220          4          0          0          0     889621   main.o
       580         56          0          0        492       3089   spi.o
        64         26        472          0       1536        832   startup_stm32g474xx.o
       162         24          0         12          0       4109   stm32g4xx_hal.o
      2788        166          0          0          0      78869   stm32g4xx_hal_adc.o
      2294        130          0          0          0      77608   stm32g4xx_hal_adc_ex.o
       198         14          0          0          0      33351   stm32g4xx_hal_cortex.o
       928         30          0          0          0       5874   stm32g4xx_hal_dma.o
      1188         30         16          0          0      11618   stm32g4xx_hal_fdcan.o
       574         32          0          0          0       2008   stm32g4xx_hal_gpio.o
        48          6          0          0          0        822   stm32g4xx_hal_msp.o
       204         18          0          0          0       1349   stm32g4xx_hal_pwr_ex.o
      1684         88          0          0          0       5932   stm32g4xx_hal_rcc.o
       768         10          0          0          0       1860   stm32g4xx_hal_rcc_ex.o
      2426         38          0          0          0      12653   stm32g4xx_hal_spi.o
      2966        334          0          0          0      17114   stm32g4xx_hal_tim.o
       366         48          0          0          0       5972   stm32g4xx_hal_tim_ex.o
      2186         90         24          0          0      28268   stm32g4xx_hal_uart.o
       288          6         16          0          0       4982   stm32g4xx_hal_uart_ex.o
       140         60          0          0          0       8571   stm32g4xx_it.o
        16          4         24          4          0       1071   system_stm32g4xx.o
       548         42          0          0        152       3081   tim.o
       296         30          0          0        244       1773   usart.o

    ----------------------------------------------------------------------
     24814       1622        586        144       2740    2170314   Object Totals
         0          0         32          0          0          0   (incl. Generated)
        36          0          2          0          0          0   (incl. Padding)

    ----------------------------------------------------------------------

      Code (inc. data)   RO Data    RW Data    ZI Data      Debug   Library Member Name

         8          0          0          0          0         68   __main.o
         0          0          0          0          0          0   __rtentry.o
        12          0          0          0          0          0   __rtentry2.o
         6          0          0          0          0          0   __rtentry4.o
        52          8          0          0          0          0   __scatter.o
        26          0          0          0          0          0   __scatter_copy.o
        28          0          0          0          0          0   __scatter_zi.o
        22          0          0          0          0        100   _rserrno.o
        12          0          0          0          0         72   exit.o
         6          0          0          0          0        152   heapauxi.o
         0          0          0          0          0          0   indicate_semi.o
         2          0          0          0          0          0   libinit.o
         6          0          0          0          0          0   libinit2.o
         2          0          0          0          0          0   libshutdown.o
         2          0          0          0          0          0   libshutdown2.o
         8          4          0          0         96         68   libspace.o
       238          0          0          0          0        100   lludivv7m.o
         8          4          0          0          0         68   rt_errno_addr_intlibspace.o
        78          0          0          0          0         80   rt_memclr_w.o
         2          0          0          0          0          0   rtexit.o
        10          0          0          0          0          0   rtexit2.o
        12          4          0          0          0         68   sys_exit.o
        74          0          0          0          0         80   sys_stackheap_outer.o
         2          0          0          0          0         68   use_no_semi.o
        10          0          0          0          0        116   fpinit.o
         0          0          0          0          0          0   usenofp.o
       336         56          0          0          0        136   cosf.o
        38          0          0          0          0        116   fpclassifyf.o
        38         12          0          0          0        348   funder.o
       340         24         32          0          0        160   rredf.o
       400         56          0          0          0        212   sinf.o

    ----------------------------------------------------------------------
      1788        168         32          0        100       2012   Library Totals
        10          0          0          0          4          0   (incl. Padding)

    ----------------------------------------------------------------------

      Code (inc. data)   RO Data    RW Data    ZI Data      Debug   Library Name

       616         20          0          0         96        924   c_w.l
        10          0          0          0          0        116   fz_wm.l
      1152        148         32          0          0        972   m_wm.l

    ----------------------------------------------------------------------
      1788        168         32          0        100       2012   Library Totals

    ----------------------------------------------------------------------

==============================================================================


      Code (inc. data)   RO Data    RW Data    ZI Data      Debug   

     26602       1790        618        144       2840    2152162   Grand Totals
     26602       1790        618        144       2840    2152162   ELF Image Totals
     26602       1790        618        144          0          0   ROM Totals

==============================================================================

    Total RO  Size (Code + RO Data)                27220 (  26.58kB)
    Total RW  Size (RW Data + ZI Data)              2984 (   2.91kB)
    Total ROM Size (Code + RO Data + RW Data)      27364 (  26.72kB)

==============================================================================

